
> @personal-pipeline/mcp-server@0.1.0 test
> npm run test:node


> @personal-pipeline/mcp-server@0.1.0 test:node
> tsx --test tests/**/*.test.ts

2025-08-25 17:49:33 [[32minfo[39m]: [32mCache service initialized[39m {
  "strategy": "memory_only",
  "memory_enabled": true,
  "redis_enabled": false,
  "memory_max_keys": 100
}
2025-08-25 17:49:33 [[32minfo[39m]: [32mShutting down cache service[39m
2025-08-25 17:49:33 [[32minfo[39m]: [32mCache service shutdown completed[39m
2025-08-25 17:49:33 [[32minfo[39m]: [32mCache service initialized[39m {
  "strategy": "memory_only",
  "memory_enabled": true,
  "redis_enabled": false,
  "memory_max_keys": 100
}
2025-08-25 17:49:33 [[32minfo[39m]: [32mShutting down cache service[39m
2025-08-25 17:49:33 [[32minfo[39m]: [32mCache service shutdown completed[39m
2025-08-25 17:49:33 [[32minfo[39m]: [32mCache service initialized[39m {
  "strategy": "memory_only",
  "memory_enabled": true,
  "redis_enabled": false,
  "memory_max_keys": 100
}
2025-08-25 17:49:33 [[32minfo[39m]: [32mCache service initialized[39m {
  "strategy": "memory_only",
  "memory_enabled": true,
  "redis_enabled": false,
  "memory_max_keys": 100
}
2025-08-25 17:49:33 [[32minfo[39m]: [32mShutting down cache service[39m
2025-08-25 17:49:33 [[32minfo[39m]: [32mCache service shutdown completed[39m
2025-08-25 17:49:33 [[32minfo[39m]: [32mShutting down cache service[39m
2025-08-25 17:49:33 [[32minfo[39m]: [32mCache service shutdown completed[39m
2025-08-25 17:49:33 [[32minfo[39m]: [32mCache service initialized[39m {
  "strategy": "memory_only",
  "memory_enabled": true,
  "redis_enabled": false,
  "memory_max_keys": 100
}
2025-08-25 17:49:33 [[37mdebug[39m]: [37mMemory cache SET[39m {
  "key": "runbooks:test-runbook-1"
}
2025-08-25 17:49:33 [[37mdebug[39m]: [37mCache SET[39m {
  "key": "runbooks:test-runbook-1",
  "type": "runbooks",
  "ttl": 3600
}
2025-08-25 17:49:33 [[37mdebug[39m]: [37mCache HIT (memory)[39m {
  "key": "runbooks:test-runbook-1",
  "type": "runbooks",
  "responseTime": 0
}
2025-08-25 17:49:33 [[32minfo[39m]: [32mShutting down cache service[39m
2025-08-25 17:49:33 [[32minfo[39m]: [32mCache service shutdown completed[39m
2025-08-25 17:49:33 [[32minfo[39m]: [32mCache service initialized[39m {
  "strategy": "memory_only",
  "memory_enabled": true,
  "redis_enabled": false,
  "memory_max_keys": 100
}
2025-08-25 17:49:33 [[37mdebug[39m]: [37mCache MISS[39m {
  "key": "runbooks:non-existent-key",
  "type": "runbooks",
  "responseTime": 0
}
2025-08-25 17:49:33 [[32minfo[39m]: [32mShutting down cache service[39m
2025-08-25 17:49:33 [[32minfo[39m]: [32mCache service shutdown completed[39m
2025-08-25 17:49:33 [[32minfo[39m]: [32mCache service initialized[39m {
  "strategy": "memory_only",
  "memory_enabled": true,
  "redis_enabled": false,
  "memory_max_keys": 100
}
2025-08-25 17:49:33 [[37mdebug[39m]: [37mMemory cache SET[39m {
  "key": "procedures:test-procedure"
}
2025-08-25 17:49:33 [[37mdebug[39m]: [37mCache SET[39m {
  "key": "procedures:test-procedure",
  "type": "procedures",
  "ttl": 1800
}
2025-08-25 17:49:33 [[37mdebug[39m]: [37mCache HIT (memory)[39m {
  "key": "procedures:test-procedure",
  "type": "procedures",
  "responseTime": 0
}
2025-08-25 17:49:33 [[37mdebug[39m]: [37mMemory cache DEL[39m {
  "key": "procedures:test-procedure"
}
2025-08-25 17:49:33 [[37mdebug[39m]: [37mCache DELETE[39m {
  "key": "procedures:test-procedure",
  "type": "procedures"
}
2025-08-25 17:49:33 [[37mdebug[39m]: [37mCache MISS[39m {
  "key": "procedures:test-procedure",
  "type": "procedures",
  "responseTime": 0
}
2025-08-25 17:49:33 [[32minfo[39m]: [32mShutting down cache service[39m
2025-08-25 17:49:33 [[32minfo[39m]: [32mCache service shutdown completed[39m
2025-08-25 17:49:33 [[32minfo[39m]: [32mCache service initialized[39m {
  "strategy": "memory_only",
  "memory_enabled": true,
  "redis_enabled": false,
  "memory_max_keys": 100
}
2025-08-25 17:49:33 [[37mdebug[39m]: [37mMemory cache SET[39m {
  "key": "runbooks:test-runbook"
}
2025-08-25 17:49:33 [[37mdebug[39m]: [37mCache SET[39m {
  "key": "runbooks:test-runbook",
  "type": "runbooks",
  "ttl": 3600
}
2025-08-25 17:49:33 [[37mdebug[39m]: [37mMemory cache SET[39m {
  "key": "procedures:test-procedure"
}
2025-08-25 17:49:33 [[37mdebug[39m]: [37mCache SET[39m {
  "key": "procedures:test-procedure",
  "type": "procedures",
  "ttl": 1800
}
2025-08-25 17:49:33 [[37mdebug[39m]: [37mCache HIT (memory)[39m {
  "key": "runbooks:test-runbook",
  "type": "runbooks",
  "responseTime": 0
}
2025-08-25 17:49:33 [[37mdebug[39m]: [37mCache HIT (memory)[39m {
  "key": "procedures:test-procedure",
  "type": "procedures",
  "responseTime": 0
}
2025-08-25 17:49:33 [[32minfo[39m]: [32mShutting down cache service[39m
2025-08-25 17:49:33 [[32minfo[39m]: [32mCache service shutdown completed[39m
2025-08-25 17:49:33 [[32minfo[39m]: [32mCache service initialized[39m {
  "strategy": "memory_only",
  "memory_enabled": true,
  "redis_enabled": false,
  "memory_max_keys": 100
}
2025-08-25 17:49:33 [[37mdebug[39m]: [37mMemory cache SET[39m {
  "key": "runbooks:runbook-1"
}
2025-08-25 17:49:33 [[37mdebug[39m]: [37mCache SET[39m {
  "key": "runbooks:runbook-1",
  "type": "runbooks",
  "ttl": 3600
}
2025-08-25 17:49:33 [[37mdebug[39m]: [37mMemory cache SET[39m {
  "key": "runbooks:runbook-2"
}
2025-08-25 17:49:33 [[37mdebug[39m]: [37mCache SET[39m {
  "key": "runbooks:runbook-2",
  "type": "runbooks",
  "ttl": 3600
}
2025-08-25 17:49:33 [[37mdebug[39m]: [37mMemory cache SET[39m {
  "key": "procedures:procedure-1"
}
2025-08-25 17:49:33 [[37mdebug[39m]: [37mCache SET[39m {
  "key": "procedures:procedure-1",
  "type": "procedures",
  "ttl": 1800
}
2025-08-25 17:49:33 [[37mdebug[39m]: [37mCache HIT (memory)[39m {
  "key": "runbooks:runbook-1",
  "type": "runbooks",
  "responseTime": 0
}
2025-08-25 17:49:33 [[37mdebug[39m]: [37mCache HIT (memory)[39m {
  "key": "runbooks:runbook-2",
  "type": "runbooks",
  "responseTime": 0
}
2025-08-25 17:49:33 [[37mdebug[39m]: [37mCache HIT (memory)[39m {
  "key": "procedures:procedure-1",
  "type": "procedures",
  "responseTime": 0
}
2025-08-25 17:49:33 [[37mdebug[39m]: [37mCache MISS[39m {
  "key": "runbooks:non-existent",
  "type": "runbooks",
  "responseTime": 0
}
2025-08-25 17:49:33 [[32minfo[39m]: [32mShutting down cache service[39m
2025-08-25 17:49:33 [[32minfo[39m]: [32mCache service shutdown completed[39m
2025-08-25 17:49:33 [[32minfo[39m]: [32mCache service initialized[39m {
  "strategy": "memory_only",
  "memory_enabled": true,
  "redis_enabled": false,
  "memory_max_keys": 100
}
2025-08-25 17:49:33 [[37mdebug[39m]: [37mMemory cache SET[39m {
  "key": "runbooks:rb1"
}
2025-08-25 17:49:33 [[37mdebug[39m]: [37mCache SET[39m {
  "key": "runbooks:rb1",
  "type": "runbooks",
  "ttl": 3600
}
2025-08-25 17:49:33 [[37mdebug[39m]: [37mMemory cache SET[39m {
  "key": "procedures:proc1"
}
2025-08-25 17:49:33 [[37mdebug[39m]: [37mCache SET[39m {
  "key": "procedures:proc1",
  "type": "procedures",
  "ttl": 1800
}
2025-08-25 17:49:33 [[37mdebug[39m]: [37mMemory cache SET[39m {
  "key": "decision_trees:dt1"
}
2025-08-25 17:49:33 [[37mdebug[39m]: [37mCache SET[39m {
  "key": "decision_trees:dt1",
  "type": "decision_trees",
  "ttl": 2400
}
2025-08-25 17:49:33 [[37mdebug[39m]: [37mCache HIT (memory)[39m {
  "key": "runbooks:rb1",
  "type": "runbooks",
  "responseTime": 0
}
2025-08-25 17:49:33 [[32minfo[39m]: [32mCache cleared completely[39m
2025-08-25 17:49:33 [[37mdebug[39m]: [37mCache MISS[39m {
  "key": "runbooks:rb1",
  "type": "runbooks",
  "responseTime": 0
}
2025-08-25 17:49:33 [[37mdebug[39m]: [37mCache MISS[39m {
  "key": "procedures:proc1",
  "type": "procedures",
  "responseTime": 0
}
2025-08-25 17:49:33 [[37mdebug[39m]: [37mCache MISS[39m {
  "key": "decision_trees:dt1",
  "type": "decision_trees",
  "responseTime": 0
}
2025-08-25 17:49:33 [[32minfo[39m]: [32mShutting down cache service[39m
2025-08-25 17:49:33 [[32minfo[39m]: [32mCache service shutdown completed[39m
2025-08-25 17:49:33 [[32minfo[39m]: [32mCache service initialized[39m {
  "strategy": "memory_only",
  "memory_enabled": true,
  "redis_enabled": false,
  "memory_max_keys": 100
}
2025-08-25 17:49:33 [[37mdebug[39m]: [37mMemory cache SET[39m {
  "key": "runbooks:rb1"
}
2025-08-25 17:49:33 [[37mdebug[39m]: [37mCache SET[39m {
  "key": "runbooks:rb1",
  "type": "runbooks",
  "ttl": 3600
}
2025-08-25 17:49:33 [[37mdebug[39m]: [37mMemory cache SET[39m {
  "key": "runbooks:rb2"
}
2025-08-25 17:49:33 [[37mdebug[39m]: [37mCache SET[39m {
  "key": "runbooks:rb2",
  "type": "runbooks",
  "ttl": 3600
}
2025-08-25 17:49:33 [[37mdebug[39m]: [37mMemory cache SET[39m {
  "key": "procedures:proc1"
}
2025-08-25 17:49:33 [[37mdebug[39m]: [37mCache SET[39m {
  "key": "procedures:proc1",
  "type": "procedures",
  "ttl": 1800
}
2025-08-25 17:49:33 [[37mdebug[39m]: [37mMemory cache DEL[39m {
  "key": "runbooks:rb1"
}
2025-08-25 17:49:33 [[37mdebug[39m]: [37mMemory cache DEL[39m {
  "key": "runbooks:rb2"
}
2025-08-25 17:49:33 [[32minfo[39m]: [32mCache cleared by type[39m {
  "contentType": "runbooks",
  "memoryKeysDeleted": 2
}
2025-08-25 17:49:33 [[37mdebug[39m]: [37mCache MISS[39m {
  "key": "runbooks:rb1",
  "type": "runbooks",
  "responseTime": 0
}
2025-08-25 17:49:33 [[37mdebug[39m]: [37mCache MISS[39m {
  "key": "runbooks:rb2",
  "type": "runbooks",
  "responseTime": 0
}
2025-08-25 17:49:33 [[37mdebug[39m]: [37mCache HIT (memory)[39m {
  "key": "procedures:proc1",
  "type": "procedures",
  "responseTime": 0
}
2025-08-25 17:49:33 [[32minfo[39m]: [32mShutting down cache service[39m
2025-08-25 17:49:33 [[32minfo[39m]: [32mCache service shutdown completed[39m
2025-08-25 17:49:33 [[32minfo[39m]: [32mCache service initialized[39m {
  "strategy": "memory_only",
  "memory_enabled": true,
  "redis_enabled": false,
  "memory_max_keys": 100
}
2025-08-25 17:49:33 [[37mdebug[39m]: [37mMemory cache SET[39m {
  "key": "health_check_test"
}
2025-08-25 17:49:33 [[37mdebug[39m]: [37mMemory cache DEL[39m {
  "key": "health_check_test"
}
2025-08-25 17:49:33 [[32minfo[39m]: [32mShutting down cache service[39m
2025-08-25 17:49:33 [[32minfo[39m]: [32mCache service shutdown completed[39m
2025-08-25 17:49:33 [[32minfo[39m]: [32mCache service initialized[39m {
  "strategy": "memory_only",
  "memory_enabled": true,
  "redis_enabled": false,
  "memory_max_keys": 100
}
2025-08-25 17:49:33 [[37mdebug[39m]: [37mMemory cache SET[39m {
  "key": "health_check_test"
}
2025-08-25 17:49:33 [[37mdebug[39m]: [37mMemory cache DEL[39m {
  "key": "health_check_test"
}
2025-08-25 17:49:33 [[32minfo[39m]: [32mShutting down cache service[39m
2025-08-25 17:49:33 [[32minfo[39m]: [32mCache service shutdown completed[39m
2025-08-25 17:49:33 [[32minfo[39m]: [32mCache service initialized[39m {
  "strategy": "memory_only",
  "memory_enabled": true,
  "redis_enabled": false,
  "memory_max_keys": 100
}
2025-08-25 17:49:33 [[32minfo[39m]: [32mStarting cache warming[39m {
  "itemCount": 2
}
2025-08-25 17:49:33 [[37mdebug[39m]: [37mMemory cache SET[39m {
  "key": "runbooks:critical-rb-1"
}
2025-08-25 17:49:33 [[37mdebug[39m]: [37mCache SET[39m {
  "key": "runbooks:critical-rb-1",
  "type": "runbooks",
  "ttl": 3600
}
2025-08-25 17:49:33 [[37mdebug[39m]: [37mMemory cache SET[39m {
  "key": "decision_trees:critical-dt-1"
}
2025-08-25 17:49:33 [[37mdebug[39m]: [37mCache SET[39m {
  "key": "decision_trees:critical-dt-1",
  "type": "decision_trees",
  "ttl": 2400
}
2025-08-25 17:49:33 [[32minfo[39m]: [32mCache warming completed[39m {
  "itemCount": 2
}
2025-08-25 17:49:33 [[37mdebug[39m]: [37mCache HIT (memory)[39m {
  "key": "runbooks:critical-rb-1",
  "type": "runbooks",
  "responseTime": 0
}
2025-08-25 17:49:33 [[37mdebug[39m]: [37mCache HIT (memory)[39m {
  "key": "decision_trees:critical-dt-1",
  "type": "decision_trees",
  "responseTime": 0
}
2025-08-25 17:49:33 [[32minfo[39m]: [32mShutting down cache service[39m
2025-08-25 17:49:33 [[32minfo[39m]: [32mCache service shutdown completed[39m
2025-08-25 17:49:33 [[32minfo[39m]: [32mCache service initialized[39m {
  "strategy": "memory_only",
  "memory_enabled": true,
  "redis_enabled": false,
  "memory_max_keys": 100
}
2025-08-25 17:49:33 [[32minfo[39m]: [32mStarting cache warming[39m {
  "itemCount": 2
}
2025-08-25 17:49:33 [[37mdebug[39m]: [37mMemory cache SET[39m {
  "key": "runbooks:valid-rb"
}
2025-08-25 17:49:33 [[37mdebug[39m]: [37mCache SET[39m {
  "key": "runbooks:valid-rb",
  "type": "runbooks",
  "ttl": 3600
}
2025-08-25 17:49:33 [[37mdebug[39m]: [37mMemory cache SET[39m {
  "key": "procedures:test-proc"
}
2025-08-25 17:49:33 [[37mdebug[39m]: [37mCache SET[39m {
  "key": "procedures:test-proc",
  "type": "procedures",
  "ttl": 1800
}
2025-08-25 17:49:33 [[32minfo[39m]: [32mCache warming completed[39m {
  "itemCount": 2
}
2025-08-25 17:49:33 [[37mdebug[39m]: [37mCache HIT (memory)[39m {
  "key": "runbooks:valid-rb",
  "type": "runbooks",
  "responseTime": 0
}
2025-08-25 17:49:33 [[32minfo[39m]: [32mShutting down cache service[39m
2025-08-25 17:49:33 [[32minfo[39m]: [32mCache service shutdown completed[39m
2025-08-25 17:49:33 [[32minfo[39m]: [32mCache service initialized[39m {
  "strategy": "memory_only",
  "memory_enabled": true,
  "redis_enabled": false,
  "memory_max_keys": 100
}
2025-08-25 17:49:33 [[32minfo[39m]: [32mCache service initialized[39m {
  "strategy": "memory_only",
  "memory_enabled": true,
  "redis_enabled": false,
  "memory_max_keys": 100
}
2025-08-25 17:49:33 [[32minfo[39m]: [32mShutting down cache service[39m
2025-08-25 17:49:33 [[32minfo[39m]: [32mCache service shutdown completed[39m
2025-08-25 17:49:33 [[32minfo[39m]: [32mShutting down cache service[39m
2025-08-25 17:49:33 [[32minfo[39m]: [32mCache service shutdown completed[39m
2025-08-25 17:49:33 [[32minfo[39m]: [32mCache service initialized[39m {
  "strategy": "memory_only",
  "memory_enabled": true,
  "redis_enabled": false,
  "memory_max_keys": 100
}
2025-08-25 17:49:33 [[37mdebug[39m]: [37mMemory cache SET[39m {
  "key": "runbooks:test-reliability"
}
2025-08-25 17:49:33 [[37mdebug[39m]: [37mCache SET[39m {
  "key": "runbooks:test-reliability",
  "type": "runbooks",
  "ttl": 3600
}
2025-08-25 17:49:33 [[37mdebug[39m]: [37mCache HIT (memory)[39m {
  "key": "runbooks:test-reliability",
  "type": "runbooks",
  "responseTime": 0
}
2025-08-25 17:49:33 [[32minfo[39m]: [32mShutting down cache service[39m
2025-08-25 17:49:33 [[32minfo[39m]: [32mCache service shutdown completed[39m
2025-08-25 17:49:33 [[32minfo[39m]: [32mCache service initialized[39m {
  "strategy": "memory_only",
  "memory_enabled": true,
  "redis_enabled": false,
  "memory_max_keys": 100
}
2025-08-25 17:49:33 [[37mdebug[39m]: [37mMemory cache SET[39m {
  "key": "runbooks:rb1"
}
2025-08-25 17:49:33 [[37mdebug[39m]: [37mCache SET[39m {
  "key": "runbooks:rb1",
  "type": "runbooks",
  "ttl": 3600
}
2025-08-25 17:49:33 [[37mdebug[39m]: [37mMemory cache SET[39m {
  "key": "procedures:proc1"
}
2025-08-25 17:49:33 [[37mdebug[39m]: [37mCache SET[39m {
  "key": "procedures:proc1",
  "type": "procedures",
  "ttl": 1800
}
2025-08-25 17:49:33 [[37mdebug[39m]: [37mCache HIT (memory)[39m {
  "key": "runbooks:rb1",
  "type": "runbooks",
  "responseTime": 0
}
2025-08-25 17:49:33 [[37mdebug[39m]: [37mCache HIT (memory)[39m {
  "key": "procedures:proc1",
  "type": "procedures",
  "responseTime": 0
}
2025-08-25 17:49:33 [[37mdebug[39m]: [37mCache MISS[39m {
  "key": "runbooks:rb2",
  "type": "runbooks",
  "responseTime": 0
}
2025-08-25 17:49:33 [[32minfo[39m]: [32mShutting down cache service[39m
2025-08-25 17:49:33 [[32minfo[39m]: [32mCache service shutdown completed[39m
2025-08-25 17:49:33 [[32minfo[39m]: [32mCache service initialized[39m {
  "strategy": "memory_only",
  "memory_enabled": true,
  "redis_enabled": false,
  "memory_max_keys": 100
}
2025-08-25 17:49:33 [[37mdebug[39m]: [37mMemory cache SET[39m {
  "key": "runbooks:rb-0"
}
2025-08-25 17:49:33 [[37mdebug[39m]: [37mCache SET[39m {
  "key": "runbooks:rb-0",
  "type": "runbooks",
  "ttl": 3600
}
2025-08-25 17:49:33 [[37mdebug[39m]: [37mMemory cache SET[39m {
  "key": "runbooks:rb-1"
}
2025-08-25 17:49:33 [[37mdebug[39m]: [37mCache SET[39m {
  "key": "runbooks:rb-1",
  "type": "runbooks",
  "ttl": 3600
}
2025-08-25 17:49:33 [[37mdebug[39m]: [37mMemory cache SET[39m {
  "key": "runbooks:rb-2"
}
2025-08-25 17:49:33 [[37mdebug[39m]: [37mCache SET[39m {
  "key": "runbooks:rb-2",
  "type": "runbooks",
  "ttl": 3600
}
2025-08-25 17:49:33 [[37mdebug[39m]: [37mMemory cache SET[39m {
  "key": "runbooks:rb-3"
}
2025-08-25 17:49:33 [[37mdebug[39m]: [37mCache SET[39m {
  "key": "runbooks:rb-3",
  "type": "runbooks",
  "ttl": 3600
}
2025-08-25 17:49:33 [[37mdebug[39m]: [37mMemory cache SET[39m {
  "key": "runbooks:rb-4"
}
2025-08-25 17:49:33 [[37mdebug[39m]: [37mCache SET[39m {
  "key": "runbooks:rb-4",
  "type": "runbooks",
  "ttl": 3600
}
2025-08-25 17:49:33 [[37mdebug[39m]: [37mMemory cache SET[39m {
  "key": "runbooks:rb-5"
}
2025-08-25 17:49:33 [[37mdebug[39m]: [37mCache SET[39m {
  "key": "runbooks:rb-5",
  "type": "runbooks",
  "ttl": 3600
}
2025-08-25 17:49:33 [[37mdebug[39m]: [37mMemory cache SET[39m {
  "key": "runbooks:rb-6"
}
2025-08-25 17:49:33 [[37mdebug[39m]: [37mCache SET[39m {
  "key": "runbooks:rb-6",
  "type": "runbooks",
  "ttl": 3600
}
2025-08-25 17:49:33 [[37mdebug[39m]: [37mMemory cache SET[39m {
  "key": "runbooks:rb-7"
}
2025-08-25 17:49:33 [[37mdebug[39m]: [37mCache SET[39m {
  "key": "runbooks:rb-7",
  "type": "runbooks",
  "ttl": 3600
}
2025-08-25 17:49:33 [[37mdebug[39m]: [37mMemory cache SET[39m {
  "key": "runbooks:rb-8"
}
2025-08-25 17:49:33 [[37mdebug[39m]: [37mCache SET[39m {
  "key": "runbooks:rb-8",
  "type": "runbooks",
  "ttl": 3600
}
2025-08-25 17:49:33 [[37mdebug[39m]: [37mMemory cache SET[39m {
  "key": "runbooks:rb-9"
}
2025-08-25 17:49:33 [[37mdebug[39m]: [37mCache SET[39m {
  "key": "runbooks:rb-9",
  "type": "runbooks",
  "ttl": 3600
}
2025-08-25 17:49:33 [[37mdebug[39m]: [37mCache HIT (memory)[39m {
  "key": "runbooks:rb-0",
  "type": "runbooks",
  "responseTime": 0
}
2025-08-25 17:49:33 [[37mdebug[39m]: [37mCache HIT (memory)[39m {
  "key": "runbooks:rb-1",
  "type": "runbooks",
  "responseTime": 0
}
2025-08-25 17:49:33 [[37mdebug[39m]: [37mCache HIT (memory)[39m {
  "key": "runbooks:rb-2",
  "type": "runbooks",
  "responseTime": 0
}
2025-08-25 17:49:33 [[37mdebug[39m]: [37mCache HIT (memory)[39m {
  "key": "runbooks:rb-3",
  "type": "runbooks",
  "responseTime": 0
}
2025-08-25 17:49:33 [[37mdebug[39m]: [37mCache HIT (memory)[39m {
  "key": "runbooks:rb-4",
  "type": "runbooks",
  "responseTime": 0
}
2025-08-25 17:49:33 [[37mdebug[39m]: [37mCache MISS[39m {
  "key": "runbooks:rb-10",
  "type": "runbooks",
  "responseTime": 0
}
2025-08-25 17:49:33 [[37mdebug[39m]: [37mCache MISS[39m {
  "key": "runbooks:rb-11",
  "type": "runbooks",
  "responseTime": 0
}
2025-08-25 17:49:33 [[37mdebug[39m]: [37mCache MISS[39m {
  "key": "runbooks:rb-12",
  "type": "runbooks",
  "responseTime": 0
}
2025-08-25 17:49:33 [[37mdebug[39m]: [37mCache MISS[39m {
  "key": "runbooks:rb-13",
  "type": "runbooks",
  "responseTime": 0
}
2025-08-25 17:49:33 [[37mdebug[39m]: [37mCache MISS[39m {
  "key": "runbooks:rb-14",
  "type": "runbooks",
  "responseTime": 0
}
2025-08-25 17:49:33 [[32minfo[39m]: [32mShutting down cache service[39m
2025-08-25 17:49:33 [[32minfo[39m]: [32mCache service shutdown completed[39m
▶ Cache Service Integration Tests
  ▶ Cache Service Initialization
    ✔ should initialize with memory-only strategy (2.89325ms)
    ✔ should have Redis disabled in memory-only mode (0.359458ms)
    ✔ should handle disabled cache (0.86775ms)
  ✔ Cache Service Initialization (4.438167ms)
  ▶ Basic Cache Operations
    ✔ should set and get values from memory cache (0.954167ms)
    ✔ should return null for non-existent keys (0.245542ms)
    ✔ should delete cached values (0.391083ms)
  ✔ Basic Cache Operations (1.696459ms)
  ▶ Content Type Specific Caching
    ✔ should use different TTLs for different content types (0.483834ms)
    ✔ should track statistics by content type (0.433292ms)
  ✔ Content Type Specific Caching (0.986208ms)
  ▶ Clear Operations
    ✔ should clear all cache entries (0.569416ms)
    ✔ should clear cache entries by content type (0.5215ms)
  ✔ Clear Operations (1.13525ms)
  ▶ Health Check
    ✔ should perform health check successfully (0.271083ms)
    ✔ should not include Redis in health check for memory-only mode (0.183375ms)
  ✔ Health Check (0.485292ms)
  ▶ Cache Warming
    ✔ should warm cache with critical data (0.568333ms)
    ✔ should handle errors during cache warming gracefully (1.120625ms)
  ✔ Cache Warming (1.747167ms)
  ▶ Error Handling
    ✔ should handle disabled cache gracefully (0.243208ms)
    ✔ should handle memory cache operations reliably (0.207167ms)
  ✔ Error Handling (0.490375ms)
  ▶ Statistics and Monitoring
    ✔ should provide accurate cache statistics (0.443917ms)
    ✔ should track performance across multiple operations (0.613ms)
  ✔ Statistics and Monitoring (1.093625ms)
✔ Cache Service Integration Tests (12.436541ms)
2025-08-25 17:49:33 [[37mdebug[39m]: [37mRedis connection state changed[39m {
  "oldState": "disconnected",
  "newState": "connecting",
  "consecutiveFailures": 0
}
2025-08-25 17:49:33 [[37mdebug[39m]: [37mRedis connection state changed[39m {
  "oldState": "disconnected",
  "newState": "connecting"
}
2025-08-25 17:49:33 [[37mdebug[39m]: [37mCircuit breaker initialized[39m {
  "name": "cache_redis",
  "failureThreshold": 3,
  "recoveryTimeout": 30000
}
2025-08-25 17:49:33 [[32minfo[39m]: [32mCircuit breaker created for cache[39m {
  "cacheName": "redis",
  "config": {
    "failureThreshold": 3,
    "recoveryTimeout": 30000,
    "monitoringWindow": 120000,
    "successThreshold": 2,
    "timeout": 5000,
    "name": "cache_redis"
  }
}
2025-08-25 17:49:33 [[32minfo[39m]: [32mCache service initialized[39m {
  "strategy": "hybrid",
  "memory_enabled": true,
  "redis_enabled": true,
  "memory_max_keys": 50
}
2025-08-25 17:49:33 [[37mdebug[39m]: [37mRedis client connected[39m
2025-08-25 17:49:33 [[37mdebug[39m]: [37mRedis client ready[39m
2025-08-25 17:49:33 [[37mdebug[39m]: [37mRedis connection state changed[39m {
  "oldState": "connecting",
  "newState": "connected",
  "consecutiveFailures": 0
}
2025-08-25 17:49:33 [[37mdebug[39m]: [37mRedis connection state changed[39m {
  "oldState": "connecting",
  "newState": "connected"
}
2025-08-25 17:49:33 [[32minfo[39m]: [32mRedis connection established[39m {
  "totalAttempts": 1,
  "successfulConnections": 1
}
2025-08-25 17:49:33 [[32minfo[39m]: [32mRedis cache connected successfully[39m
2025-08-25 17:49:33 [[32minfo[39m]: [32mRedis connection established[39m {
  "totalAttempts": 1,
  "successfulConnections": 2
}
2025-08-25 17:49:33 [[32minfo[39m]: [32mRedis cache connected successfully[39m
2025-08-25 17:49:33 [[32minfo[39m]: [32mShutting down cache service[39m
2025-08-25 17:49:33 [[37mdebug[39m]: [37mRedis connection state changed[39m {
  "oldState": "connected",
  "newState": "disconnected",
  "consecutiveFailures": 0
}
2025-08-25 17:49:33 [[37mdebug[39m]: [37mRedis connection state changed[39m {
  "oldState": "connected",
  "newState": "disconnected"
}
2025-08-25 17:49:33 [[32minfo[39m]: [32mCache service shutdown completed[39m
2025-08-25 17:49:33 [[37mdebug[39m]: [37mRedis connection state changed[39m {
  "oldState": "disconnected",
  "newState": "connecting",
  "consecutiveFailures": 0
}
2025-08-25 17:49:33 [[37mdebug[39m]: [37mRedis connection state changed[39m {
  "oldState": "disconnected",
  "newState": "connecting"
}
2025-08-25 17:49:33 [[32minfo[39m]: [32mCache service initialized[39m {
  "strategy": "hybrid",
  "memory_enabled": true,
  "redis_enabled": true,
  "memory_max_keys": 50
}
▶ Redis Cache Integration Tests
  ▶ Redis Connection Failure Handling
    ✔ should gracefully handle Redis connection failure (105.713541ms)
2025-08-25 17:49:33 [[37mdebug[39m]: [37mRedis connection closed[39m {
  "state": "disconnected",
  "wasConnected": false
}
2025-08-25 17:49:33 [[37mdebug[39m]: [37mRedis connection ended[39m
2025-08-25 17:49:33 [[37mdebug[39m]: [37mRedis client connected[39m
2025-08-25 17:49:33 [[37mdebug[39m]: [37mRedis client ready[39m
2025-08-25 17:49:33 [[37mdebug[39m]: [37mRedis connection state changed[39m {
  "oldState": "connecting",
  "newState": "connected",
  "consecutiveFailures": 0
}
2025-08-25 17:49:33 [[37mdebug[39m]: [37mRedis connection state changed[39m {
  "oldState": "connecting",
  "newState": "connected"
}
2025-08-25 17:49:33 [[32minfo[39m]: [32mRedis connection established[39m {
  "totalAttempts": 1,
  "successfulConnections": 1
}
2025-08-25 17:49:33 [[32minfo[39m]: [32mRedis cache connected successfully[39m
2025-08-25 17:49:33 [[32minfo[39m]: [32mRedis connection established[39m {
  "totalAttempts": 1,
  "successfulConnections": 2
}
2025-08-25 17:49:33 [[32minfo[39m]: [32mRedis cache connected successfully[39m
2025-08-25 17:49:33 [[37mdebug[39m]: [37mMemory cache SET[39m {
  "key": "runbooks:redis-fallback-test"
}
2025-08-25 17:49:33 [[37mdebug[39m]: [37mCircuit breaker success[39m {
  "name": "cache_redis",
  "state": "closed",
  "successes": 1
}
2025-08-25 17:49:33 [[37mdebug[39m]: [37mCache SET[39m {
  "key": "runbooks:redis-fallback-test",
  "type": "runbooks",
  "ttl": 1800
}
2025-08-25 17:49:33 [[37mdebug[39m]: [37mCache HIT (memory)[39m {
  "key": "runbooks:redis-fallback-test",
  "type": "runbooks",
  "responseTime": 0
}
2025-08-25 17:49:33 [[32minfo[39m]: [32mShutting down cache service[39m
2025-08-25 17:49:33 [[37mdebug[39m]: [37mRedis connection state changed[39m {
  "oldState": "connected",
  "newState": "disconnected",
  "consecutiveFailures": 0
}
2025-08-25 17:49:33 [[37mdebug[39m]: [37mRedis connection state changed[39m {
  "oldState": "connected",
  "newState": "disconnected"
}
2025-08-25 17:49:33 [[32minfo[39m]: [32mCache service shutdown completed[39m
2025-08-25 17:49:33 [[37mdebug[39m]: [37mRedis connection state changed[39m {
  "oldState": "disconnected",
  "newState": "connecting",
  "consecutiveFailures": 0
}
2025-08-25 17:49:33 [[37mdebug[39m]: [37mRedis connection state changed[39m {
  "oldState": "disconnected",
  "newState": "connecting"
}
2025-08-25 17:49:33 [[32minfo[39m]: [32mCache service initialized[39m {
  "strategy": "hybrid",
  "memory_enabled": true,
  "redis_enabled": true,
  "memory_max_keys": 50
}
    ✔ should fallback to memory-only caching when Redis fails (103.285625ms)
2025-08-25 17:49:33 [[37mdebug[39m]: [37mRedis connection closed[39m {
  "state": "disconnected",
  "wasConnected": false
}
2025-08-25 17:49:33 [[37mdebug[39m]: [37mRedis connection ended[39m
2025-08-25 17:49:33 [[37mdebug[39m]: [37mRedis client connected[39m
2025-08-25 17:49:33 [[37mdebug[39m]: [37mRedis client ready[39m
2025-08-25 17:49:33 [[37mdebug[39m]: [37mRedis connection state changed[39m {
  "oldState": "connecting",
  "newState": "connected",
  "consecutiveFailures": 0
}
2025-08-25 17:49:33 [[37mdebug[39m]: [37mRedis connection state changed[39m {
  "oldState": "connecting",
  "newState": "connected"
}
2025-08-25 17:49:33 [[32minfo[39m]: [32mRedis connection established[39m {
  "totalAttempts": 1,
  "successfulConnections": 1
}
2025-08-25 17:49:33 [[32minfo[39m]: [32mRedis cache connected successfully[39m
2025-08-25 17:49:33 [[32minfo[39m]: [32mRedis connection established[39m {
  "totalAttempts": 1,
  "successfulConnections": 2
}
2025-08-25 17:49:33 [[32minfo[39m]: [32mRedis cache connected successfully[39m
2025-08-25 17:49:33 [[37mdebug[39m]: [37mMemory cache SET[39m {
  "key": "runbooks:rb1"
}
2025-08-25 17:49:33 [[37mdebug[39m]: [37mCircuit breaker success[39m {
  "name": "cache_redis",
  "state": "closed",
  "successes": 2
}
2025-08-25 17:49:33 [[37mdebug[39m]: [37mCache SET[39m {
  "key": "runbooks:rb1",
  "type": "runbooks",
  "ttl": 1800
}
2025-08-25 17:49:33 [[37mdebug[39m]: [37mMemory cache SET[39m {
  "key": "procedures:proc1"
}
2025-08-25 17:49:33 [[37mdebug[39m]: [37mCircuit breaker success[39m {
  "name": "cache_redis",
  "state": "closed",
  "successes": 3
}
2025-08-25 17:49:33 [[37mdebug[39m]: [37mCache SET[39m {
  "key": "procedures:proc1",
  "type": "procedures",
  "ttl": 900
}
2025-08-25 17:49:33 [[37mdebug[39m]: [37mCache HIT (memory)[39m {
  "key": "runbooks:rb1",
  "type": "runbooks",
  "responseTime": 0
}
2025-08-25 17:49:33 [[32minfo[39m]: [32mCache cleared completely[39m
2025-08-25 17:49:33 [[37mdebug[39m]: [37mCircuit breaker success[39m {
  "name": "cache_redis",
  "state": "closed",
  "successes": 4
}
2025-08-25 17:49:33 [[37mdebug[39m]: [37mCache MISS[39m {
  "key": "runbooks:rb1",
  "type": "runbooks",
  "responseTime": 0
}
2025-08-25 17:49:33 [[32minfo[39m]: [32mShutting down cache service[39m
2025-08-25 17:49:33 [[37mdebug[39m]: [37mRedis connection state changed[39m {
  "oldState": "connected",
  "newState": "disconnected",
  "consecutiveFailures": 0
}
2025-08-25 17:49:33 [[37mdebug[39m]: [37mRedis connection state changed[39m {
  "oldState": "connected",
  "newState": "disconnected"
}
2025-08-25 17:49:33 [[32minfo[39m]: [32mCache service shutdown completed[39m
2025-08-25 17:49:33 [[37mdebug[39m]: [37mRedis connection state changed[39m {
  "oldState": "disconnected",
  "newState": "connecting",
  "consecutiveFailures": 0
}
2025-08-25 17:49:33 [[37mdebug[39m]: [37mRedis connection state changed[39m {
  "oldState": "disconnected",
  "newState": "connecting"
}
2025-08-25 17:49:33 [[32minfo[39m]: [32mCache service initialized[39m {
  "strategy": "hybrid",
  "memory_enabled": true,
  "redis_enabled": true,
  "memory_max_keys": 50
}
    ✔ should handle cache clearing when Redis is unavailable (103.039ms)
2025-08-25 17:49:33 [[37mdebug[39m]: [37mRedis connection closed[39m {
  "state": "disconnected",
  "wasConnected": false
}
2025-08-25 17:49:33 [[37mdebug[39m]: [37mRedis connection ended[39m
2025-08-25 17:49:33 [[37mdebug[39m]: [37mRedis client connected[39m
2025-08-25 17:49:33 [[37mdebug[39m]: [37mRedis client ready[39m
2025-08-25 17:49:33 [[37mdebug[39m]: [37mRedis connection state changed[39m {
  "oldState": "connecting",
  "newState": "connected",
  "consecutiveFailures": 0
}
2025-08-25 17:49:33 [[37mdebug[39m]: [37mRedis connection state changed[39m {
  "oldState": "connecting",
  "newState": "connected"
}
2025-08-25 17:49:33 [[32minfo[39m]: [32mRedis connection established[39m {
  "totalAttempts": 1,
  "successfulConnections": 1
}
2025-08-25 17:49:33 [[32minfo[39m]: [32mRedis cache connected successfully[39m
2025-08-25 17:49:33 [[32minfo[39m]: [32mRedis connection established[39m {
  "totalAttempts": 1,
  "successfulConnections": 2
}
2025-08-25 17:49:33 [[32minfo[39m]: [32mRedis cache connected successfully[39m
2025-08-25 17:49:33 [[37mdebug[39m]: [37mMemory cache SET[39m {
  "key": "runbooks:rb1"
}
2025-08-25 17:49:33 [[37mdebug[39m]: [37mCircuit breaker success[39m {
  "name": "cache_redis",
  "state": "closed",
  "successes": 5
}
2025-08-25 17:49:33 [[37mdebug[39m]: [37mCache SET[39m {
  "key": "runbooks:rb1",
  "type": "runbooks",
  "ttl": 1800
}
2025-08-25 17:49:33 [[37mdebug[39m]: [37mMemory cache SET[39m {
  "key": "procedures:proc1"
}
2025-08-25 17:49:33 [[37mdebug[39m]: [37mCircuit breaker success[39m {
  "name": "cache_redis",
  "state": "closed",
  "successes": 6
}
2025-08-25 17:49:33 [[37mdebug[39m]: [37mCache SET[39m {
  "key": "procedures:proc1",
  "type": "procedures",
  "ttl": 900
}
2025-08-25 17:49:33 [[37mdebug[39m]: [37mMemory cache DEL[39m {
  "key": "runbooks:rb1"
}
2025-08-25 17:49:33 [[32minfo[39m]: [32mCache cleared by type[39m {
  "contentType": "runbooks",
  "memoryKeysDeleted": 1
}
2025-08-25 17:49:33 [[37mdebug[39m]: [37mCircuit breaker success[39m {
  "name": "cache_redis",
  "state": "closed",
  "successes": 7
}
2025-08-25 17:49:33 [[37mdebug[39m]: [37mCache MISS[39m {
  "key": "runbooks:rb1",
  "type": "runbooks",
  "responseTime": 0
}
2025-08-25 17:49:33 [[37mdebug[39m]: [37mCache HIT (memory)[39m {
  "key": "procedures:proc1",
  "type": "procedures",
  "responseTime": 0
}
2025-08-25 17:49:33 [[32minfo[39m]: [32mShutting down cache service[39m
2025-08-25 17:49:33 [[37mdebug[39m]: [37mRedis connection state changed[39m {
  "oldState": "connected",
  "newState": "disconnected",
  "consecutiveFailures": 0
}
2025-08-25 17:49:33 [[37mdebug[39m]: [37mRedis connection state changed[39m {
  "oldState": "connected",
  "newState": "disconnected"
}
2025-08-25 17:49:33 [[32minfo[39m]: [32mCache service shutdown completed[39m
2025-08-25 17:49:33 [[37mdebug[39m]: [37mRedis connection state changed[39m {
  "oldState": "disconnected",
  "newState": "connecting",
  "consecutiveFailures": 0
}
2025-08-25 17:49:33 [[37mdebug[39m]: [37mRedis connection state changed[39m {
  "oldState": "disconnected",
  "newState": "connecting"
}
2025-08-25 17:49:33 [[32minfo[39m]: [32mCache service initialized[39m {
  "strategy": "hybrid",
  "memory_enabled": true,
  "redis_enabled": true,
  "memory_max_keys": 50
}
    ✔ should handle content-type clearing when Redis is unavailable (103.35075ms)
  ✔ Redis Connection Failure Handling (415.783ms)
2025-08-25 17:49:33 [[37mdebug[39m]: [37mRedis connection closed[39m {
  "state": "disconnected",
  "wasConnected": false
}
2025-08-25 17:49:33 [[37mdebug[39m]: [37mRedis connection ended[39m
2025-08-25 17:49:33 [[37mdebug[39m]: [37mRedis client connected[39m
2025-08-25 17:49:33 [[37mdebug[39m]: [37mRedis client ready[39m
2025-08-25 17:49:33 [[37mdebug[39m]: [37mRedis connection state changed[39m {
  "oldState": "connecting",
  "newState": "connected",
  "consecutiveFailures": 0
}
2025-08-25 17:49:33 [[37mdebug[39m]: [37mRedis connection state changed[39m {
  "oldState": "connecting",
  "newState": "connected"
}
2025-08-25 17:49:33 [[32minfo[39m]: [32mRedis connection established[39m {
  "totalAttempts": 1,
  "successfulConnections": 1
}
2025-08-25 17:49:33 [[32minfo[39m]: [32mRedis cache connected successfully[39m
2025-08-25 17:49:33 [[32minfo[39m]: [32mRedis connection established[39m {
  "totalAttempts": 1,
  "successfulConnections": 2
}
2025-08-25 17:49:33 [[32minfo[39m]: [32mRedis cache connected successfully[39m
2025-08-25 17:49:33 [[37mdebug[39m]: [37mMemory cache SET[39m {
  "key": "health_check_test"
}
2025-08-25 17:49:33 [[37mdebug[39m]: [37mMemory cache DEL[39m {
  "key": "health_check_test"
}
2025-08-25 17:49:33 [[32minfo[39m]: [32mShutting down cache service[39m
2025-08-25 17:49:33 [[37mdebug[39m]: [37mRedis connection state changed[39m {
  "oldState": "connected",
  "newState": "disconnected",
  "consecutiveFailures": 0
}
2025-08-25 17:49:33 [[37mdebug[39m]: [37mRedis connection state changed[39m {
  "oldState": "connected",
  "newState": "disconnected"
}
2025-08-25 17:49:33 [[32minfo[39m]: [32mCache service shutdown completed[39m
2025-08-25 17:49:33 [[37mdebug[39m]: [37mRedis connection state changed[39m {
  "oldState": "disconnected",
  "newState": "connecting",
  "consecutiveFailures": 0
}
2025-08-25 17:49:33 [[37mdebug[39m]: [37mRedis connection state changed[39m {
  "oldState": "disconnected",
  "newState": "connecting"
}
2025-08-25 17:49:33 [[32minfo[39m]: [32mCache service initialized[39m {
  "strategy": "hybrid",
  "memory_enabled": true,
  "redis_enabled": true,
  "memory_max_keys": 50
}
  ▶ Health Check with Redis Unavailable
    ✔ should report Redis as unhealthy in health check (102.122042ms)
2025-08-25 17:49:33 [[37mdebug[39m]: [37mRedis connection closed[39m {
  "state": "disconnected",
  "wasConnected": false
}
2025-08-25 17:49:33 [[37mdebug[39m]: [37mRedis connection ended[39m
2025-08-25 17:49:33 [[37mdebug[39m]: [37mRedis client connected[39m
2025-08-25 17:49:33 [[37mdebug[39m]: [37mRedis client ready[39m
2025-08-25 17:49:33 [[37mdebug[39m]: [37mRedis connection state changed[39m {
  "oldState": "connecting",
  "newState": "connected",
  "consecutiveFailures": 0
}
2025-08-25 17:49:33 [[37mdebug[39m]: [37mRedis connection state changed[39m {
  "oldState": "connecting",
  "newState": "connected"
}
2025-08-25 17:49:33 [[32minfo[39m]: [32mRedis connection established[39m {
  "totalAttempts": 1,
  "successfulConnections": 1
}
2025-08-25 17:49:33 [[32minfo[39m]: [32mRedis cache connected successfully[39m
2025-08-25 17:49:33 [[32minfo[39m]: [32mRedis connection established[39m {
  "totalAttempts": 1,
  "successfulConnections": 2
}
2025-08-25 17:49:33 [[32minfo[39m]: [32mRedis cache connected successfully[39m
2025-08-25 17:49:34 [[37mdebug[39m]: [37mMemory cache SET[39m {
  "key": "health_check_test"
}
2025-08-25 17:49:34 [[37mdebug[39m]: [37mMemory cache DEL[39m {
  "key": "health_check_test"
}
2025-08-25 17:49:34 [[32minfo[39m]: [32mShutting down cache service[39m
2025-08-25 17:49:34 [[37mdebug[39m]: [37mRedis connection state changed[39m {
  "oldState": "connected",
  "newState": "disconnected",
  "consecutiveFailures": 0
}
2025-08-25 17:49:34 [[37mdebug[39m]: [37mRedis connection state changed[39m {
  "oldState": "connected",
  "newState": "disconnected"
}
2025-08-25 17:49:34 [[32minfo[39m]: [32mCache service shutdown completed[39m
2025-08-25 17:49:34 [[37mdebug[39m]: [37mRedis connection state changed[39m {
  "oldState": "disconnected",
  "newState": "connecting",
  "consecutiveFailures": 0
}
2025-08-25 17:49:34 [[37mdebug[39m]: [37mRedis connection state changed[39m {
  "oldState": "disconnected",
  "newState": "connecting"
}
2025-08-25 17:49:34 [[32minfo[39m]: [32mCache service initialized[39m {
  "strategy": "hybrid",
  "memory_enabled": true,
  "redis_enabled": true,
  "memory_max_keys": 50
}
    ✔ should handle health check timeouts gracefully (103.0025ms)
  ✔ Health Check with Redis Unavailable (205.273625ms)
2025-08-25 17:49:34 [[37mdebug[39m]: [37mRedis connection closed[39m {
  "state": "disconnected",
  "wasConnected": false
}
2025-08-25 17:49:34 [[37mdebug[39m]: [37mRedis connection ended[39m
2025-08-25 17:49:34 [[37mdebug[39m]: [37mRedis client connected[39m
2025-08-25 17:49:34 [[37mdebug[39m]: [37mRedis client ready[39m
2025-08-25 17:49:34 [[37mdebug[39m]: [37mRedis connection state changed[39m {
  "oldState": "connecting",
  "newState": "connected",
  "consecutiveFailures": 0
}
2025-08-25 17:49:34 [[37mdebug[39m]: [37mRedis connection state changed[39m {
  "oldState": "connecting",
  "newState": "connected"
}
2025-08-25 17:49:34 [[32minfo[39m]: [32mRedis connection established[39m {
  "totalAttempts": 1,
  "successfulConnections": 1
}
2025-08-25 17:49:34 [[32minfo[39m]: [32mRedis cache connected successfully[39m
2025-08-25 17:49:34 [[32minfo[39m]: [32mRedis connection established[39m {
  "totalAttempts": 1,
  "successfulConnections": 2
}
2025-08-25 17:49:34 [[32minfo[39m]: [32mRedis cache connected successfully[39m
2025-08-25 17:49:34 [[37mdebug[39m]: [37mMemory cache SET[39m {
  "key": "runbooks:perf-test-0"
}
2025-08-25 17:49:34 [[37mdebug[39m]: [37mMemory cache SET[39m {
  "key": "runbooks:perf-test-1"
}
2025-08-25 17:49:34 [[37mdebug[39m]: [37mMemory cache SET[39m {
  "key": "runbooks:perf-test-2"
}
2025-08-25 17:49:34 [[37mdebug[39m]: [37mMemory cache SET[39m {
  "key": "runbooks:perf-test-3"
}
2025-08-25 17:49:34 [[37mdebug[39m]: [37mMemory cache SET[39m {
  "key": "runbooks:perf-test-4"
}
2025-08-25 17:49:34 [[37mdebug[39m]: [37mMemory cache SET[39m {
  "key": "runbooks:perf-test-5"
}
2025-08-25 17:49:34 [[37mdebug[39m]: [37mMemory cache SET[39m {
  "key": "runbooks:perf-test-6"
}
2025-08-25 17:49:34 [[37mdebug[39m]: [37mMemory cache SET[39m {
  "key": "runbooks:perf-test-7"
}
2025-08-25 17:49:34 [[37mdebug[39m]: [37mMemory cache SET[39m {
  "key": "runbooks:perf-test-8"
}
2025-08-25 17:49:34 [[37mdebug[39m]: [37mMemory cache SET[39m {
  "key": "runbooks:perf-test-9"
}
2025-08-25 17:49:34 [[37mdebug[39m]: [37mMemory cache SET[39m {
  "key": "runbooks:perf-test-10"
}
2025-08-25 17:49:34 [[37mdebug[39m]: [37mMemory cache SET[39m {
  "key": "runbooks:perf-test-11"
}
2025-08-25 17:49:34 [[37mdebug[39m]: [37mMemory cache SET[39m {
  "key": "runbooks:perf-test-12"
}
2025-08-25 17:49:34 [[37mdebug[39m]: [37mMemory cache SET[39m {
  "key": "runbooks:perf-test-13"
}
2025-08-25 17:49:34 [[37mdebug[39m]: [37mMemory cache SET[39m {
  "key": "runbooks:perf-test-14"
}
2025-08-25 17:49:34 [[37mdebug[39m]: [37mMemory cache SET[39m {
  "key": "runbooks:perf-test-15"
}
2025-08-25 17:49:34 [[37mdebug[39m]: [37mMemory cache SET[39m {
  "key": "runbooks:perf-test-16"
}
2025-08-25 17:49:34 [[37mdebug[39m]: [37mMemory cache SET[39m {
  "key": "runbooks:perf-test-17"
}
2025-08-25 17:49:34 [[37mdebug[39m]: [37mMemory cache SET[39m {
  "key": "runbooks:perf-test-18"
}
2025-08-25 17:49:34 [[37mdebug[39m]: [37mMemory cache SET[39m {
  "key": "runbooks:perf-test-19"
}
2025-08-25 17:49:34 [[37mdebug[39m]: [37mCircuit breaker success[39m {
  "name": "cache_redis",
  "state": "closed",
  "successes": 8
}
2025-08-25 17:49:34 [[37mdebug[39m]: [37mCircuit breaker success[39m {
  "name": "cache_redis",
  "state": "closed",
  "successes": 9
}
2025-08-25 17:49:34 [[37mdebug[39m]: [37mCircuit breaker success[39m {
  "name": "cache_redis",
  "state": "closed",
  "successes": 10
}
2025-08-25 17:49:34 [[37mdebug[39m]: [37mCircuit breaker success[39m {
  "name": "cache_redis",
  "state": "closed",
  "successes": 11
}
2025-08-25 17:49:34 [[37mdebug[39m]: [37mCircuit breaker success[39m {
  "name": "cache_redis",
  "state": "closed",
  "successes": 12
}
2025-08-25 17:49:34 [[37mdebug[39m]: [37mCircuit breaker success[39m {
  "name": "cache_redis",
  "state": "closed",
  "successes": 13
}
2025-08-25 17:49:34 [[37mdebug[39m]: [37mCircuit breaker success[39m {
  "name": "cache_redis",
  "state": "closed",
  "successes": 14
}
2025-08-25 17:49:34 [[37mdebug[39m]: [37mCircuit breaker success[39m {
  "name": "cache_redis",
  "state": "closed",
  "successes": 15
}
2025-08-25 17:49:34 [[37mdebug[39m]: [37mCircuit breaker success[39m {
  "name": "cache_redis",
  "state": "closed",
  "successes": 16
}
2025-08-25 17:49:34 [[37mdebug[39m]: [37mCircuit breaker success[39m {
  "name": "cache_redis",
  "state": "closed",
  "successes": 17
}
2025-08-25 17:49:34 [[37mdebug[39m]: [37mCircuit breaker success[39m {
  "name": "cache_redis",
  "state": "closed",
  "successes": 18
}
2025-08-25 17:49:34 [[37mdebug[39m]: [37mCircuit breaker success[39m {
  "name": "cache_redis",
  "state": "closed",
  "successes": 19
}
2025-08-25 17:49:34 [[37mdebug[39m]: [37mCircuit breaker success[39m {
  "name": "cache_redis",
  "state": "closed",
  "successes": 20
}
2025-08-25 17:49:34 [[37mdebug[39m]: [37mCircuit breaker success[39m {
  "name": "cache_redis",
  "state": "closed",
  "successes": 21
}
2025-08-25 17:49:34 [[37mdebug[39m]: [37mCircuit breaker success[39m {
  "name": "cache_redis",
  "state": "closed",
  "successes": 22
}
2025-08-25 17:49:34 [[37mdebug[39m]: [37mCircuit breaker success[39m {
  "name": "cache_redis",
  "state": "closed",
  "successes": 23
}
2025-08-25 17:49:34 [[37mdebug[39m]: [37mCircuit breaker success[39m {
  "name": "cache_redis",
  "state": "closed",
  "successes": 24
}
2025-08-25 17:49:34 [[37mdebug[39m]: [37mCircuit breaker success[39m {
  "name": "cache_redis",
  "state": "closed",
  "successes": 25
}
2025-08-25 17:49:34 [[37mdebug[39m]: [37mCircuit breaker success[39m {
  "name": "cache_redis",
  "state": "closed",
  "successes": 26
}
2025-08-25 17:49:34 [[37mdebug[39m]: [37mCircuit breaker success[39m {
  "name": "cache_redis",
  "state": "closed",
  "successes": 27
}
2025-08-25 17:49:34 [[37mdebug[39m]: [37mCache SET[39m {
  "key": "runbooks:perf-test-0",
  "type": "runbooks",
  "ttl": 1800
}
2025-08-25 17:49:34 [[37mdebug[39m]: [37mCache SET[39m {
  "key": "runbooks:perf-test-1",
  "type": "runbooks",
  "ttl": 1800
}
2025-08-25 17:49:34 [[37mdebug[39m]: [37mCache SET[39m {
  "key": "runbooks:perf-test-2",
  "type": "runbooks",
  "ttl": 1800
}
2025-08-25 17:49:34 [[37mdebug[39m]: [37mCache SET[39m {
  "key": "runbooks:perf-test-3",
  "type": "runbooks",
  "ttl": 1800
}
2025-08-25 17:49:34 [[37mdebug[39m]: [37mCache SET[39m {
  "key": "runbooks:perf-test-4",
  "type": "runbooks",
  "ttl": 1800
}
2025-08-25 17:49:34 [[37mdebug[39m]: [37mCache SET[39m {
  "key": "runbooks:perf-test-5",
  "type": "runbooks",
  "ttl": 1800
}
2025-08-25 17:49:34 [[37mdebug[39m]: [37mCache SET[39m {
  "key": "runbooks:perf-test-6",
  "type": "runbooks",
  "ttl": 1800
}
2025-08-25 17:49:34 [[37mdebug[39m]: [37mCache SET[39m {
  "key": "runbooks:perf-test-7",
  "type": "runbooks",
  "ttl": 1800
}
2025-08-25 17:49:34 [[37mdebug[39m]: [37mCache SET[39m {
  "key": "runbooks:perf-test-8",
  "type": "runbooks",
  "ttl": 1800
}
2025-08-25 17:49:34 [[37mdebug[39m]: [37mCache SET[39m {
  "key": "runbooks:perf-test-9",
  "type": "runbooks",
  "ttl": 1800
}
2025-08-25 17:49:34 [[37mdebug[39m]: [37mCache SET[39m {
  "key": "runbooks:perf-test-10",
  "type": "runbooks",
  "ttl": 1800
}
2025-08-25 17:49:34 [[37mdebug[39m]: [37mCache SET[39m {
  "key": "runbooks:perf-test-11",
  "type": "runbooks",
  "ttl": 1800
}
2025-08-25 17:49:34 [[37mdebug[39m]: [37mCache SET[39m {
  "key": "runbooks:perf-test-12",
  "type": "runbooks",
  "ttl": 1800
}
2025-08-25 17:49:34 [[37mdebug[39m]: [37mCache SET[39m {
  "key": "runbooks:perf-test-13",
  "type": "runbooks",
  "ttl": 1800
}
2025-08-25 17:49:34 [[37mdebug[39m]: [37mCache SET[39m {
  "key": "runbooks:perf-test-14",
  "type": "runbooks",
  "ttl": 1800
}
2025-08-25 17:49:34 [[37mdebug[39m]: [37mCache SET[39m {
  "key": "runbooks:perf-test-15",
  "type": "runbooks",
  "ttl": 1800
}
2025-08-25 17:49:34 [[37mdebug[39m]: [37mCache SET[39m {
  "key": "runbooks:perf-test-16",
  "type": "runbooks",
  "ttl": 1800
}
2025-08-25 17:49:34 [[37mdebug[39m]: [37mCache SET[39m {
  "key": "runbooks:perf-test-17",
  "type": "runbooks",
  "ttl": 1800
}
2025-08-25 17:49:34 [[37mdebug[39m]: [37mCache SET[39m {
  "key": "runbooks:perf-test-18",
  "type": "runbooks",
  "ttl": 1800
}
2025-08-25 17:49:34 [[37mdebug[39m]: [37mCache SET[39m {
  "key": "runbooks:perf-test-19",
  "type": "runbooks",
  "ttl": 1800
}
2025-08-25 17:49:34 [[37mdebug[39m]: [37mCache HIT (memory)[39m {
  "key": "runbooks:perf-test-0",
  "type": "runbooks",
  "responseTime": 0
}
2025-08-25 17:49:34 [[37mdebug[39m]: [37mCache HIT (memory)[39m {
  "key": "runbooks:perf-test-1",
  "type": "runbooks",
  "responseTime": 0
}
2025-08-25 17:49:34 [[37mdebug[39m]: [37mCache HIT (memory)[39m {
  "key": "runbooks:perf-test-2",
  "type": "runbooks",
  "responseTime": 0
}
2025-08-25 17:49:34 [[37mdebug[39m]: [37mCache HIT (memory)[39m {
  "key": "runbooks:perf-test-3",
  "type": "runbooks",
  "responseTime": 0
}
2025-08-25 17:49:34 [[37mdebug[39m]: [37mCache HIT (memory)[39m {
  "key": "runbooks:perf-test-4",
  "type": "runbooks",
  "responseTime": 0
}
2025-08-25 17:49:34 [[37mdebug[39m]: [37mCache HIT (memory)[39m {
  "key": "runbooks:perf-test-5",
  "type": "runbooks",
  "responseTime": 0
}
2025-08-25 17:49:34 [[37mdebug[39m]: [37mCache HIT (memory)[39m {
  "key": "runbooks:perf-test-6",
  "type": "runbooks",
  "responseTime": 0
}
2025-08-25 17:49:34 [[37mdebug[39m]: [37mCache HIT (memory)[39m {
  "key": "runbooks:perf-test-7",
  "type": "runbooks",
  "responseTime": 0
}
2025-08-25 17:49:34 [[37mdebug[39m]: [37mCache HIT (memory)[39m {
  "key": "runbooks:perf-test-8",
  "type": "runbooks",
  "responseTime": 0
}
2025-08-25 17:49:34 [[37mdebug[39m]: [37mCache HIT (memory)[39m {
  "key": "runbooks:perf-test-9",
  "type": "runbooks",
  "responseTime": 0
}
2025-08-25 17:49:34 [[37mdebug[39m]: [37mCache HIT (memory)[39m {
  "key": "runbooks:perf-test-10",
  "type": "runbooks",
  "responseTime": 0
}
2025-08-25 17:49:34 [[37mdebug[39m]: [37mCache HIT (memory)[39m {
  "key": "runbooks:perf-test-11",
  "type": "runbooks",
  "responseTime": 0
}
2025-08-25 17:49:34 [[37mdebug[39m]: [37mCache HIT (memory)[39m {
  "key": "runbooks:perf-test-12",
  "type": "runbooks",
  "responseTime": 0
}
2025-08-25 17:49:34 [[37mdebug[39m]: [37mCache HIT (memory)[39m {
  "key": "runbooks:perf-test-13",
  "type": "runbooks",
  "responseTime": 0
}
2025-08-25 17:49:34 [[37mdebug[39m]: [37mCache HIT (memory)[39m {
  "key": "runbooks:perf-test-14",
  "type": "runbooks",
  "responseTime": 0
}
2025-08-25 17:49:34 [[37mdebug[39m]: [37mCache HIT (memory)[39m {
  "key": "runbooks:perf-test-15",
  "type": "runbooks",
  "responseTime": 0
}
2025-08-25 17:49:34 [[37mdebug[39m]: [37mCache HIT (memory)[39m {
  "key": "runbooks:perf-test-16",
  "type": "runbooks",
  "responseTime": 0
}
2025-08-25 17:49:34 [[37mdebug[39m]: [37mCache HIT (memory)[39m {
  "key": "runbooks:perf-test-17",
  "type": "runbooks",
  "responseTime": 0
}
2025-08-25 17:49:34 [[37mdebug[39m]: [37mCache HIT (memory)[39m {
  "key": "runbooks:perf-test-18",
  "type": "runbooks",
  "responseTime": 0
}
2025-08-25 17:49:34 [[37mdebug[39m]: [37mCache HIT (memory)[39m {
  "key": "runbooks:perf-test-19",
  "type": "runbooks",
  "responseTime": 0
}
2025-08-25 17:49:34 [[32minfo[39m]: [32mShutting down cache service[39m
2025-08-25 17:49:34 [[37mdebug[39m]: [37mRedis connection state changed[39m {
  "oldState": "connected",
  "newState": "disconnected",
  "consecutiveFailures": 0
}
2025-08-25 17:49:34 [[37mdebug[39m]: [37mRedis connection state changed[39m {
  "oldState": "connected",
  "newState": "disconnected"
}
2025-08-25 17:49:34 [[32minfo[39m]: [32mCache service shutdown completed[39m
2025-08-25 17:49:34 [[37mdebug[39m]: [37mRedis connection state changed[39m {
  "oldState": "disconnected",
  "newState": "connecting",
  "consecutiveFailures": 0
}
2025-08-25 17:49:34 [[37mdebug[39m]: [37mRedis connection state changed[39m {
  "oldState": "disconnected",
  "newState": "connecting"
}
2025-08-25 17:49:34 [[32minfo[39m]: [32mCache service initialized[39m {
  "strategy": "hybrid",
  "memory_enabled": true,
  "redis_enabled": true,
  "memory_max_keys": 50
}
  ▶ Performance Under Redis Failure
    ✔ should maintain good performance without Redis (105.009292ms)
2025-08-25 17:49:34 [[37mdebug[39m]: [37mRedis connection closed[39m {
  "state": "disconnected",
  "wasConnected": false
}
2025-08-25 17:49:34 [[37mdebug[39m]: [37mRedis connection ended[39m
2025-08-25 17:49:34 [[37mdebug[39m]: [37mRedis client connected[39m
2025-08-25 17:49:34 [[37mdebug[39m]: [37mRedis client ready[39m
2025-08-25 17:49:34 [[37mdebug[39m]: [37mRedis connection state changed[39m {
  "oldState": "connecting",
  "newState": "connected",
  "consecutiveFailures": 0
}
2025-08-25 17:49:34 [[37mdebug[39m]: [37mRedis connection state changed[39m {
  "oldState": "connecting",
  "newState": "connected"
}
2025-08-25 17:49:34 [[32minfo[39m]: [32mRedis connection established[39m {
  "totalAttempts": 1,
  "successfulConnections": 1
}
2025-08-25 17:49:34 [[32minfo[39m]: [32mRedis cache connected successfully[39m
2025-08-25 17:49:34 [[32minfo[39m]: [32mRedis connection established[39m {
  "totalAttempts": 1,
  "successfulConnections": 2
}
2025-08-25 17:49:34 [[32minfo[39m]: [32mRedis cache connected successfully[39m
2025-08-25 17:49:34 [[37mdebug[39m]: [37mMemory cache SET[39m {
  "key": "runbooks:concurrent-0"
}
2025-08-25 17:49:34 [[37mdebug[39m]: [37mMemory cache SET[39m {
  "key": "procedures:concurrent-0"
}
2025-08-25 17:49:34 [[37mdebug[39m]: [37mMemory cache SET[39m {
  "key": "runbooks:concurrent-1"
}
2025-08-25 17:49:34 [[37mdebug[39m]: [37mMemory cache SET[39m {
  "key": "procedures:concurrent-1"
}
2025-08-25 17:49:34 [[37mdebug[39m]: [37mMemory cache SET[39m {
  "key": "runbooks:concurrent-2"
}
2025-08-25 17:49:34 [[37mdebug[39m]: [37mMemory cache SET[39m {
  "key": "procedures:concurrent-2"
}
2025-08-25 17:49:34 [[37mdebug[39m]: [37mMemory cache SET[39m {
  "key": "runbooks:concurrent-3"
}
2025-08-25 17:49:34 [[37mdebug[39m]: [37mMemory cache SET[39m {
  "key": "procedures:concurrent-3"
}
2025-08-25 17:49:34 [[37mdebug[39m]: [37mMemory cache SET[39m {
  "key": "runbooks:concurrent-4"
}
2025-08-25 17:49:34 [[37mdebug[39m]: [37mMemory cache SET[39m {
  "key": "procedures:concurrent-4"
}
2025-08-25 17:49:34 [[37mdebug[39m]: [37mMemory cache SET[39m {
  "key": "runbooks:concurrent-5"
}
2025-08-25 17:49:34 [[37mdebug[39m]: [37mMemory cache SET[39m {
  "key": "procedures:concurrent-5"
}
2025-08-25 17:49:34 [[37mdebug[39m]: [37mMemory cache SET[39m {
  "key": "runbooks:concurrent-6"
}
2025-08-25 17:49:34 [[37mdebug[39m]: [37mMemory cache SET[39m {
  "key": "procedures:concurrent-6"
}
2025-08-25 17:49:34 [[37mdebug[39m]: [37mMemory cache SET[39m {
  "key": "runbooks:concurrent-7"
}
2025-08-25 17:49:34 [[37mdebug[39m]: [37mMemory cache SET[39m {
  "key": "procedures:concurrent-7"
}
2025-08-25 17:49:34 [[37mdebug[39m]: [37mMemory cache SET[39m {
  "key": "runbooks:concurrent-8"
}
2025-08-25 17:49:34 [[37mdebug[39m]: [37mMemory cache SET[39m {
  "key": "procedures:concurrent-8"
}
2025-08-25 17:49:34 [[37mdebug[39m]: [37mMemory cache SET[39m {
  "key": "runbooks:concurrent-9"
}
2025-08-25 17:49:34 [[37mdebug[39m]: [37mMemory cache SET[39m {
  "key": "procedures:concurrent-9"
}
2025-08-25 17:49:34 [[37mdebug[39m]: [37mCircuit breaker success[39m {
  "name": "cache_redis",
  "state": "closed",
  "successes": 28
}
2025-08-25 17:49:34 [[37mdebug[39m]: [37mCircuit breaker success[39m {
  "name": "cache_redis",
  "state": "closed",
  "successes": 29
}
2025-08-25 17:49:34 [[37mdebug[39m]: [37mCircuit breaker success[39m {
  "name": "cache_redis",
  "state": "closed",
  "successes": 30
}
2025-08-25 17:49:34 [[37mdebug[39m]: [37mCircuit breaker success[39m {
  "name": "cache_redis",
  "state": "closed",
  "successes": 31
}
2025-08-25 17:49:34 [[37mdebug[39m]: [37mCircuit breaker success[39m {
  "name": "cache_redis",
  "state": "closed",
  "successes": 32
}
2025-08-25 17:49:34 [[37mdebug[39m]: [37mCircuit breaker success[39m {
  "name": "cache_redis",
  "state": "closed",
  "successes": 33
}
2025-08-25 17:49:34 [[37mdebug[39m]: [37mCircuit breaker success[39m {
  "name": "cache_redis",
  "state": "closed",
  "successes": 34
}
2025-08-25 17:49:34 [[37mdebug[39m]: [37mCircuit breaker success[39m {
  "name": "cache_redis",
  "state": "closed",
  "successes": 35
}
2025-08-25 17:49:34 [[37mdebug[39m]: [37mCircuit breaker success[39m {
  "name": "cache_redis",
  "state": "closed",
  "successes": 36
}
2025-08-25 17:49:34 [[37mdebug[39m]: [37mCircuit breaker success[39m {
  "name": "cache_redis",
  "state": "closed",
  "successes": 37
}
2025-08-25 17:49:34 [[37mdebug[39m]: [37mCircuit breaker success[39m {
  "name": "cache_redis",
  "state": "closed",
  "successes": 38
}
2025-08-25 17:49:34 [[37mdebug[39m]: [37mCircuit breaker success[39m {
  "name": "cache_redis",
  "state": "closed",
  "successes": 39
}
2025-08-25 17:49:34 [[37mdebug[39m]: [37mCircuit breaker success[39m {
  "name": "cache_redis",
  "state": "closed",
  "successes": 40
}
2025-08-25 17:49:34 [[37mdebug[39m]: [37mCircuit breaker success[39m {
  "name": "cache_redis",
  "state": "closed",
  "successes": 41
}
2025-08-25 17:49:34 [[37mdebug[39m]: [37mCircuit breaker success[39m {
  "name": "cache_redis",
  "state": "closed",
  "successes": 42
}
2025-08-25 17:49:34 [[37mdebug[39m]: [37mCircuit breaker success[39m {
  "name": "cache_redis",
  "state": "closed",
  "successes": 43
}
2025-08-25 17:49:34 [[37mdebug[39m]: [37mCircuit breaker success[39m {
  "name": "cache_redis",
  "state": "closed",
  "successes": 44
}
2025-08-25 17:49:34 [[37mdebug[39m]: [37mCircuit breaker success[39m {
  "name": "cache_redis",
  "state": "closed",
  "successes": 45
}
2025-08-25 17:49:34 [[37mdebug[39m]: [37mCircuit breaker success[39m {
  "name": "cache_redis",
  "state": "closed",
  "successes": 46
}
2025-08-25 17:49:34 [[37mdebug[39m]: [37mCircuit breaker success[39m {
  "name": "cache_redis",
  "state": "closed",
  "successes": 47
}
2025-08-25 17:49:34 [[37mdebug[39m]: [37mCache SET[39m {
  "key": "runbooks:concurrent-0",
  "type": "runbooks",
  "ttl": 1800
}
2025-08-25 17:49:34 [[37mdebug[39m]: [37mCache SET[39m {
  "key": "procedures:concurrent-0",
  "type": "procedures",
  "ttl": 900
}
2025-08-25 17:49:34 [[37mdebug[39m]: [37mCache SET[39m {
  "key": "runbooks:concurrent-1",
  "type": "runbooks",
  "ttl": 1800
}
2025-08-25 17:49:34 [[37mdebug[39m]: [37mCache SET[39m {
  "key": "procedures:concurrent-1",
  "type": "procedures",
  "ttl": 900
}
2025-08-25 17:49:34 [[37mdebug[39m]: [37mCache SET[39m {
  "key": "runbooks:concurrent-2",
  "type": "runbooks",
  "ttl": 1800
}
2025-08-25 17:49:34 [[37mdebug[39m]: [37mCache SET[39m {
  "key": "procedures:concurrent-2",
  "type": "procedures",
  "ttl": 900
}
2025-08-25 17:49:34 [[37mdebug[39m]: [37mCache SET[39m {
  "key": "runbooks:concurrent-3",
  "type": "runbooks",
  "ttl": 1800
}
2025-08-25 17:49:34 [[37mdebug[39m]: [37mCache SET[39m {
  "key": "procedures:concurrent-3",
  "type": "procedures",
  "ttl": 900
}
2025-08-25 17:49:34 [[37mdebug[39m]: [37mCache SET[39m {
  "key": "runbooks:concurrent-4",
  "type": "runbooks",
  "ttl": 1800
}
2025-08-25 17:49:34 [[37mdebug[39m]: [37mCache SET[39m {
  "key": "procedures:concurrent-4",
  "type": "procedures",
  "ttl": 900
}
2025-08-25 17:49:34 [[37mdebug[39m]: [37mCache SET[39m {
  "key": "runbooks:concurrent-5",
  "type": "runbooks",
  "ttl": 1800
}
2025-08-25 17:49:34 [[37mdebug[39m]: [37mCache SET[39m {
  "key": "procedures:concurrent-5",
  "type": "procedures",
  "ttl": 900
}
2025-08-25 17:49:34 [[37mdebug[39m]: [37mCache SET[39m {
  "key": "runbooks:concurrent-6",
  "type": "runbooks",
  "ttl": 1800
}
2025-08-25 17:49:34 [[37mdebug[39m]: [37mCache SET[39m {
  "key": "procedures:concurrent-6",
  "type": "procedures",
  "ttl": 900
}
2025-08-25 17:49:34 [[37mdebug[39m]: [37mCache SET[39m {
  "key": "runbooks:concurrent-7",
  "type": "runbooks",
  "ttl": 1800
}
2025-08-25 17:49:34 [[37mdebug[39m]: [37mCache SET[39m {
  "key": "procedures:concurrent-7",
  "type": "procedures",
  "ttl": 900
}
2025-08-25 17:49:34 [[37mdebug[39m]: [37mCache SET[39m {
  "key": "runbooks:concurrent-8",
  "type": "runbooks",
  "ttl": 1800
}
2025-08-25 17:49:34 [[37mdebug[39m]: [37mCache SET[39m {
  "key": "procedures:concurrent-8",
  "type": "procedures",
  "ttl": 900
}
2025-08-25 17:49:34 [[37mdebug[39m]: [37mCache SET[39m {
  "key": "runbooks:concurrent-9",
  "type": "runbooks",
  "ttl": 1800
}
2025-08-25 17:49:34 [[37mdebug[39m]: [37mCache SET[39m {
  "key": "procedures:concurrent-9",
  "type": "procedures",
  "ttl": 900
}
2025-08-25 17:49:34 [[37mdebug[39m]: [37mCache HIT (memory)[39m {
  "key": "runbooks:concurrent-0",
  "type": "runbooks",
  "responseTime": 0
}
2025-08-25 17:49:34 [[37mdebug[39m]: [37mCache HIT (memory)[39m {
  "key": "procedures:concurrent-0",
  "type": "procedures",
  "responseTime": 0
}
2025-08-25 17:49:34 [[37mdebug[39m]: [37mCache HIT (memory)[39m {
  "key": "runbooks:concurrent-1",
  "type": "runbooks",
  "responseTime": 0
}
2025-08-25 17:49:34 [[37mdebug[39m]: [37mCache HIT (memory)[39m {
  "key": "procedures:concurrent-1",
  "type": "procedures",
  "responseTime": 0
}
2025-08-25 17:49:34 [[37mdebug[39m]: [37mCache HIT (memory)[39m {
  "key": "runbooks:concurrent-2",
  "type": "runbooks",
  "responseTime": 0
}
2025-08-25 17:49:34 [[37mdebug[39m]: [37mCache HIT (memory)[39m {
  "key": "procedures:concurrent-2",
  "type": "procedures",
  "responseTime": 0
}
2025-08-25 17:49:34 [[37mdebug[39m]: [37mCache HIT (memory)[39m {
  "key": "runbooks:concurrent-3",
  "type": "runbooks",
  "responseTime": 0
}
2025-08-25 17:49:34 [[37mdebug[39m]: [37mCache HIT (memory)[39m {
  "key": "procedures:concurrent-3",
  "type": "procedures",
  "responseTime": 0
}
2025-08-25 17:49:34 [[37mdebug[39m]: [37mCache HIT (memory)[39m {
  "key": "runbooks:concurrent-4",
  "type": "runbooks",
  "responseTime": 0
}
2025-08-25 17:49:34 [[37mdebug[39m]: [37mCache HIT (memory)[39m {
  "key": "procedures:concurrent-4",
  "type": "procedures",
  "responseTime": 0
}
2025-08-25 17:49:34 [[37mdebug[39m]: [37mCache HIT (memory)[39m {
  "key": "runbooks:concurrent-5",
  "type": "runbooks",
  "responseTime": 0
}
2025-08-25 17:49:34 [[37mdebug[39m]: [37mCache HIT (memory)[39m {
  "key": "procedures:concurrent-5",
  "type": "procedures",
  "responseTime": 0
}
2025-08-25 17:49:34 [[37mdebug[39m]: [37mCache HIT (memory)[39m {
  "key": "runbooks:concurrent-6",
  "type": "runbooks",
  "responseTime": 0
}
2025-08-25 17:49:34 [[37mdebug[39m]: [37mCache HIT (memory)[39m {
  "key": "procedures:concurrent-6",
  "type": "procedures",
  "responseTime": 0
}
2025-08-25 17:49:34 [[37mdebug[39m]: [37mCache HIT (memory)[39m {
  "key": "runbooks:concurrent-7",
  "type": "runbooks",
  "responseTime": 0
}
2025-08-25 17:49:34 [[37mdebug[39m]: [37mCache HIT (memory)[39m {
  "key": "procedures:concurrent-7",
  "type": "procedures",
  "responseTime": 0
}
2025-08-25 17:49:34 [[37mdebug[39m]: [37mCache HIT (memory)[39m {
  "key": "runbooks:concurrent-8",
  "type": "runbooks",
  "responseTime": 0
}
2025-08-25 17:49:34 [[37mdebug[39m]: [37mCache HIT (memory)[39m {
  "key": "procedures:concurrent-8",
  "type": "procedures",
  "responseTime": 0
}
2025-08-25 17:49:34 [[37mdebug[39m]: [37mCache HIT (memory)[39m {
  "key": "runbooks:concurrent-9",
  "type": "runbooks",
  "responseTime": 0
}
2025-08-25 17:49:34 [[37mdebug[39m]: [37mCache HIT (memory)[39m {
  "key": "procedures:concurrent-9",
  "type": "procedures",
  "responseTime": 0
}
2025-08-25 17:49:34 [[32minfo[39m]: [32mShutting down cache service[39m
2025-08-25 17:49:34 [[37mdebug[39m]: [37mRedis connection state changed[39m {
  "oldState": "connected",
  "newState": "disconnected",
  "consecutiveFailures": 0
}
2025-08-25 17:49:34 [[37mdebug[39m]: [37mRedis connection state changed[39m {
  "oldState": "connected",
  "newState": "disconnected"
}
2025-08-25 17:49:34 [[32minfo[39m]: [32mCache service shutdown completed[39m
2025-08-25 17:49:34 [[37mdebug[39m]: [37mRedis connection state changed[39m {
  "oldState": "disconnected",
  "newState": "connecting",
  "consecutiveFailures": 0
}
2025-08-25 17:49:34 [[37mdebug[39m]: [37mRedis connection state changed[39m {
  "oldState": "disconnected",
  "newState": "connecting"
}
2025-08-25 17:49:34 [[32minfo[39m]: [32mCache service initialized[39m {
  "strategy": "hybrid",
  "memory_enabled": true,
  "redis_enabled": true,
  "memory_max_keys": 50
}
    ✔ should handle concurrent operations without Redis (102.659875ms)
  ✔ Performance Under Redis Failure (207.806458ms)
2025-08-25 17:49:34 [[37mdebug[39m]: [37mRedis connection closed[39m {
  "state": "disconnected",
  "wasConnected": false
}
2025-08-25 17:49:34 [[37mdebug[39m]: [37mRedis connection ended[39m
2025-08-25 17:49:34 [[37mdebug[39m]: [37mRedis client connected[39m
2025-08-25 17:49:34 [[37mdebug[39m]: [37mRedis client ready[39m
2025-08-25 17:49:34 [[37mdebug[39m]: [37mRedis connection state changed[39m {
  "oldState": "connecting",
  "newState": "connected",
  "consecutiveFailures": 0
}
2025-08-25 17:49:34 [[37mdebug[39m]: [37mRedis connection state changed[39m {
  "oldState": "connecting",
  "newState": "connected"
}
2025-08-25 17:49:34 [[32minfo[39m]: [32mRedis connection established[39m {
  "totalAttempts": 1,
  "successfulConnections": 1
}
2025-08-25 17:49:34 [[32minfo[39m]: [32mRedis cache connected successfully[39m
2025-08-25 17:49:34 [[32minfo[39m]: [32mRedis connection established[39m {
  "totalAttempts": 1,
  "successfulConnections": 2
}
2025-08-25 17:49:34 [[32minfo[39m]: [32mRedis cache connected successfully[39m
2025-08-25 17:49:34 [[32minfo[39m]: [32mStarting cache warming[39m {
  "itemCount": 3
}
2025-08-25 17:49:34 [[37mdebug[39m]: [37mMemory cache SET[39m {
  "key": "runbooks:critical-1"
}
2025-08-25 17:49:34 [[37mdebug[39m]: [37mMemory cache SET[39m {
  "key": "decision_trees:critical-dt"
}
2025-08-25 17:49:34 [[37mdebug[39m]: [37mMemory cache SET[39m {
  "key": "procedures:critical-proc"
}
2025-08-25 17:49:34 [[37mdebug[39m]: [37mCircuit breaker success[39m {
  "name": "cache_redis",
  "state": "closed",
  "successes": 48
}
2025-08-25 17:49:34 [[37mdebug[39m]: [37mCircuit breaker success[39m {
  "name": "cache_redis",
  "state": "closed",
  "successes": 49
}
2025-08-25 17:49:34 [[37mdebug[39m]: [37mCircuit breaker success[39m {
  "name": "cache_redis",
  "state": "closed",
  "successes": 50
}
2025-08-25 17:49:34 [[37mdebug[39m]: [37mCache SET[39m {
  "key": "runbooks:critical-1",
  "type": "runbooks",
  "ttl": 1800
}
2025-08-25 17:49:34 [[37mdebug[39m]: [37mCache SET[39m {
  "key": "decision_trees:critical-dt",
  "type": "decision_trees",
  "ttl": 1200
}
2025-08-25 17:49:34 [[37mdebug[39m]: [37mCache SET[39m {
  "key": "procedures:critical-proc",
  "type": "procedures",
  "ttl": 900
}
2025-08-25 17:49:34 [[32minfo[39m]: [32mCache warming completed[39m {
  "itemCount": 3
}
2025-08-25 17:49:34 [[37mdebug[39m]: [37mCache HIT (memory)[39m {
  "key": "runbooks:critical-1",
  "type": "runbooks",
  "responseTime": 0
}
2025-08-25 17:49:34 [[37mdebug[39m]: [37mCache HIT (memory)[39m {
  "key": "decision_trees:critical-dt",
  "type": "decision_trees",
  "responseTime": 0
}
2025-08-25 17:49:34 [[37mdebug[39m]: [37mCache HIT (memory)[39m {
  "key": "procedures:critical-proc",
  "type": "procedures",
  "responseTime": 0
}
2025-08-25 17:49:34 [[32minfo[39m]: [32mShutting down cache service[39m
2025-08-25 17:49:34 [[37mdebug[39m]: [37mRedis connection state changed[39m {
  "oldState": "connected",
  "newState": "disconnected",
  "consecutiveFailures": 0
}
2025-08-25 17:49:34 [[37mdebug[39m]: [37mRedis connection state changed[39m {
  "oldState": "connected",
  "newState": "disconnected"
}
2025-08-25 17:49:34 [[32minfo[39m]: [32mCache service shutdown completed[39m
2025-08-25 17:49:34 [[37mdebug[39m]: [37mRedis connection state changed[39m {
  "oldState": "disconnected",
  "newState": "connecting",
  "consecutiveFailures": 0
}
2025-08-25 17:49:34 [[37mdebug[39m]: [37mRedis connection state changed[39m {
  "oldState": "disconnected",
  "newState": "connecting"
}
2025-08-25 17:49:34 [[32minfo[39m]: [32mCache service initialized[39m {
  "strategy": "hybrid",
  "memory_enabled": true,
  "redis_enabled": true,
  "memory_max_keys": 50
}
  ▶ Cache Warming Without Redis
    ✔ should warm cache successfully without Redis (103.276292ms)
  ✔ Cache Warming Without Redis (103.353459ms)
2025-08-25 17:49:34 [[37mdebug[39m]: [37mRedis connection closed[39m {
  "state": "disconnected",
  "wasConnected": false
}
2025-08-25 17:49:34 [[37mdebug[39m]: [37mRedis connection ended[39m
2025-08-25 17:49:34 [[37mdebug[39m]: [37mRedis client connected[39m
2025-08-25 17:49:34 [[37mdebug[39m]: [37mRedis client ready[39m
2025-08-25 17:49:34 [[37mdebug[39m]: [37mRedis connection state changed[39m {
  "oldState": "connecting",
  "newState": "connected",
  "consecutiveFailures": 0
}
2025-08-25 17:49:34 [[37mdebug[39m]: [37mRedis connection state changed[39m {
  "oldState": "connecting",
  "newState": "connected"
}
2025-08-25 17:49:34 [[32minfo[39m]: [32mRedis connection established[39m {
  "totalAttempts": 1,
  "successfulConnections": 1
}
2025-08-25 17:49:34 [[32minfo[39m]: [32mRedis cache connected successfully[39m
2025-08-25 17:49:34 [[32minfo[39m]: [32mRedis connection established[39m {
  "totalAttempts": 1,
  "successfulConnections": 2
}
2025-08-25 17:49:34 [[32minfo[39m]: [32mRedis cache connected successfully[39m
2025-08-25 17:49:34 [[37mdebug[39m]: [37mMemory cache SET[39m {
  "key": "runbooks:mem-test-1"
}
2025-08-25 17:49:34 [[37mdebug[39m]: [37mCircuit breaker success[39m {
  "name": "cache_redis",
  "state": "closed",
  "successes": 51
}
2025-08-25 17:49:34 [[37mdebug[39m]: [37mCache SET[39m {
  "key": "runbooks:mem-test-1",
  "type": "runbooks",
  "ttl": 1800
}
2025-08-25 17:49:34 [[37mdebug[39m]: [37mMemory cache SET[39m {
  "key": "procedures:mem-test-2"
}
2025-08-25 17:49:34 [[37mdebug[39m]: [37mCircuit breaker success[39m {
  "name": "cache_redis",
  "state": "closed",
  "successes": 52
}
2025-08-25 17:49:34 [[37mdebug[39m]: [37mCache SET[39m {
  "key": "procedures:mem-test-2",
  "type": "procedures",
  "ttl": 900
}
2025-08-25 17:49:34 [[37mdebug[39m]: [37mCache HIT (memory)[39m {
  "key": "runbooks:mem-test-1",
  "type": "runbooks",
  "responseTime": 0
}
2025-08-25 17:49:34 [[37mdebug[39m]: [37mCache HIT (memory)[39m {
  "key": "procedures:mem-test-2",
  "type": "procedures",
  "responseTime": 0
}
2025-08-25 17:49:34 [[37mdebug[39m]: [37mCircuit breaker success[39m {
  "name": "cache_redis",
  "state": "closed",
  "successes": 53
}
2025-08-25 17:49:34 [[37mdebug[39m]: [37mCache MISS[39m {
  "key": "runbooks:non-existent",
  "type": "runbooks",
  "responseTime": 0
}
2025-08-25 17:49:34 [[32minfo[39m]: [32mShutting down cache service[39m
2025-08-25 17:49:34 [[37mdebug[39m]: [37mRedis connection state changed[39m {
  "oldState": "connected",
  "newState": "disconnected",
  "consecutiveFailures": 0
}
2025-08-25 17:49:34 [[37mdebug[39m]: [37mRedis connection state changed[39m {
  "oldState": "connected",
  "newState": "disconnected"
}
2025-08-25 17:49:34 [[32minfo[39m]: [32mCache service shutdown completed[39m
  ▶ Memory-Only Fallback Strategy
    ✔ should effectively operate as memory-only when Redis fails (102.634375ms)
  ✔ Memory-Only Fallback Strategy (102.711375ms)
✔ Redis Cache Integration Tests (1035.225167ms)
2025-08-25 17:49:34 [[37mdebug[39m]: [37mRedis connection closed[39m {
  "state": "disconnected",
  "wasConnected": false
}
2025-08-25 17:49:34 [[37mdebug[39m]: [37mRedis connection ended[39m
2025-08-25 17:49:33 [[32minfo[39m]: [32mInitializing WebAdapter[39m {
  "adapter": "web",
  "name": "test-web",
  "sources": 1,
  "authType": "none"
}
2025-08-25 17:49:33 [[33mwarn[39m]: [33mSource connectivity failed[39m {
  "adapter": "web",
  "name": "test-web",
  "source": "test-source",
  "error": "Cannot read properties of undefined (reading 'enabled')"
}
2025-08-25 17:49:33 [[33mwarn[39m]: [33mAll sources failed connectivity test - continuing anyway[39m {
  "adapter": "web",
  "name": "test-web"
}
2025-08-25 17:49:33 [[33mwarn[39m]: [33mSome sources failed connectivity test[39m {
  "adapter": "web",
  "name": "test-web",
  "failedSources": [
    "test-source"
  ],
  "totalSources": 1
}
2025-08-25 17:49:33 [[32minfo[39m]: [32mWebAdapter initialized successfully[39m {
  "adapter": "web",
  "name": "test-web"
}
2025-08-25 17:49:33 [[32minfo[39m]: [32mInitializing WebAdapter[39m {
  "adapter": "web",
  "name": "test-web",
  "sources": 1,
  "authType": "none"
}
2025-08-25 17:49:33 [[33mwarn[39m]: [33mSource connectivity failed[39m {
  "adapter": "web",
  "name": "test-web",
  "source": "test-source",
  "error": "Cannot read properties of undefined (reading 'enabled')"
}
2025-08-25 17:49:33 [[33mwarn[39m]: [33mAll sources failed connectivity test - continuing anyway[39m {
  "adapter": "web",
  "name": "test-web"
}
2025-08-25 17:49:33 [[33mwarn[39m]: [33mSome sources failed connectivity test[39m {
  "adapter": "web",
  "name": "test-web",
  "failedSources": [
    "test-source"
  ],
  "totalSources": 1
}
2025-08-25 17:49:33 [[32minfo[39m]: [32mWebAdapter initialized successfully[39m {
  "adapter": "web",
  "name": "test-web"
}
2025-08-25 17:49:33 [[32minfo[39m]: [32mInitializing WebAdapter[39m {
  "adapter": "web",
  "name": "test-web",
  "sources": 1,
  "authType": "none"
}
2025-08-25 17:49:33 [[33mwarn[39m]: [33mSource connectivity failed[39m {
  "adapter": "web",
  "name": "test-web",
  "source": "test-source",
  "error": "Cannot read properties of undefined (reading 'enabled')"
}
2025-08-25 17:49:33 [[33mwarn[39m]: [33mAll sources failed connectivity test - continuing anyway[39m {
  "adapter": "web",
  "name": "test-web"
}
2025-08-25 17:49:33 [[33mwarn[39m]: [33mSome sources failed connectivity test[39m {
  "adapter": "web",
  "name": "test-web",
  "failedSources": [
    "test-source"
  ],
  "totalSources": 1
}
2025-08-25 17:49:33 [[32minfo[39m]: [32mWebAdapter initialized successfully[39m {
  "adapter": "web",
  "name": "test-web"
}
2025-08-25 17:49:33 [[32minfo[39m]: [32mRefreshing web adapter index[39m {
  "adapter": "web",
  "name": "test-web",
  "force": true
}
2025-08-25 17:49:33 [[33mwarn[39m]: [33mSource connectivity failed[39m {
  "adapter": "web",
  "name": "test-web",
  "source": "test-source",
  "error": "Cannot read properties of undefined (reading 'enabled')"
}
2025-08-25 17:49:33 [[33mwarn[39m]: [33mAll sources failed connectivity test - continuing anyway[39m {
  "adapter": "web",
  "name": "test-web"
}
2025-08-25 17:49:33 [[33mwarn[39m]: [33mSome sources failed connectivity test[39m {
  "adapter": "web",
  "name": "test-web",
  "failedSources": [
    "test-source"
  ],
  "totalSources": 1
}
2025-08-25 17:49:33 [[32minfo[39m]: [32mWeb adapter index refreshed successfully[39m {
  "adapter": "web",
  "name": "test-web"
}
2025-08-25 17:49:33 [[32minfo[39m]: [32mInitializing WebAdapter[39m {
  "adapter": "web",
  "name": "test-web",
  "sources": 1,
  "authType": "none"
}
2025-08-25 17:49:33 [[33mwarn[39m]: [33mSource connectivity failed[39m {
  "adapter": "web",
  "name": "test-web",
  "source": "test-source",
  "error": "Cannot read properties of undefined (reading 'enabled')"
}
2025-08-25 17:49:33 [[33mwarn[39m]: [33mAll sources failed connectivity test - continuing anyway[39m {
  "adapter": "web",
  "name": "test-web"
}
2025-08-25 17:49:33 [[33mwarn[39m]: [33mSome sources failed connectivity test[39m {
  "adapter": "web",
  "name": "test-web",
  "failedSources": [
    "test-source"
  ],
  "totalSources": 1
}
2025-08-25 17:49:33 [[32minfo[39m]: [32mWebAdapter initialized successfully[39m {
  "adapter": "web",
  "name": "test-web"
}
2025-08-25 17:49:33 [[32minfo[39m]: [32mRefreshing web adapter index[39m {
  "adapter": "web",
  "name": "test-web",
  "force": true
}
2025-08-25 17:49:33 [[33mwarn[39m]: [33mSource connectivity failed[39m {
  "adapter": "web",
  "name": "test-web",
  "source": "test-source",
  "error": "Cannot read properties of undefined (reading 'enabled')"
}
2025-08-25 17:49:33 [[33mwarn[39m]: [33mAll sources failed connectivity test - continuing anyway[39m {
  "adapter": "web",
  "name": "test-web"
}
2025-08-25 17:49:33 [[33mwarn[39m]: [33mSome sources failed connectivity test[39m {
  "adapter": "web",
  "name": "test-web",
  "failedSources": [
    "test-source"
  ],
  "totalSources": 1
}
2025-08-25 17:49:33 [[32minfo[39m]: [32mWeb adapter index refreshed successfully[39m {
  "adapter": "web",
  "name": "test-web"
}
Node.js Test Runner - indexed documents: 1
Node.js Test Runner - metadata: {
  name: 'test-web',
  type: 'web',
  documentCount: 1,
  lastIndexed: '2025-08-26T00:49:33.478Z',
  avgResponseTime: 0,
  successRate: 0
}
2025-08-25 17:49:33 [[32minfo[39m]: [32mInitializing WebAdapter[39m {
  "adapter": "web",
  "name": "test-web",
  "sources": 1,
  "authType": "none"
}
2025-08-25 17:49:33 [[33mwarn[39m]: [33mSource connectivity failed[39m {
  "adapter": "web",
  "name": "test-web",
  "source": "test-source",
  "error": "Cannot read properties of undefined (reading 'enabled')"
}
2025-08-25 17:49:33 [[33mwarn[39m]: [33mAll sources failed connectivity test - continuing anyway[39m {
  "adapter": "web",
  "name": "test-web"
}
2025-08-25 17:49:33 [[33mwarn[39m]: [33mSome sources failed connectivity test[39m {
  "adapter": "web",
  "name": "test-web",
  "failedSources": [
    "test-source"
  ],
  "totalSources": 1
}
2025-08-25 17:49:33 [[32minfo[39m]: [32mWebAdapter initialized successfully[39m {
  "adapter": "web",
  "name": "test-web"
}
2025-08-25 17:49:33 [[32minfo[39m]: [32mRefreshing web adapter index[39m {
  "adapter": "web",
  "name": "test-web",
  "force": true
}
2025-08-25 17:49:33 [[33mwarn[39m]: [33mSource connectivity failed[39m {
  "adapter": "web",
  "name": "test-web",
  "source": "test-source",
  "error": "Cannot read properties of undefined (reading 'enabled')"
}
2025-08-25 17:49:33 [[33mwarn[39m]: [33mAll sources failed connectivity test - continuing anyway[39m {
  "adapter": "web",
  "name": "test-web"
}
2025-08-25 17:49:33 [[33mwarn[39m]: [33mSome sources failed connectivity test[39m {
  "adapter": "web",
  "name": "test-web",
  "failedSources": [
    "test-source"
  ],
  "totalSources": 1
}
2025-08-25 17:49:33 [[32minfo[39m]: [32mWeb adapter index refreshed successfully[39m {
  "adapter": "web",
  "name": "test-web"
}
2025-08-25 17:49:33 [[32minfo[39m]: [32mInitializing WebAdapter[39m {
  "adapter": "web",
  "name": "test-web",
  "sources": 1,
  "authType": "none"
}
2025-08-25 17:49:33 [[33mwarn[39m]: [33mSource connectivity failed[39m {
  "adapter": "web",
  "name": "test-web",
  "source": "test-source",
  "error": "Cannot read properties of undefined (reading 'enabled')"
}
2025-08-25 17:49:33 [[33mwarn[39m]: [33mAll sources failed connectivity test - continuing anyway[39m {
  "adapter": "web",
  "name": "test-web"
}
2025-08-25 17:49:33 [[33mwarn[39m]: [33mSome sources failed connectivity test[39m {
  "adapter": "web",
  "name": "test-web",
  "failedSources": [
    "test-source"
  ],
  "totalSources": 1
}
2025-08-25 17:49:33 [[32minfo[39m]: [32mWebAdapter initialized successfully[39m {
  "adapter": "web",
  "name": "test-web"
}
2025-08-25 17:49:33 [[32minfo[39m]: [32mRefreshing web adapter index[39m {
  "adapter": "web",
  "name": "test-web",
  "force": true
}
2025-08-25 17:49:33 [[33mwarn[39m]: [33mSource connectivity failed[39m {
  "adapter": "web",
  "name": "test-web",
  "source": "test-source",
  "error": "Cannot read properties of undefined (reading 'enabled')"
}
2025-08-25 17:49:33 [[33mwarn[39m]: [33mAll sources failed connectivity test - continuing anyway[39m {
  "adapter": "web",
  "name": "test-web"
}
2025-08-25 17:49:33 [[33mwarn[39m]: [33mSome sources failed connectivity test[39m {
  "adapter": "web",
  "name": "test-web",
  "failedSources": [
    "test-source"
  ],
  "totalSources": 1
}
2025-08-25 17:49:33 [[32minfo[39m]: [32mWeb adapter index refreshed successfully[39m {
  "adapter": "web",
  "name": "test-web"
}
2025-08-25 17:49:33 [[37mdebug[39m]: [37mStarting web search[39m {
  "adapter": "web",
  "name": "test-web",
  "query": "database performance",
  "sources": 1
}
▶ WebAdapter (Node.js Test Runner)
  ▶ Constructor and Configuration
    ✔ should create adapter with valid configuration (1.503625ms)
    ✔ should apply default configuration values (0.2255ms)
  ✔ Constructor and Configuration (1.986834ms)
  ▶ Initialization
    ✔ should initialize successfully (1.844875ms)
    ✔ should initialize crawl queue with base URLs (0.5335ms)
  ✔ Initialization (2.450917ms)
  ▶ Web Crawling (Fixed HTTP Mocking)
    ✔ should crawl a single page successfully (1.090875ms)
    ✖ should extract content and follow links within depth limit (FIXED) (1.512041ms)
    ✖ should handle HTTP errors gracefully (0.547875ms)
  ✖ Web Crawling (Fixed HTTP Mocking) (3.246041ms)
2025-08-25 17:49:33 [[32minfo[39m]: [32mWeb search completed[39m {
  "adapter": "web",
  "name": "test-web",
  "query": "database performance",
  "resultCount": 1,
  "duration": 13
}
2025-08-25 17:49:33 [[32minfo[39m]: [32mInitializing WebAdapter[39m {
  "adapter": "web",
  "name": "test-web",
  "sources": 1,
  "authType": "none"
}
2025-08-25 17:49:33 [[33mwarn[39m]: [33mSource connectivity failed[39m {
  "adapter": "web",
  "name": "test-web",
  "source": "test-source",
  "error": "Cannot read properties of undefined (reading 'enabled')"
}
2025-08-25 17:49:33 [[33mwarn[39m]: [33mAll sources failed connectivity test - continuing anyway[39m {
  "adapter": "web",
  "name": "test-web"
}
2025-08-25 17:49:33 [[33mwarn[39m]: [33mSome sources failed connectivity test[39m {
  "adapter": "web",
  "name": "test-web",
  "failedSources": [
    "test-source"
  ],
  "totalSources": 1
}
2025-08-25 17:49:33 [[32minfo[39m]: [32mWebAdapter initialized successfully[39m {
  "adapter": "web",
  "name": "test-web"
}
2025-08-25 17:49:33 [[32minfo[39m]: [32mRefreshing web adapter index[39m {
  "adapter": "web",
  "name": "test-web",
  "force": true
}
2025-08-25 17:49:33 [[33mwarn[39m]: [33mSource connectivity failed[39m {
  "adapter": "web",
  "name": "test-web",
  "source": "test-source",
  "error": "Cannot read properties of undefined (reading 'enabled')"
}
2025-08-25 17:49:33 [[33mwarn[39m]: [33mAll sources failed connectivity test - continuing anyway[39m {
  "adapter": "web",
  "name": "test-web"
}
2025-08-25 17:49:33 [[33mwarn[39m]: [33mSome sources failed connectivity test[39m {
  "adapter": "web",
  "name": "test-web",
  "failedSources": [
    "test-source"
  ],
  "totalSources": 1
}
2025-08-25 17:49:33 [[32minfo[39m]: [32mWeb adapter index refreshed successfully[39m {
  "adapter": "web",
  "name": "test-web"
}
2025-08-25 17:49:33 [[37mdebug[39m]: [37mStarting web search[39m {
  "adapter": "web",
  "name": "test-web",
  "query": "quantum mechanics",
  "sources": 1
}
  ▶ Search Functionality
    ✖ should search documents and return results (13.425041ms)
2025-08-25 17:49:33 [[32minfo[39m]: [32mWeb search completed[39m {
  "adapter": "web",
  "name": "test-web",
  "query": "quantum mechanics",
  "resultCount": 1,
  "duration": 5
}
2025-08-25 17:49:33 [[32minfo[39m]: [32mInitializing WebAdapter[39m {
  "adapter": "web",
  "name": "test-web",
  "sources": 1,
  "authType": "none"
}
2025-08-25 17:49:33 [[33mwarn[39m]: [33mSource connectivity failed[39m {
  "adapter": "web",
  "name": "test-web",
  "source": "test-source",
  "error": "Cannot read properties of undefined (reading 'enabled')"
}
2025-08-25 17:49:33 [[33mwarn[39m]: [33mAll sources failed connectivity test - continuing anyway[39m {
  "adapter": "web",
  "name": "test-web"
}
2025-08-25 17:49:33 [[33mwarn[39m]: [33mSome sources failed connectivity test[39m {
  "adapter": "web",
  "name": "test-web",
  "failedSources": [
    "test-source"
  ],
  "totalSources": 1
}
2025-08-25 17:49:33 [[32minfo[39m]: [32mWebAdapter initialized successfully[39m {
  "adapter": "web",
  "name": "test-web"
}
2025-08-25 17:49:33 [[32minfo[39m]: [32mInitializing WebAdapter[39m {
  "adapter": "web",
  "name": "test-web",
  "sources": 1,
  "authType": "none"
}
2025-08-25 17:49:33 [[33mwarn[39m]: [33mSource connectivity failed[39m {
  "adapter": "web",
  "name": "test-web",
  "source": "test-source",
  "error": "Cannot read properties of undefined (reading 'enabled')"
}
2025-08-25 17:49:33 [[33mwarn[39m]: [33mAll sources failed connectivity test - continuing anyway[39m {
  "adapter": "web",
  "name": "test-web"
}
2025-08-25 17:49:33 [[33mwarn[39m]: [33mSome sources failed connectivity test[39m {
  "adapter": "web",
  "name": "test-web",
  "failedSources": [
    "test-source"
  ],
  "totalSources": 1
}
2025-08-25 17:49:33 [[32minfo[39m]: [32mWebAdapter initialized successfully[39m {
  "adapter": "web",
  "name": "test-web"
}
    ✖ should return empty results for non-matching queries (5.362709ms)
  ✖ Search Functionality (18.913833ms)
  ▶ Health Check
    ✖ should return healthy status when base URL is accessible (0.57425ms)
    ✔ should return unhealthy status when base URL is not accessible (0.284833ms)
  ✖ Health Check (0.894875ms)
  ▶ Error Handling
    ✔ should throw error when adapter not initialized (0.230583ms)
  ✔ Error Handling (0.249458ms)
✖ WebAdapter (Node.js Test Runner) (28.0375ms)
2025-08-25 17:49:33 [[32minfo[39m]: [32mSemanticEnhancedAdapter created[39m {
  "baseAdapterType": "MockSourceAdapter",
  "semanticEnabled": true
}
2025-08-25 17:49:33 [[32minfo[39m]: [32mHybridScoringAlgorithm initialized[39m {
  "weights": {
    "semantic": 0.6363636363636362,
    "fuzzy": 0.27272727272727276,
    "metadata": 0.09090909090909091
  }
}
2025-08-25 17:49:33 [[32minfo[39m]: [32mSearchAnalytics initialized[39m
2025-08-25 17:49:33 [[32minfo[39m]: [32mSkipping AI model initialization (SKIP_AI_TESTS=true)[39m
2025-08-25 17:49:33 [[32minfo[39m]: [32mStarting semantic indexing of documents[39m
2025-08-25 17:49:33 [[37mdebug[39m]: [37mCollected documents for semantic indexing[39m {
  "uniqueDocuments": 3,
  "totalSearches": 11
}
2025-08-25 17:49:33 [[32minfo[39m]: [32mIndexing documents for semantic search[39m {
  "documentCount": 3
}
2025-08-25 17:49:33 [[37mdebug[39m]: [37mPerforming semantic search[39m {
  "searchId": "search_1756169373444_3khkor68x",
  "query": "disk space"
}
2025-08-25 17:49:33 [[37mdebug[39m]: [37mSearch recorded[39m {
  "searchId": "search_1756169373444_3khkor68x",
  "responseTime": "0.88ms",
  "resultCount": 1,
  "cached": false
}
2025-08-25 17:49:33 [[37mdebug[39m]: [37mPerforming semantic search[39m {
  "searchId": "search_1756169373445_3z78u00v2",
  "query": "memory usage"
}
2025-08-25 17:49:33 [[37mdebug[39m]: [37mSearch recorded[39m {
  "searchId": "search_1756169373445_3z78u00v2",
  "responseTime": "0.30ms",
  "resultCount": 0,
  "cached": false
}
2025-08-25 17:49:33 [[37mdebug[39m]: [37mPerforming semantic search[39m {
  "searchId": "search_1756169373445_6zbytjr2o",
  "query": "cpu load"
}
2025-08-25 17:49:33 [[37mdebug[39m]: [37mSearch recorded[39m {
  "searchId": "search_1756169373445_6zbytjr2o",
  "responseTime": "0.21ms",
  "resultCount": 0,
  "cached": false
}
2025-08-25 17:49:33 [[37mdebug[39m]: [37mPerforming semantic search[39m {
  "searchId": "search_1756169373445_5fxflq21t",
  "query": "network issue"
}
2025-08-25 17:49:33 [[37mdebug[39m]: [37mSearch recorded[39m {
  "searchId": "search_1756169373445_5fxflq21t",
  "responseTime": "0.26ms",
  "resultCount": 0,
  "cached": false
}
2025-08-25 17:49:33 [[37mdebug[39m]: [37mPerforming semantic search[39m {
  "searchId": "search_1756169373446_e9g30bvg9",
  "query": "database connection"
}
2025-08-25 17:49:33 [[37mdebug[39m]: [37mSearch recorded[39m {
  "searchId": "search_1756169373446_e9g30bvg9",
  "responseTime": "0.29ms",
  "resultCount": 1,
  "cached": false
}
2025-08-25 17:49:33 [[37mdebug[39m]: [37mPerforming semantic search[39m {
  "searchId": "search_1756169373446_o29zueh5w",
  "query": "service restart"
}
2025-08-25 17:49:33 [[37mdebug[39m]: [37mSearch recorded[39m {
  "searchId": "search_1756169373446_o29zueh5w",
  "responseTime": "0.25ms",
  "resultCount": 0,
  "cached": false
}
2025-08-25 17:49:33 [[37mdebug[39m]: [37mPerforming semantic search[39m {
  "searchId": "search_1756169373446_u1upeab31",
  "query": "error log"
}
2025-08-25 17:49:33 [[37mdebug[39m]: [37mSearch recorded[39m {
  "searchId": "search_1756169373446_u1upeab31",
  "responseTime": "0.08ms",
  "resultCount": 0,
  "cached": false
}
2025-08-25 17:49:33 [[37mdebug[39m]: [37mPerforming semantic search[39m {
  "searchId": "search_1756169373446_db9b65jw3",
  "query": "performance issue"
}
2025-08-25 17:49:33 [[37mdebug[39m]: [37mSearch recorded[39m {
  "searchId": "search_1756169373446_db9b65jw3",
  "responseTime": "0.11ms",
  "resultCount": 0,
  "cached": false
}
2025-08-25 17:49:33 [[32minfo[39m]: [32mDocument indexing completed[39m {
  "documentCount": 3,
  "indexingTime": "3.34ms"
}
2025-08-25 17:49:33 [[32minfo[39m]: [32mDocument indexing recorded[39m {
  "documentCount": 3,
  "indexingTime": "3.34ms",
  "docsPerSecond": "896.95"
}
2025-08-25 17:49:33 [[32minfo[39m]: [32mSemantic indexing completed successfully[39m {
  "documentCount": 3
}
2025-08-25 17:49:33 [[32minfo[39m]: [32mSemantic search enhancement initialized successfully[39m
2025-08-25 17:49:33 [[32minfo[39m]: [32mCleaning up Semantic Search Engine[39m
2025-08-25 17:49:33 [[32minfo[39m]: [32mEmbedding cache cleared[39m
2025-08-25 17:49:33 [[32minfo[39m]: [32mEmbeddingManager cleaned up[39m
2025-08-25 17:49:33 [[32minfo[39m]: [32mCache cleared[39m
2025-08-25 17:49:33 [[32minfo[39m]: [32mSearchPerformanceOptimizer cleaned up[39m
2025-08-25 17:49:33 [[32minfo[39m]: [32mSemanticEnhancedAdapter created[39m {
  "baseAdapterType": "MockSourceAdapter",
  "semanticEnabled": true
}
2025-08-25 17:49:33 [[32minfo[39m]: [32mSemanticEnhancedAdapter created[39m {
  "baseAdapterType": "MockSourceAdapter",
  "semanticEnabled": false
}
2025-08-25 17:49:33 [[37mdebug[39m]: [37mUsing fallback search for query[39m {
  "query": "disk space"
}
2025-08-25 17:49:33 [[32minfo[39m]: [32mSemanticEnhancedAdapter created[39m {
  "baseAdapterType": "MockSourceAdapter",
  "semanticEnabled": true
}
2025-08-25 17:49:33 [[32minfo[39m]: [32mHybridScoringAlgorithm initialized[39m {
  "weights": {
    "semantic": 0.6363636363636362,
    "fuzzy": 0.27272727272727276,
    "metadata": 0.09090909090909091
  }
}
2025-08-25 17:49:33 [[32minfo[39m]: [32mSearchAnalytics initialized[39m
2025-08-25 17:49:33 [[32minfo[39m]: [32mSkipping AI model initialization (SKIP_AI_TESTS=true)[39m
2025-08-25 17:49:33 [[32minfo[39m]: [32mStarting semantic indexing of documents[39m
2025-08-25 17:49:33 [[37mdebug[39m]: [37mCollected documents for semantic indexing[39m {
  "uniqueDocuments": 3,
  "totalSearches": 11
}
2025-08-25 17:49:33 [[32minfo[39m]: [32mIndexing documents for semantic search[39m {
  "documentCount": 3
}
2025-08-25 17:49:33 [[37mdebug[39m]: [37mPerforming semantic search[39m {
  "searchId": "search_1756169373448_7449py6de",
  "query": "disk space"
}
2025-08-25 17:49:33 [[37mdebug[39m]: [37mSearch recorded[39m {
  "searchId": "search_1756169373448_7449py6de",
  "responseTime": "0.19ms",
  "resultCount": 1,
  "cached": false
}
2025-08-25 17:49:33 [[37mdebug[39m]: [37mPerforming semantic search[39m {
  "searchId": "search_1756169373449_ye9o4qmjh",
  "query": "memory usage"
}
2025-08-25 17:49:33 [[37mdebug[39m]: [37mSearch recorded[39m {
  "searchId": "search_1756169373449_ye9o4qmjh",
  "responseTime": "0.95ms",
  "resultCount": 0,
  "cached": false
}
2025-08-25 17:49:33 [[37mdebug[39m]: [37mPerforming semantic search[39m {
  "searchId": "search_1756169373450_had59y8k7",
  "query": "cpu load"
}
2025-08-25 17:49:33 [[37mdebug[39m]: [37mSearch recorded[39m {
  "searchId": "search_1756169373450_had59y8k7",
  "responseTime": "0.14ms",
  "resultCount": 0,
  "cached": false
}
2025-08-25 17:49:33 [[37mdebug[39m]: [37mPerforming semantic search[39m {
  "searchId": "search_1756169373450_penzftph0",
  "query": "network issue"
}
2025-08-25 17:49:33 [[37mdebug[39m]: [37mSearch recorded[39m {
  "searchId": "search_1756169373450_penzftph0",
  "responseTime": "0.19ms",
  "resultCount": 0,
  "cached": false
}
2025-08-25 17:49:33 [[37mdebug[39m]: [37mPerforming semantic search[39m {
  "searchId": "search_1756169373450_ddbu32r4k",
  "query": "database connection"
}
2025-08-25 17:49:33 [[37mdebug[39m]: [37mSearch recorded[39m {
  "searchId": "search_1756169373450_ddbu32r4k",
  "responseTime": "0.22ms",
  "resultCount": 1,
  "cached": false
}
2025-08-25 17:49:33 [[37mdebug[39m]: [37mPerforming semantic search[39m {
  "searchId": "search_1756169373450_rx4eng2v0",
  "query": "service restart"
}
2025-08-25 17:49:33 [[37mdebug[39m]: [37mSearch recorded[39m {
  "searchId": "search_1756169373450_rx4eng2v0",
  "responseTime": "0.08ms",
  "resultCount": 0,
  "cached": false
}
2025-08-25 17:49:33 [[37mdebug[39m]: [37mPerforming semantic search[39m {
  "searchId": "search_1756169373450_yplk9ekp4",
  "query": "error log"
}
2025-08-25 17:49:33 [[37mdebug[39m]: [37mSearch recorded[39m {
  "searchId": "search_1756169373450_yplk9ekp4",
  "responseTime": "0.05ms",
  "resultCount": 0,
  "cached": false
}
2025-08-25 17:49:33 [[37mdebug[39m]: [37mPerforming semantic search[39m {
  "searchId": "search_1756169373450_wm8mzkydu",
  "query": "performance issue"
}
2025-08-25 17:49:33 [[37mdebug[39m]: [37mSearch recorded[39m {
  "searchId": "search_1756169373450_wm8mzkydu",
  "responseTime": "0.08ms",
  "resultCount": 0,
  "cached": false
}
2025-08-25 17:49:33 [[32minfo[39m]: [32mDocument indexing completed[39m {
  "documentCount": 3,
  "indexingTime": "2.28ms"
}
2025-08-25 17:49:33 [[32minfo[39m]: [32mDocument indexing recorded[39m {
  "documentCount": 3,
  "indexingTime": "2.28ms",
  "docsPerSecond": "1313.68"
}
2025-08-25 17:49:33 [[32minfo[39m]: [32mSemantic indexing completed successfully[39m {
  "documentCount": 3
}
2025-08-25 17:49:33 [[32minfo[39m]: [32mSemantic search enhancement initialized successfully[39m
2025-08-25 17:49:33 [[37mdebug[39m]: [37mUsing semantic search for query[39m {
  "query": "memory pressure"
}
2025-08-25 17:49:33 [[37mdebug[39m]: [37mPerforming semantic search[39m {
  "searchId": "search_1756169373451_538ooutd4",
  "query": "memory pressure"
}
2025-08-25 17:49:33 [[37mdebug[39m]: [37mSearch recorded[39m {
  "searchId": "search_1756169373451_538ooutd4",
  "responseTime": "0.12ms",
  "resultCount": 1,
  "cached": false
}
2025-08-25 17:49:33 [[37mdebug[39m]: [37mSemantic search completed[39m {
  "query": "memory pressure",
  "resultCount": 1,
  "responseTime": "0.18ms"
}
2025-08-25 17:49:33 [[37mdebug[39m]: [37mPerforming semantic search[39m {
  "searchId": "search_1756169373451_2fpd5xlvf",
  "query": "disk_full critical web-server",
  "filters": {
    "categories": [
      "runbook"
    ]
  }
}
2025-08-25 17:49:33 [[37mdebug[39m]: [37mSearch recorded[39m {
  "searchId": "search_1756169373451_2fpd5xlvf",
  "responseTime": "0.51ms",
  "resultCount": 0,
  "cached": false
}
2025-08-25 17:49:33 [[32minfo[39m]: [32mCleaning up Semantic Search Engine[39m
2025-08-25 17:49:33 [[32minfo[39m]: [32mEmbedding cache cleared[39m
2025-08-25 17:49:33 [[32minfo[39m]: [32mEmbeddingManager cleaned up[39m
2025-08-25 17:49:33 [[32minfo[39m]: [32mCache cleared[39m
2025-08-25 17:49:33 [[32minfo[39m]: [32mSearchPerformanceOptimizer cleaned up[39m
2025-08-25 17:49:33 [[32minfo[39m]: [32mSemanticEnhancedAdapter created[39m {
  "baseAdapterType": "MockSourceAdapter",
  "semanticEnabled": true
}
2025-08-25 17:49:33 [[32minfo[39m]: [32mHybridScoringAlgorithm initialized[39m {
  "weights": {
    "semantic": 0.6363636363636362,
    "fuzzy": 0.27272727272727276,
    "metadata": 0.09090909090909091
  }
}
2025-08-25 17:49:33 [[32minfo[39m]: [32mSearchAnalytics initialized[39m
2025-08-25 17:49:33 [[32minfo[39m]: [32mSkipping AI model initialization (SKIP_AI_TESTS=true)[39m
2025-08-25 17:49:33 [[32minfo[39m]: [32mStarting semantic indexing of documents[39m
2025-08-25 17:49:33 [[37mdebug[39m]: [37mCollected documents for semantic indexing[39m {
  "uniqueDocuments": 3,
  "totalSearches": 11
}
2025-08-25 17:49:33 [[32minfo[39m]: [32mIndexing documents for semantic search[39m {
  "documentCount": 3
}
2025-08-25 17:49:33 [[37mdebug[39m]: [37mPerforming semantic search[39m {
  "searchId": "search_1756169373452_go9eo71b7",
  "query": "disk space"
}
2025-08-25 17:49:33 [[37mdebug[39m]: [37mSearch recorded[39m {
  "searchId": "search_1756169373452_go9eo71b7",
  "responseTime": "0.08ms",
  "resultCount": 1,
  "cached": false
}
2025-08-25 17:49:33 [[37mdebug[39m]: [37mPerforming semantic search[39m {
  "searchId": "search_1756169373452_q8io035zo",
  "query": "memory usage"
}
2025-08-25 17:49:33 [[37mdebug[39m]: [37mSearch recorded[39m {
  "searchId": "search_1756169373452_q8io035zo",
  "responseTime": "0.08ms",
  "resultCount": 0,
  "cached": false
}
2025-08-25 17:49:33 [[37mdebug[39m]: [37mPerforming semantic search[39m {
  "searchId": "search_1756169373452_bky8e4z5j",
  "query": "cpu load"
}
2025-08-25 17:49:33 [[37mdebug[39m]: [37mSearch recorded[39m {
  "searchId": "search_1756169373452_bky8e4z5j",
  "responseTime": "0.05ms",
  "resultCount": 0,
  "cached": false
}
2025-08-25 17:49:33 [[37mdebug[39m]: [37mPerforming semantic search[39m {
  "searchId": "search_1756169373452_to50dhsfe",
  "query": "network issue"
}
2025-08-25 17:49:33 [[37mdebug[39m]: [37mSearch recorded[39m {
  "searchId": "search_1756169373452_to50dhsfe",
  "responseTime": "0.07ms",
  "resultCount": 0,
  "cached": false
}
2025-08-25 17:49:33 [[37mdebug[39m]: [37mPerforming semantic search[39m {
  "searchId": "search_1756169373452_77gilk2m4",
  "query": "database connection"
}
2025-08-25 17:49:33 [[37mdebug[39m]: [37mSearch recorded[39m {
  "searchId": "search_1756169373452_77gilk2m4",
  "responseTime": "0.08ms",
  "resultCount": 1,
  "cached": false
}
2025-08-25 17:49:33 [[37mdebug[39m]: [37mPerforming semantic search[39m {
  "searchId": "search_1756169373453_s361hd6gl",
  "query": "service restart"
}
2025-08-25 17:49:33 [[37mdebug[39m]: [37mSearch recorded[39m {
  "searchId": "search_1756169373453_s361hd6gl",
  "responseTime": "0.07ms",
  "resultCount": 0,
  "cached": false
}
2025-08-25 17:49:33 [[37mdebug[39m]: [37mPerforming semantic search[39m {
  "searchId": "search_1756169373453_1x9wuu2j1",
  "query": "error log"
}
2025-08-25 17:49:33 [[37mdebug[39m]: [37mSearch recorded[39m {
  "searchId": "search_1756169373453_1x9wuu2j1",
  "responseTime": "0.06ms",
  "resultCount": 0,
  "cached": false
}
2025-08-25 17:49:33 [[37mdebug[39m]: [37mPerforming semantic search[39m {
  "searchId": "search_1756169373453_5f510xrg0",
  "query": "performance issue"
}
2025-08-25 17:49:33 [[37mdebug[39m]: [37mSearch recorded[39m {
  "searchId": "search_1756169373453_5f510xrg0",
  "responseTime": "0.07ms",
  "resultCount": 0,
  "cached": false
}
2025-08-25 17:49:33 [[32minfo[39m]: [32mDocument indexing completed[39m {
  "documentCount": 3,
  "indexingTime": "0.82ms"
}
2025-08-25 17:49:33 [[32minfo[39m]: [32mDocument indexing recorded[39m {
  "documentCount": 3,
  "indexingTime": "0.82ms",
  "docsPerSecond": "3649.26"
}
2025-08-25 17:49:33 [[32minfo[39m]: [32mSemantic indexing completed successfully[39m {
  "documentCount": 3
}
2025-08-25 17:49:33 [[32minfo[39m]: [32mSemantic search enhancement initialized successfully[39m
2025-08-25 17:49:33 [[37mdebug[39m]: [37mUsing semantic search for query[39m {
  "query": "storage space exhausted"
}
2025-08-25 17:49:33 [[37mdebug[39m]: [37mPerforming semantic search[39m {
  "searchId": "search_1756169373453_unfrwzzvp",
  "query": "storage space exhausted"
}
2025-08-25 17:49:33 [[37mdebug[39m]: [37mSearch recorded[39m {
  "searchId": "search_1756169373453_unfrwzzvp",
  "responseTime": "0.12ms",
  "resultCount": 0,
  "cached": false
}
2025-08-25 17:49:33 [[37mdebug[39m]: [37mSemantic search completed[39m {
  "query": "storage space exhausted",
  "resultCount": 0,
  "responseTime": "0.18ms"
}
2025-08-25 17:49:33 [[32minfo[39m]: [32mCleaning up Semantic Search Engine[39m
2025-08-25 17:49:33 [[32minfo[39m]: [32mEmbedding cache cleared[39m
2025-08-25 17:49:33 [[32minfo[39m]: [32mEmbeddingManager cleaned up[39m
2025-08-25 17:49:33 [[32minfo[39m]: [32mCache cleared[39m
2025-08-25 17:49:33 [[32minfo[39m]: [32mSearchPerformanceOptimizer cleaned up[39m
2025-08-25 17:49:33 [[32minfo[39m]: [32mSemanticEnhancedAdapter created[39m {
  "baseAdapterType": "MockSourceAdapter",
  "semanticEnabled": true
}
2025-08-25 17:49:33 [[32minfo[39m]: [32mHybridScoringAlgorithm initialized[39m {
  "weights": {
    "semantic": 0.6363636363636362,
    "fuzzy": 0.27272727272727276,
    "metadata": 0.09090909090909091
  }
}
2025-08-25 17:49:33 [[32minfo[39m]: [32mSearchAnalytics initialized[39m
2025-08-25 17:49:33 [[32minfo[39m]: [32mSkipping AI model initialization (SKIP_AI_TESTS=true)[39m
2025-08-25 17:49:33 [[32minfo[39m]: [32mStarting semantic indexing of documents[39m
2025-08-25 17:49:33 [[37mdebug[39m]: [37mCollected documents for semantic indexing[39m {
  "uniqueDocuments": 3,
  "totalSearches": 11
}
2025-08-25 17:49:33 [[32minfo[39m]: [32mIndexing documents for semantic search[39m {
  "documentCount": 3
}
2025-08-25 17:49:33 [[37mdebug[39m]: [37mPerforming semantic search[39m {
  "searchId": "search_1756169373455_wv508ujkv",
  "query": "disk space"
}
2025-08-25 17:49:33 [[37mdebug[39m]: [37mSearch recorded[39m {
  "searchId": "search_1756169373455_wv508ujkv",
  "responseTime": "0.09ms",
  "resultCount": 1,
  "cached": false
}
2025-08-25 17:49:33 [[37mdebug[39m]: [37mPerforming semantic search[39m {
  "searchId": "search_1756169373455_ko5ja0240",
  "query": "memory usage"
}
2025-08-25 17:49:33 [[37mdebug[39m]: [37mSearch recorded[39m {
  "searchId": "search_1756169373455_ko5ja0240",
  "responseTime": "0.07ms",
  "resultCount": 0,
  "cached": false
}
2025-08-25 17:49:33 [[37mdebug[39m]: [37mPerforming semantic search[39m {
  "searchId": "search_1756169373455_3z6y6u083",
  "query": "cpu load"
}
2025-08-25 17:49:33 [[37mdebug[39m]: [37mSearch recorded[39m {
  "searchId": "search_1756169373455_3z6y6u083",
  "responseTime": "0.06ms",
  "resultCount": 0,
  "cached": false
}
2025-08-25 17:49:33 [[37mdebug[39m]: [37mPerforming semantic search[39m {
  "searchId": "search_1756169373455_ts25bznz9",
  "query": "network issue"
}
2025-08-25 17:49:33 [[37mdebug[39m]: [37mSearch recorded[39m {
  "searchId": "search_1756169373455_ts25bznz9",
  "responseTime": "0.07ms",
  "resultCount": 0,
  "cached": false
}
2025-08-25 17:49:33 [[37mdebug[39m]: [37mPerforming semantic search[39m {
  "searchId": "search_1756169373455_gi6z3g762",
  "query": "database connection"
}
2025-08-25 17:49:33 [[37mdebug[39m]: [37mSearch recorded[39m {
  "searchId": "search_1756169373455_gi6z3g762",
  "responseTime": "0.08ms",
  "resultCount": 1,
  "cached": false
}
2025-08-25 17:49:33 [[37mdebug[39m]: [37mPerforming semantic search[39m {
  "searchId": "search_1756169373455_7xqy7lhws",
  "query": "service restart"
}
2025-08-25 17:49:33 [[37mdebug[39m]: [37mSearch recorded[39m {
  "searchId": "search_1756169373455_7xqy7lhws",
  "responseTime": "0.07ms",
  "resultCount": 0,
  "cached": false
}
2025-08-25 17:49:33 [[37mdebug[39m]: [37mPerforming semantic search[39m {
  "searchId": "search_1756169373455_yx41p5jct",
  "query": "error log"
}
2025-08-25 17:49:33 [[37mdebug[39m]: [37mSearch recorded[39m {
  "searchId": "search_1756169373455_yx41p5jct",
  "responseTime": "0.06ms",
  "resultCount": 0,
  "cached": false
}
2025-08-25 17:49:33 [[37mdebug[39m]: [37mPerforming semantic search[39m {
  "searchId": "search_1756169373455_9ownpltrm",
  "query": "performance issue"
}
2025-08-25 17:49:33 [[37mdebug[39m]: [37mSearch recorded[39m {
  "searchId": "search_1756169373455_9ownpltrm",
  "responseTime": "0.08ms",
  "resultCount": 0,
  "cached": false
}
2025-08-25 17:49:33 [[32minfo[39m]: [32mDocument indexing completed[39m {
  "documentCount": 3,
  "indexingTime": "0.84ms"
}
2025-08-25 17:49:33 [[32minfo[39m]: [32mDocument indexing recorded[39m {
  "documentCount": 3,
  "indexingTime": "0.84ms",
  "docsPerSecond": "3562.06"
}
2025-08-25 17:49:33 [[32minfo[39m]: [32mSemantic indexing completed successfully[39m {
  "documentCount": 3
}
2025-08-25 17:49:33 [[32minfo[39m]: [32mSemantic search enhancement initialized successfully[39m
2025-08-25 17:49:33 [[32minfo[39m]: [32mCleaning up Semantic Search Engine[39m
2025-08-25 17:49:33 [[32minfo[39m]: [32mEmbedding cache cleared[39m
2025-08-25 17:49:33 [[32minfo[39m]: [32mEmbeddingManager cleaned up[39m
2025-08-25 17:49:33 [[32minfo[39m]: [32mCache cleared[39m
2025-08-25 17:49:33 [[32minfo[39m]: [32mSearchPerformanceOptimizer cleaned up[39m
2025-08-25 17:49:33 [[32minfo[39m]: [32mSemanticEnhancedAdapter created[39m {
  "baseAdapterType": "MockSourceAdapter",
  "semanticEnabled": true
}
2025-08-25 17:49:33 [[32minfo[39m]: [32mHybridScoringAlgorithm initialized[39m {
  "weights": {
    "semantic": 0.6363636363636362,
    "fuzzy": 0.27272727272727276,
    "metadata": 0.09090909090909091
  }
}
2025-08-25 17:49:33 [[32minfo[39m]: [32mSearchAnalytics initialized[39m
2025-08-25 17:49:33 [[32minfo[39m]: [32mSkipping AI model initialization (SKIP_AI_TESTS=true)[39m
2025-08-25 17:49:33 [[32minfo[39m]: [32mStarting semantic indexing of documents[39m
2025-08-25 17:49:33 [[37mdebug[39m]: [37mCollected documents for semantic indexing[39m {
  "uniqueDocuments": 3,
  "totalSearches": 11
}
2025-08-25 17:49:33 [[32minfo[39m]: [32mIndexing documents for semantic search[39m {
  "documentCount": 3
}
2025-08-25 17:49:33 [[37mdebug[39m]: [37mPerforming semantic search[39m {
  "searchId": "search_1756169373456_6x6bqk61l",
  "query": "disk space"
}
2025-08-25 17:49:33 [[37mdebug[39m]: [37mSearch recorded[39m {
  "searchId": "search_1756169373456_6x6bqk61l",
  "responseTime": "0.06ms",
  "resultCount": 1,
  "cached": false
}
2025-08-25 17:49:33 [[37mdebug[39m]: [37mPerforming semantic search[39m {
  "searchId": "search_1756169373456_h1n26oyp6",
  "query": "memory usage"
}
2025-08-25 17:49:33 [[37mdebug[39m]: [37mSearch recorded[39m {
  "searchId": "search_1756169373456_h1n26oyp6",
  "responseTime": "0.08ms",
  "resultCount": 0,
  "cached": false
}
2025-08-25 17:49:33 [[37mdebug[39m]: [37mPerforming semantic search[39m {
  "searchId": "search_1756169373456_3dhiusvsm",
  "query": "cpu load"
}
2025-08-25 17:49:33 [[37mdebug[39m]: [37mSearch recorded[39m {
  "searchId": "search_1756169373456_3dhiusvsm",
  "responseTime": "0.05ms",
  "resultCount": 0,
  "cached": false
}
2025-08-25 17:49:33 [[37mdebug[39m]: [37mPerforming semantic search[39m {
  "searchId": "search_1756169373456_j1kyx1nhd",
  "query": "network issue"
}
2025-08-25 17:49:33 [[37mdebug[39m]: [37mSearch recorded[39m {
  "searchId": "search_1756169373456_j1kyx1nhd",
  "responseTime": "0.07ms",
  "resultCount": 0,
  "cached": false
}
2025-08-25 17:49:33 [[37mdebug[39m]: [37mPerforming semantic search[39m {
  "searchId": "search_1756169373456_6ml9wku63",
  "query": "database connection"
}
2025-08-25 17:49:33 [[37mdebug[39m]: [37mSearch recorded[39m {
  "searchId": "search_1756169373456_6ml9wku63",
  "responseTime": "0.08ms",
  "resultCount": 1,
  "cached": false
}
2025-08-25 17:49:33 [[37mdebug[39m]: [37mPerforming semantic search[39m {
  "searchId": "search_1756169373456_9xe4zx1be",
  "query": "service restart"
}
2025-08-25 17:49:33 [[37mdebug[39m]: [37mSearch recorded[39m {
  "searchId": "search_1756169373456_9xe4zx1be",
  "responseTime": "0.08ms",
  "resultCount": 0,
  "cached": false
}
2025-08-25 17:49:33 [[37mdebug[39m]: [37mPerforming semantic search[39m {
  "searchId": "search_1756169373457_nj4m8e3ku",
  "query": "error log"
}
2025-08-25 17:49:33 [[37mdebug[39m]: [37mSearch recorded[39m {
  "searchId": "search_1756169373457_nj4m8e3ku",
  "responseTime": "0.05ms",
  "resultCount": 0,
  "cached": false
}
2025-08-25 17:49:33 [[37mdebug[39m]: [37mPerforming semantic search[39m {
  "searchId": "search_1756169373457_w99igfpyo",
  "query": "performance issue"
}
2025-08-25 17:49:33 [[37mdebug[39m]: [37mSearch recorded[39m {
  "searchId": "search_1756169373457_w99igfpyo",
  "responseTime": "0.07ms",
  "resultCount": 0,
  "cached": false
}
2025-08-25 17:49:33 [[32minfo[39m]: [32mDocument indexing completed[39m {
  "documentCount": 3,
  "indexingTime": "0.77ms"
}
2025-08-25 17:49:33 [[32minfo[39m]: [32mDocument indexing recorded[39m {
  "documentCount": 3,
  "indexingTime": "0.77ms",
  "docsPerSecond": "3900.54"
}
2025-08-25 17:49:33 [[32minfo[39m]: [32mSemantic indexing completed successfully[39m {
  "documentCount": 3
}
2025-08-25 17:49:33 [[32minfo[39m]: [32mSemantic search enhancement initialized successfully[39m
2025-08-25 17:49:33 [[37mdebug[39m]: [37mUsing semantic search for query[39m {
  "query": "disk space issues"
}
2025-08-25 17:49:33 [[37mdebug[39m]: [37mPerforming semantic search[39m {
  "searchId": "search_1756169373457_9y64ju696",
  "query": "disk space issues"
}
2025-08-25 17:49:33 [[37mdebug[39m]: [37mUsing semantic search for query[39m {
  "query": "memory problems"
}
2025-08-25 17:49:33 [[37mdebug[39m]: [37mPerforming semantic search[39m {
  "searchId": "search_1756169373457_1sxi8x91h",
  "query": "memory problems"
}
2025-08-25 17:49:33 [[37mdebug[39m]: [37mUsing semantic search for query[39m {
  "query": "database connectivity"
}
2025-08-25 17:49:33 [[37mdebug[39m]: [37mPerforming semantic search[39m {
  "searchId": "search_1756169373457_obqqa01bf",
  "query": "database connectivity"
}
2025-08-25 17:49:33 [[37mdebug[39m]: [37mUsing semantic search for query[39m {
  "query": "network troubleshooting"
}
2025-08-25 17:49:33 [[37mdebug[39m]: [37mPerforming semantic search[39m {
  "searchId": "search_1756169373457_uh1oofm2m",
  "query": "network troubleshooting"
}
2025-08-25 17:49:33 [[37mdebug[39m]: [37mUsing semantic search for query[39m {
  "query": "performance optimization"
}
2025-08-25 17:49:33 [[37mdebug[39m]: [37mPerforming semantic search[39m {
  "searchId": "search_1756169373457_0d01hw554",
  "query": "performance optimization"
}
2025-08-25 17:49:33 [[37mdebug[39m]: [37mSearch recorded[39m {
  "searchId": "search_1756169373457_9y64ju696",
  "responseTime": "0.47ms",
  "resultCount": 0,
  "cached": false
}
2025-08-25 17:49:33 [[37mdebug[39m]: [37mSearch recorded[39m {
  "searchId": "search_1756169373457_1sxi8x91h",
  "responseTime": "0.52ms",
  "resultCount": 0,
  "cached": false
}
2025-08-25 17:49:33 [[37mdebug[39m]: [37mSearch recorded[39m {
  "searchId": "search_1756169373457_obqqa01bf",
  "responseTime": "0.52ms",
  "resultCount": 1,
  "cached": false
}
2025-08-25 17:49:33 [[37mdebug[39m]: [37mSearch recorded[39m {
  "searchId": "search_1756169373457_uh1oofm2m",
  "responseTime": "0.57ms",
  "resultCount": 1,
  "cached": false
}
2025-08-25 17:49:33 [[37mdebug[39m]: [37mSearch recorded[39m {
  "searchId": "search_1756169373457_0d01hw554",
  "responseTime": "0.58ms",
  "resultCount": 0,
  "cached": false
}
2025-08-25 17:49:33 [[37mdebug[39m]: [37mSemantic search completed[39m {
  "query": "disk space issues",
  "resultCount": 0,
  "responseTime": "0.97ms"
}
2025-08-25 17:49:33 [[37mdebug[39m]: [37mSemantic search completed[39m {
  "query": "memory problems",
  "resultCount": 0,
  "responseTime": "0.96ms"
}
2025-08-25 17:49:33 [[37mdebug[39m]: [37mSemantic search completed[39m {
  "query": "database connectivity",
  "resultCount": 1,
  "responseTime": "0.93ms"
}
2025-08-25 17:49:33 [[37mdebug[39m]: [37mSemantic search completed[39m {
  "query": "network troubleshooting",
  "resultCount": 1,
  "responseTime": "0.80ms"
}
2025-08-25 17:49:33 [[37mdebug[39m]: [37mSemantic search completed[39m {
  "query": "performance optimization",
  "resultCount": 0,
  "responseTime": "0.76ms"
}
Concurrent search performance: 1.09ms total, 0.22ms average
2025-08-25 17:49:33 [[32minfo[39m]: [32mCleaning up Semantic Search Engine[39m
2025-08-25 17:49:33 [[32minfo[39m]: [32mEmbedding cache cleared[39m
2025-08-25 17:49:33 [[32minfo[39m]: [32mEmbeddingManager cleaned up[39m
2025-08-25 17:49:33 [[32minfo[39m]: [32mCache cleared[39m
2025-08-25 17:49:33 [[32minfo[39m]: [32mSearchPerformanceOptimizer cleaned up[39m
2025-08-25 17:49:33 [[32minfo[39m]: [32mSemanticEnhancedAdapter created[39m {
  "baseAdapterType": "MockSourceAdapter",
  "semanticEnabled": true
}
2025-08-25 17:49:33 [[32minfo[39m]: [32mHybridScoringAlgorithm initialized[39m {
  "weights": {
    "semantic": 0.6363636363636362,
    "fuzzy": 0.27272727272727276,
    "metadata": 0.09090909090909091
  }
}
2025-08-25 17:49:33 [[32minfo[39m]: [32mSearchAnalytics initialized[39m
2025-08-25 17:49:33 [[32minfo[39m]: [32mSkipping AI model initialization (SKIP_AI_TESTS=true)[39m
2025-08-25 17:49:33 [[32minfo[39m]: [32mStarting semantic indexing of documents[39m
2025-08-25 17:49:33 [[37mdebug[39m]: [37mCollected documents for semantic indexing[39m {
  "uniqueDocuments": 3,
  "totalSearches": 11
}
2025-08-25 17:49:33 [[32minfo[39m]: [32mIndexing documents for semantic search[39m {
  "documentCount": 3
}
2025-08-25 17:49:33 [[37mdebug[39m]: [37mPerforming semantic search[39m {
  "searchId": "search_1756169373459_8me9w9ilg",
  "query": "disk space"
}
2025-08-25 17:49:33 [[37mdebug[39m]: [37mSearch recorded[39m {
  "searchId": "search_1756169373459_8me9w9ilg",
  "responseTime": "0.08ms",
  "resultCount": 1,
  "cached": false
}
2025-08-25 17:49:33 [[37mdebug[39m]: [37mPerforming semantic search[39m {
  "searchId": "search_1756169373459_tl3v2zx20",
  "query": "memory usage"
}
2025-08-25 17:49:33 [[37mdebug[39m]: [37mSearch recorded[39m {
  "searchId": "search_1756169373459_tl3v2zx20",
  "responseTime": "0.07ms",
  "resultCount": 0,
  "cached": false
}
2025-08-25 17:49:33 [[37mdebug[39m]: [37mPerforming semantic search[39m {
  "searchId": "search_1756169373459_egrbikgya",
  "query": "cpu load"
}
2025-08-25 17:49:33 [[37mdebug[39m]: [37mSearch recorded[39m {
  "searchId": "search_1756169373459_egrbikgya",
  "responseTime": "0.08ms",
  "resultCount": 0,
  "cached": false
}
2025-08-25 17:49:33 [[37mdebug[39m]: [37mPerforming semantic search[39m {
  "searchId": "search_1756169373459_eatwpf3h3",
  "query": "network issue"
}
2025-08-25 17:49:33 [[37mdebug[39m]: [37mSearch recorded[39m {
  "searchId": "search_1756169373459_eatwpf3h3",
  "responseTime": "0.08ms",
  "resultCount": 0,
  "cached": false
}
2025-08-25 17:49:33 [[37mdebug[39m]: [37mPerforming semantic search[39m {
  "searchId": "search_1756169373459_0kfhvaxx9",
  "query": "database connection"
}
2025-08-25 17:49:33 [[37mdebug[39m]: [37mSearch recorded[39m {
  "searchId": "search_1756169373459_0kfhvaxx9",
  "responseTime": "0.08ms",
  "resultCount": 1,
  "cached": false
}
2025-08-25 17:49:33 [[37mdebug[39m]: [37mPerforming semantic search[39m {
  "searchId": "search_1756169373459_y52jokygg",
  "query": "service restart"
}
2025-08-25 17:49:33 [[37mdebug[39m]: [37mSearch recorded[39m {
  "searchId": "search_1756169373459_y52jokygg",
  "responseTime": "0.07ms",
  "resultCount": 0,
  "cached": false
}
2025-08-25 17:49:33 [[37mdebug[39m]: [37mPerforming semantic search[39m {
  "searchId": "search_1756169373459_e0i3yo9te",
  "query": "error log"
}
2025-08-25 17:49:33 [[37mdebug[39m]: [37mSearch recorded[39m {
  "searchId": "search_1756169373459_e0i3yo9te",
  "responseTime": "0.05ms",
  "resultCount": 0,
  "cached": false
}
2025-08-25 17:49:33 [[37mdebug[39m]: [37mPerforming semantic search[39m {
  "searchId": "search_1756169373459_a64ijn3xf",
  "query": "performance issue"
}
2025-08-25 17:49:33 [[37mdebug[39m]: [37mSearch recorded[39m {
  "searchId": "search_1756169373459_a64ijn3xf",
  "responseTime": "0.08ms",
  "resultCount": 0,
  "cached": false
}
2025-08-25 17:49:33 [[32minfo[39m]: [32mDocument indexing completed[39m {
  "documentCount": 3,
  "indexingTime": "0.77ms"
}
2025-08-25 17:49:33 [[32minfo[39m]: [32mDocument indexing recorded[39m {
  "documentCount": 3,
  "indexingTime": "0.77ms",
  "docsPerSecond": "3878.69"
}
2025-08-25 17:49:33 [[32minfo[39m]: [32mSemantic indexing completed successfully[39m {
  "documentCount": 3
}
2025-08-25 17:49:33 [[32minfo[39m]: [32mSemantic search enhancement initialized successfully[39m
2025-08-25 17:49:33 [[37mdebug[39m]: [37mUsing semantic search for query[39m {
  "query": "disk space alert"
}
2025-08-25 17:49:33 [[37mdebug[39m]: [37mPerforming semantic search[39m {
  "searchId": "search_1756169373459_n0vhp2dej",
  "query": "disk space alert"
}
2025-08-25 17:49:33 [[37mdebug[39m]: [37mSearch recorded[39m {
  "searchId": "search_1756169373459_n0vhp2dej",
  "responseTime": "0.14ms",
  "resultCount": 1,
  "cached": false
}
2025-08-25 17:49:33 [[37mdebug[39m]: [37mSemantic search completed[39m {
  "query": "disk space alert",
  "resultCount": 1,
  "responseTime": "0.21ms"
}
2025-08-25 17:49:33 [[32minfo[39m]: [32mCleaning up Semantic Search Engine[39m
2025-08-25 17:49:33 [[32minfo[39m]: [32mEmbedding cache cleared[39m
2025-08-25 17:49:33 [[32minfo[39m]: [32mEmbeddingManager cleaned up[39m
2025-08-25 17:49:33 [[32minfo[39m]: [32mCache cleared[39m
2025-08-25 17:49:33 [[32minfo[39m]: [32mSearchPerformanceOptimizer cleaned up[39m
2025-08-25 17:49:33 [[32minfo[39m]: [32mSemanticEnhancedAdapter created[39m {
  "baseAdapterType": "MockSourceAdapter",
  "semanticEnabled": true
}
End-to-end performance: Single=0.09ms, Concurrent avg=0.06ms
▶ Semantic Integration Tests
  ✔ should initialize successfully with semantic enhancement (7.330084ms)
  ✔ should fallback to base adapter when semantic fails (0.286708ms)
  ✔ should maintain backward compatibility with existing interfaces (3.777458ms)
  ✖ should enhance search results with semantic understanding (2.563042ms)
  ✔ should provide enhanced metadata with semantic capabilities (1.360084ms)
  ✔ should handle concurrent requests efficiently (2.397709ms)
  ✔ should maintain search quality during fallback scenarios (1.639584ms)
  ✔ should support configuration updates (1.77925ms)
  ✔ should handle index refresh correctly (1.327541ms)
  ✔ should provide comprehensive health monitoring (0.52375ms)
  ✔ should handle error scenarios gracefully (0.900833ms)
✖ Semantic Integration Tests (24.475375ms)
▶ End-to-End Performance Integration
  ✔ should meet end-to-end performance targets (1.269209ms)
2025-08-25 17:49:33 [[32minfo[39m]: [32mHybridScoringAlgorithm initialized[39m {
  "weights": {
    "semantic": 0.6363636363636362,
    "fuzzy": 0.27272727272727276,
    "metadata": 0.09090909090909091
  }
}
2025-08-25 17:49:33 [[32minfo[39m]: [32mSearchAnalytics initialized[39m
2025-08-25 17:49:33 [[32minfo[39m]: [32mSkipping AI model initialization (SKIP_AI_TESTS=true)[39m
2025-08-25 17:49:33 [[32minfo[39m]: [32mStarting semantic indexing of documents[39m
2025-08-25 17:49:33 [[37mdebug[39m]: [37mCollected documents for semantic indexing[39m {
  "uniqueDocuments": 3,
  "totalSearches": 11
}
2025-08-25 17:49:33 [[32minfo[39m]: [32mIndexing documents for semantic search[39m {
  "documentCount": 3
}
2025-08-25 17:49:33 [[37mdebug[39m]: [37mPerforming semantic search[39m {
  "searchId": "search_1756169373460_hxe2i2sz5",
  "query": "disk space"
}
2025-08-25 17:49:33 [[37mdebug[39m]: [37mSearch recorded[39m {
  "searchId": "search_1756169373460_hxe2i2sz5",
  "responseTime": "0.07ms",
  "resultCount": 1,
  "cached": false
}
2025-08-25 17:49:33 [[37mdebug[39m]: [37mPerforming semantic search[39m {
  "searchId": "search_1756169373460_qcke0zfwa",
  "query": "memory usage"
}
2025-08-25 17:49:33 [[37mdebug[39m]: [37mSearch recorded[39m {
  "searchId": "search_1756169373460_qcke0zfwa",
  "responseTime": "0.05ms",
  "resultCount": 0,
  "cached": false
}
2025-08-25 17:49:33 [[37mdebug[39m]: [37mPerforming semantic search[39m {
  "searchId": "search_1756169373460_9sbiaoxz5",
  "query": "cpu load"
}
2025-08-25 17:49:33 [[37mdebug[39m]: [37mSearch recorded[39m {
  "searchId": "search_1756169373460_9sbiaoxz5",
  "responseTime": "0.04ms",
  "resultCount": 0,
  "cached": false
}
2025-08-25 17:49:33 [[37mdebug[39m]: [37mPerforming semantic search[39m {
  "searchId": "search_1756169373460_ajsfahekg",
  "query": "network issue"
}
2025-08-25 17:49:33 [[37mdebug[39m]: [37mSearch recorded[39m {
  "searchId": "search_1756169373460_ajsfahekg",
  "responseTime": "0.87ms",
  "resultCount": 0,
  "cached": false
}
2025-08-25 17:49:33 [[37mdebug[39m]: [37mPerforming semantic search[39m {
  "searchId": "search_1756169373461_2b38a1b66",
  "query": "database connection"
}
2025-08-25 17:49:33 [[37mdebug[39m]: [37mSearch recorded[39m {
  "searchId": "search_1756169373461_2b38a1b66",
  "responseTime": "0.09ms",
  "resultCount": 1,
  "cached": false
}
2025-08-25 17:49:33 [[37mdebug[39m]: [37mPerforming semantic search[39m {
  "searchId": "search_1756169373461_05219gly3",
  "query": "service restart"
}
2025-08-25 17:49:33 [[37mdebug[39m]: [37mSearch recorded[39m {
  "searchId": "search_1756169373461_05219gly3",
  "responseTime": "0.06ms",
  "resultCount": 0,
  "cached": false
}
2025-08-25 17:49:33 [[37mdebug[39m]: [37mPerforming semantic search[39m {
  "searchId": "search_1756169373461_sb16ip4vs",
  "query": "error log"
}
2025-08-25 17:49:33 [[37mdebug[39m]: [37mSearch recorded[39m {
  "searchId": "search_1756169373461_sb16ip4vs",
  "responseTime": "0.03ms",
  "resultCount": 0,
  "cached": false
}
2025-08-25 17:49:33 [[37mdebug[39m]: [37mPerforming semantic search[39m {
  "searchId": "search_1756169373461_8mag1y7og",
  "query": "performance issue"
}
2025-08-25 17:49:33 [[37mdebug[39m]: [37mSearch recorded[39m {
  "searchId": "search_1756169373461_8mag1y7og",
  "responseTime": "0.06ms",
  "resultCount": 0,
  "cached": false
}
2025-08-25 17:49:33 [[32minfo[39m]: [32mDocument indexing completed[39m {
  "documentCount": 3,
  "indexingTime": "1.36ms"
}
2025-08-25 17:49:33 [[32minfo[39m]: [32mDocument indexing recorded[39m {
  "documentCount": 3,
  "indexingTime": "1.36ms",
  "docsPerSecond": "2208.59"
}
2025-08-25 17:49:33 [[32minfo[39m]: [32mSemantic indexing completed successfully[39m {
  "documentCount": 3
}
2025-08-25 17:49:33 [[32minfo[39m]: [32mSemantic search enhancement initialized successfully[39m
2025-08-25 17:49:33 [[32minfo[39m]: [32mSemantic configuration updated[39m {
  "config": {
    "enableSemanticSearch": true,
    "enableFallback": true,
    "semanticThreshold": 0.5,
    "semanticWeight": 0.7,
    "maxResults": 20
  }
}
2025-08-25 17:49:33 [[32minfo[39m]: [32mCleaning up Semantic Search Engine[39m
2025-08-25 17:49:33 [[32minfo[39m]: [32mEmbedding cache cleared[39m
2025-08-25 17:49:33 [[32minfo[39m]: [32mEmbeddingManager cleaned up[39m
2025-08-25 17:49:33 [[32minfo[39m]: [32mCache cleared[39m
2025-08-25 17:49:33 [[32minfo[39m]: [32mSearchPerformanceOptimizer cleaned up[39m
2025-08-25 17:49:33 [[32minfo[39m]: [32mSemanticEnhancedAdapter created[39m {
  "baseAdapterType": "MockSourceAdapter",
  "semanticEnabled": true
}
2025-08-25 17:49:33 [[32minfo[39m]: [32mHybridScoringAlgorithm initialized[39m {
  "weights": {
    "semantic": 0.6363636363636362,
    "fuzzy": 0.27272727272727276,
    "metadata": 0.09090909090909091
  }
}
2025-08-25 17:49:33 [[32minfo[39m]: [32mSearchAnalytics initialized[39m
2025-08-25 17:49:33 [[32minfo[39m]: [32mSkipping AI model initialization (SKIP_AI_TESTS=true)[39m
2025-08-25 17:49:33 [[32minfo[39m]: [32mStarting semantic indexing of documents[39m
2025-08-25 17:49:33 [[37mdebug[39m]: [37mCollected documents for semantic indexing[39m {
  "uniqueDocuments": 3,
  "totalSearches": 11
}
2025-08-25 17:49:33 [[32minfo[39m]: [32mIndexing documents for semantic search[39m {
  "documentCount": 3
}
2025-08-25 17:49:33 [[37mdebug[39m]: [37mPerforming semantic search[39m {
  "searchId": "search_1756169373462_d042wli6o",
  "query": "disk space"
}
2025-08-25 17:49:33 [[37mdebug[39m]: [37mSearch recorded[39m {
  "searchId": "search_1756169373462_d042wli6o",
  "responseTime": "0.04ms",
  "resultCount": 1,
  "cached": false
}
2025-08-25 17:49:33 [[37mdebug[39m]: [37mPerforming semantic search[39m {
  "searchId": "search_1756169373462_23sjvjn8g",
  "query": "memory usage"
}
2025-08-25 17:49:33 [[37mdebug[39m]: [37mSearch recorded[39m {
  "searchId": "search_1756169373462_23sjvjn8g",
  "responseTime": "0.04ms",
  "resultCount": 0,
  "cached": false
}
2025-08-25 17:49:33 [[37mdebug[39m]: [37mPerforming semantic search[39m {
  "searchId": "search_1756169373462_ozbeqfzpp",
  "query": "cpu load"
}
2025-08-25 17:49:33 [[37mdebug[39m]: [37mSearch recorded[39m {
  "searchId": "search_1756169373462_ozbeqfzpp",
  "responseTime": "0.03ms",
  "resultCount": 0,
  "cached": false
}
2025-08-25 17:49:33 [[37mdebug[39m]: [37mPerforming semantic search[39m {
  "searchId": "search_1756169373462_vx60n5vnb",
  "query": "network issue"
}
2025-08-25 17:49:33 [[37mdebug[39m]: [37mSearch recorded[39m {
  "searchId": "search_1756169373462_vx60n5vnb",
  "responseTime": "0.04ms",
  "resultCount": 0,
  "cached": false
}
2025-08-25 17:49:33 [[37mdebug[39m]: [37mPerforming semantic search[39m {
  "searchId": "search_1756169373462_rde9amx4m",
  "query": "database connection"
}
2025-08-25 17:49:33 [[37mdebug[39m]: [37mSearch recorded[39m {
  "searchId": "search_1756169373462_rde9amx4m",
  "responseTime": "0.05ms",
  "resultCount": 1,
  "cached": false
}
2025-08-25 17:49:33 [[37mdebug[39m]: [37mPerforming semantic search[39m {
  "searchId": "search_1756169373462_8v60ykuay",
  "query": "service restart"
}
2025-08-25 17:49:33 [[37mdebug[39m]: [37mSearch recorded[39m {
  "searchId": "search_1756169373462_8v60ykuay",
  "responseTime": "0.05ms",
  "resultCount": 0,
  "cached": false
}
2025-08-25 17:49:33 [[37mdebug[39m]: [37mPerforming semantic search[39m {
  "searchId": "search_1756169373462_lz43vc32x",
  "query": "error log"
}
2025-08-25 17:49:33 [[37mdebug[39m]: [37mSearch recorded[39m {
  "searchId": "search_1756169373462_lz43vc32x",
  "responseTime": "0.03ms",
  "resultCount": 0,
  "cached": false
}
2025-08-25 17:49:33 [[37mdebug[39m]: [37mPerforming semantic search[39m {
  "searchId": "search_1756169373462_bpbz27yr9",
  "query": "performance issue"
}
2025-08-25 17:49:33 [[37mdebug[39m]: [37mSearch recorded[39m {
  "searchId": "search_1756169373462_bpbz27yr9",
  "responseTime": "0.05ms",
  "resultCount": 0,
  "cached": false
}
2025-08-25 17:49:33 [[32minfo[39m]: [32mDocument indexing completed[39m {
  "documentCount": 3,
  "indexingTime": "0.38ms"
}
2025-08-25 17:49:33 [[32minfo[39m]: [32mDocument indexing recorded[39m {
  "documentCount": 3,
  "indexingTime": "0.38ms",
  "docsPerSecond": "7946.16"
}
2025-08-25 17:49:33 [[32minfo[39m]: [32mSemantic indexing completed successfully[39m {
  "documentCount": 3
}
2025-08-25 17:49:33 [[32minfo[39m]: [32mSemantic search enhancement initialized successfully[39m
2025-08-25 17:49:33 [[32minfo[39m]: [32mStarting semantic indexing of documents[39m
2025-08-25 17:49:33 [[37mdebug[39m]: [37mCollected documents for semantic indexing[39m {
  "uniqueDocuments": 3,
  "totalSearches": 11
}
2025-08-25 17:49:33 [[32minfo[39m]: [32mIndexing documents for semantic search[39m {
  "documentCount": 3
}
2025-08-25 17:49:33 [[37mdebug[39m]: [37mPerforming semantic search[39m {
  "searchId": "search_1756169373462_2ei3tfkux",
  "query": "disk space"
}
2025-08-25 17:49:33 [[37mdebug[39m]: [37mSearch recorded[39m {
  "searchId": "search_1756169373462_2ei3tfkux",
  "responseTime": "0.04ms",
  "resultCount": 1,
  "cached": false
}
2025-08-25 17:49:33 [[37mdebug[39m]: [37mPerforming semantic search[39m {
  "searchId": "search_1756169373462_m5hxaswmv",
  "query": "memory usage"
}
2025-08-25 17:49:33 [[37mdebug[39m]: [37mSearch recorded[39m {
  "searchId": "search_1756169373462_m5hxaswmv",
  "responseTime": "0.04ms",
  "resultCount": 0,
  "cached": false
}
2025-08-25 17:49:33 [[37mdebug[39m]: [37mPerforming semantic search[39m {
  "searchId": "search_1756169373462_e0uw5heti",
  "query": "cpu load"
}
2025-08-25 17:49:33 [[37mdebug[39m]: [37mSearch recorded[39m {
  "searchId": "search_1756169373462_e0uw5heti",
  "responseTime": "0.03ms",
  "resultCount": 0,
  "cached": false
}
2025-08-25 17:49:33 [[37mdebug[39m]: [37mPerforming semantic search[39m {
  "searchId": "search_1756169373462_xk5l09u2m",
  "query": "network issue"
}
2025-08-25 17:49:33 [[37mdebug[39m]: [37mSearch recorded[39m {
  "searchId": "search_1756169373462_xk5l09u2m",
  "responseTime": "0.05ms",
  "resultCount": 0,
  "cached": false
}
2025-08-25 17:49:33 [[37mdebug[39m]: [37mPerforming semantic search[39m {
  "searchId": "search_1756169373462_wslnzwr6a",
  "query": "database connection"
}
2025-08-25 17:49:33 [[37mdebug[39m]: [37mSearch recorded[39m {
  "searchId": "search_1756169373462_wslnzwr6a",
  "responseTime": "0.06ms",
  "resultCount": 1,
  "cached": false
}
2025-08-25 17:49:33 [[37mdebug[39m]: [37mPerforming semantic search[39m {
  "searchId": "search_1756169373462_gccuiaran",
  "query": "service restart"
}
2025-08-25 17:49:33 [[37mdebug[39m]: [37mSearch recorded[39m {
  "searchId": "search_1756169373462_gccuiaran",
  "responseTime": "0.05ms",
  "resultCount": 0,
  "cached": false
}
2025-08-25 17:49:33 [[37mdebug[39m]: [37mPerforming semantic search[39m {
  "searchId": "search_1756169373462_0kz0kqhm2",
  "query": "error log"
}
2025-08-25 17:49:33 [[37mdebug[39m]: [37mSearch recorded[39m {
  "searchId": "search_1756169373462_0kz0kqhm2",
  "responseTime": "0.03ms",
  "resultCount": 0,
  "cached": false
}
2025-08-25 17:49:33 [[37mdebug[39m]: [37mPerforming semantic search[39m {
  "searchId": "search_1756169373462_ng1pjai01",
  "query": "performance issue"
}
2025-08-25 17:49:33 [[37mdebug[39m]: [37mSearch recorded[39m {
  "searchId": "search_1756169373462_ng1pjai01",
  "responseTime": "0.05ms",
  "resultCount": 0,
  "cached": false
}
2025-08-25 17:49:33 [[32minfo[39m]: [32mDocument indexing completed[39m {
  "documentCount": 3,
  "indexingTime": "0.37ms"
}
2025-08-25 17:49:33 [[32minfo[39m]: [32mDocument indexing recorded[39m {
  "documentCount": 3,
  "indexingTime": "0.37ms",
  "docsPerSecond": "8148.50"
}
2025-08-25 17:49:33 [[32minfo[39m]: [32mSemantic indexing completed successfully[39m {
  "documentCount": 3
}
2025-08-25 17:49:33 [[32minfo[39m]: [32mSemantic index refreshed successfully[39m
2025-08-25 17:49:33 [[32minfo[39m]: [32mStarting semantic indexing of documents[39m
2025-08-25 17:49:33 [[37mdebug[39m]: [37mCollected documents for semantic indexing[39m {
  "uniqueDocuments": 3,
  "totalSearches": 11
}
2025-08-25 17:49:33 [[32minfo[39m]: [32mIndexing documents for semantic search[39m {
  "documentCount": 3
}
2025-08-25 17:49:33 [[37mdebug[39m]: [37mPerforming semantic search[39m {
  "searchId": "search_1756169373463_zjb9hc1ii",
  "query": "disk space"
}
2025-08-25 17:49:33 [[37mdebug[39m]: [37mSearch recorded[39m {
  "searchId": "search_1756169373463_zjb9hc1ii",
  "responseTime": "0.03ms",
  "resultCount": 1,
  "cached": false
}
2025-08-25 17:49:33 [[37mdebug[39m]: [37mPerforming semantic search[39m {
  "searchId": "search_1756169373463_dprz7q4y9",
  "query": "memory usage"
}
2025-08-25 17:49:33 [[37mdebug[39m]: [37mSearch recorded[39m {
  "searchId": "search_1756169373463_dprz7q4y9",
  "responseTime": "0.04ms",
  "resultCount": 0,
  "cached": false
}
2025-08-25 17:49:33 [[37mdebug[39m]: [37mPerforming semantic search[39m {
  "searchId": "search_1756169373463_w3szyvd91",
  "query": "cpu load"
}
2025-08-25 17:49:33 [[37mdebug[39m]: [37mSearch recorded[39m {
  "searchId": "search_1756169373463_w3szyvd91",
  "responseTime": "0.03ms",
  "resultCount": 0,
  "cached": false
}
2025-08-25 17:49:33 [[37mdebug[39m]: [37mPerforming semantic search[39m {
  "searchId": "search_1756169373463_osgdd9bkk",
  "query": "network issue"
}
2025-08-25 17:49:33 [[37mdebug[39m]: [37mSearch recorded[39m {
  "searchId": "search_1756169373463_osgdd9bkk",
  "responseTime": "0.04ms",
  "resultCount": 0,
  "cached": false
}
2025-08-25 17:49:33 [[37mdebug[39m]: [37mPerforming semantic search[39m {
  "searchId": "search_1756169373463_i0yoz2xjd",
  "query": "database connection"
}
2025-08-25 17:49:33 [[37mdebug[39m]: [37mSearch recorded[39m {
  "searchId": "search_1756169373463_i0yoz2xjd",
  "responseTime": "0.05ms",
  "resultCount": 1,
  "cached": false
}
2025-08-25 17:49:33 [[37mdebug[39m]: [37mPerforming semantic search[39m {
  "searchId": "search_1756169373463_1sthsn4es",
  "query": "service restart"
}
2025-08-25 17:49:33 [[37mdebug[39m]: [37mSearch recorded[39m {
  "searchId": "search_1756169373463_1sthsn4es",
  "responseTime": "0.04ms",
  "resultCount": 0,
  "cached": false
}
2025-08-25 17:49:33 [[37mdebug[39m]: [37mPerforming semantic search[39m {
  "searchId": "search_1756169373463_ydplowh2t",
  "query": "error log"
}
2025-08-25 17:49:33 [[37mdebug[39m]: [37mSearch recorded[39m {
  "searchId": "search_1756169373463_ydplowh2t",
  "responseTime": "0.03ms",
  "resultCount": 0,
  "cached": false
}
2025-08-25 17:49:33 [[37mdebug[39m]: [37mPerforming semantic search[39m {
  "searchId": "search_1756169373463_21wltluf2",
  "query": "performance issue"
}
2025-08-25 17:49:33 [[37mdebug[39m]: [37mSearch recorded[39m {
  "searchId": "search_1756169373463_21wltluf2",
  "responseTime": "0.05ms",
  "resultCount": 0,
  "cached": false
}
2025-08-25 17:49:33 [[32minfo[39m]: [32mDocument indexing completed[39m {
  "documentCount": 3,
  "indexingTime": "0.33ms"
}
2025-08-25 17:49:33 [[32minfo[39m]: [32mDocument indexing recorded[39m {
  "documentCount": 3,
  "indexingTime": "0.33ms",
  "docsPerSecond": "9174.31"
}
2025-08-25 17:49:33 [[32minfo[39m]: [32mSemantic indexing completed successfully[39m {
  "documentCount": 3
}
2025-08-25 17:49:33 [[32minfo[39m]: [32mSemantic index refreshed successfully[39m
2025-08-25 17:49:33 [[32minfo[39m]: [32mCleaning up Semantic Search Engine[39m
2025-08-25 17:49:33 [[32minfo[39m]: [32mEmbedding cache cleared[39m
2025-08-25 17:49:33 [[32minfo[39m]: [32mEmbeddingManager cleaned up[39m
2025-08-25 17:49:33 [[32minfo[39m]: [32mCache cleared[39m
2025-08-25 17:49:33 [[32minfo[39m]: [32mSearchPerformanceOptimizer cleaned up[39m
2025-08-25 17:49:33 [[32minfo[39m]: [32mSemanticEnhancedAdapter created[39m {
  "baseAdapterType": "MockSourceAdapter",
  "semanticEnabled": true
}
2025-08-25 17:49:33 [[32minfo[39m]: [32mHybridScoringAlgorithm initialized[39m {
  "weights": {
    "semantic": 0.6363636363636362,
    "fuzzy": 0.27272727272727276,
    "metadata": 0.09090909090909091
  }
}
2025-08-25 17:49:33 [[32minfo[39m]: [32mSearchAnalytics initialized[39m
2025-08-25 17:49:33 [[32minfo[39m]: [32mSkipping AI model initialization (SKIP_AI_TESTS=true)[39m
2025-08-25 17:49:33 [[32minfo[39m]: [32mStarting semantic indexing of documents[39m
2025-08-25 17:49:33 [[37mdebug[39m]: [37mCollected documents for semantic indexing[39m {
  "uniqueDocuments": 3,
  "totalSearches": 11
}
2025-08-25 17:49:33 [[32minfo[39m]: [32mIndexing documents for semantic search[39m {
  "documentCount": 3
}
2025-08-25 17:49:33 [[37mdebug[39m]: [37mPerforming semantic search[39m {
  "searchId": "search_1756169373463_gldnx03tl",
  "query": "disk space"
}
2025-08-25 17:49:33 [[37mdebug[39m]: [37mSearch recorded[39m {
  "searchId": "search_1756169373463_gldnx03tl",
  "responseTime": "0.03ms",
  "resultCount": 1,
  "cached": false
}
2025-08-25 17:49:33 [[37mdebug[39m]: [37mPerforming semantic search[39m {
  "searchId": "search_1756169373463_7nayvrkil",
  "query": "memory usage"
}
2025-08-25 17:49:33 [[37mdebug[39m]: [37mSearch recorded[39m {
  "searchId": "search_1756169373463_7nayvrkil",
  "responseTime": "0.04ms",
  "resultCount": 0,
  "cached": false
}
2025-08-25 17:49:33 [[37mdebug[39m]: [37mPerforming semantic search[39m {
  "searchId": "search_1756169373463_dhw82kidy",
  "query": "cpu load"
}
2025-08-25 17:49:33 [[37mdebug[39m]: [37mSearch recorded[39m {
  "searchId": "search_1756169373463_dhw82kidy",
  "responseTime": "0.03ms",
  "resultCount": 0,
  "cached": false
}
2025-08-25 17:49:33 [[37mdebug[39m]: [37mPerforming semantic search[39m {
  "searchId": "search_1756169373463_qyi7zexkl",
  "query": "network issue"
}
2025-08-25 17:49:33 [[37mdebug[39m]: [37mSearch recorded[39m {
  "searchId": "search_1756169373463_qyi7zexkl",
  "responseTime": "0.04ms",
  "resultCount": 0,
  "cached": false
}
2025-08-25 17:49:33 [[37mdebug[39m]: [37mPerforming semantic search[39m {
  "searchId": "search_1756169373463_5c6xhk2pj",
  "query": "database connection"
}
2025-08-25 17:49:33 [[37mdebug[39m]: [37mSearch recorded[39m {
  "searchId": "search_1756169373463_5c6xhk2pj",
  "responseTime": "0.05ms",
  "resultCount": 1,
  "cached": false
}
2025-08-25 17:49:33 [[37mdebug[39m]: [37mPerforming semantic search[39m {
  "searchId": "search_1756169373463_9ekn9s7aa",
  "query": "service restart"
}
2025-08-25 17:49:33 [[37mdebug[39m]: [37mSearch recorded[39m {
  "searchId": "search_1756169373463_9ekn9s7aa",
  "responseTime": "0.04ms",
  "resultCount": 0,
  "cached": false
}
2025-08-25 17:49:33 [[37mdebug[39m]: [37mPerforming semantic search[39m {
  "searchId": "search_1756169373463_wylqei2nv",
  "query": "error log"
}
2025-08-25 17:49:33 [[37mdebug[39m]: [37mSearch recorded[39m {
  "searchId": "search_1756169373463_wylqei2nv",
  "responseTime": "0.03ms",
  "resultCount": 0,
  "cached": false
}
2025-08-25 17:49:33 [[37mdebug[39m]: [37mPerforming semantic search[39m {
  "searchId": "search_1756169373463_dgg6q633x",
  "query": "performance issue"
}
2025-08-25 17:49:33 [[37mdebug[39m]: [37mSearch recorded[39m {
  "searchId": "search_1756169373463_dgg6q633x",
  "responseTime": "0.04ms",
  "resultCount": 0,
  "cached": false
}
2025-08-25 17:49:33 [[32minfo[39m]: [32mDocument indexing completed[39m {
  "documentCount": 3,
  "indexingTime": "0.33ms"
}
2025-08-25 17:49:33 [[32minfo[39m]: [32mDocument indexing recorded[39m {
  "documentCount": 3,
  "indexingTime": "0.33ms",
  "docsPerSecond": "9217.78"
}
2025-08-25 17:49:33 [[32minfo[39m]: [32mSemantic indexing completed successfully[39m {
  "documentCount": 3
}
2025-08-25 17:49:33 [[32minfo[39m]: [32mSemantic search enhancement initialized successfully[39m
2025-08-25 17:49:33 [[32minfo[39m]: [32mCleaning up Semantic Search Engine[39m
2025-08-25 17:49:33 [[32minfo[39m]: [32mEmbedding cache cleared[39m
2025-08-25 17:49:33 [[32minfo[39m]: [32mEmbeddingManager cleaned up[39m
2025-08-25 17:49:33 [[32minfo[39m]: [32mCache cleared[39m
2025-08-25 17:49:33 [[32minfo[39m]: [32mSearchPerformanceOptimizer cleaned up[39m
2025-08-25 17:49:33 [[32minfo[39m]: [32mSemanticEnhancedAdapter created[39m {
  "baseAdapterType": "MockSourceAdapter",
  "semanticEnabled": true
}
2025-08-25 17:49:33 [[32minfo[39m]: [32mSemanticEnhancedAdapter created[39m {
  "baseAdapterType": "MockSourceAdapter",
  "semanticEnabled": true
}
2025-08-25 17:49:33 [[32minfo[39m]: [32mHybridScoringAlgorithm initialized[39m {
  "weights": {
    "semantic": 0.6363636363636362,
    "fuzzy": 0.27272727272727276,
    "metadata": 0.09090909090909091
  }
}
2025-08-25 17:49:33 [[32minfo[39m]: [32mSearchAnalytics initialized[39m
2025-08-25 17:49:33 [[32minfo[39m]: [32mSkipping AI model initialization (SKIP_AI_TESTS=true)[39m
2025-08-25 17:49:33 [[32minfo[39m]: [32mStarting semantic indexing of documents[39m
2025-08-25 17:49:33 [[37mdebug[39m]: [37mCollected documents for semantic indexing[39m {
  "uniqueDocuments": 3,
  "totalSearches": 11
}
2025-08-25 17:49:33 [[32minfo[39m]: [32mIndexing documents for semantic search[39m {
  "documentCount": 3
}
2025-08-25 17:49:33 [[37mdebug[39m]: [37mPerforming semantic search[39m {
  "searchId": "search_1756169373464_uz4bhgk72",
  "query": "disk space"
}
2025-08-25 17:49:33 [[37mdebug[39m]: [37mSearch recorded[39m {
  "searchId": "search_1756169373464_uz4bhgk72",
  "responseTime": "0.04ms",
  "resultCount": 1,
  "cached": false
}
2025-08-25 17:49:33 [[37mdebug[39m]: [37mPerforming semantic search[39m {
  "searchId": "search_1756169373464_el1znzvb9",
  "query": "memory usage"
}
2025-08-25 17:49:33 [[37mdebug[39m]: [37mSearch recorded[39m {
  "searchId": "search_1756169373464_el1znzvb9",
  "responseTime": "0.04ms",
  "resultCount": 0,
  "cached": false
}
2025-08-25 17:49:33 [[37mdebug[39m]: [37mPerforming semantic search[39m {
  "searchId": "search_1756169373464_cychnjasa",
  "query": "cpu load"
}
2025-08-25 17:49:33 [[37mdebug[39m]: [37mSearch recorded[39m {
  "searchId": "search_1756169373464_cychnjasa",
  "responseTime": "0.03ms",
  "resultCount": 0,
  "cached": false
}
2025-08-25 17:49:33 [[37mdebug[39m]: [37mPerforming semantic search[39m {
  "searchId": "search_1756169373464_n2okcufaq",
  "query": "network issue"
}
2025-08-25 17:49:33 [[37mdebug[39m]: [37mSearch recorded[39m {
  "searchId": "search_1756169373464_n2okcufaq",
  "responseTime": "0.04ms",
  "resultCount": 0,
  "cached": false
}
2025-08-25 17:49:33 [[37mdebug[39m]: [37mPerforming semantic search[39m {
  "searchId": "search_1756169373464_6hq07evvt",
  "query": "database connection"
}
2025-08-25 17:49:33 [[37mdebug[39m]: [37mSearch recorded[39m {
  "searchId": "search_1756169373464_6hq07evvt",
  "responseTime": "0.05ms",
  "resultCount": 1,
  "cached": false
}
2025-08-25 17:49:33 [[37mdebug[39m]: [37mPerforming semantic search[39m {
  "searchId": "search_1756169373464_yeevblwmz",
  "query": "service restart"
}
2025-08-25 17:49:33 [[37mdebug[39m]: [37mSearch recorded[39m {
  "searchId": "search_1756169373464_yeevblwmz",
  "responseTime": "0.05ms",
  "resultCount": 0,
  "cached": false
}
2025-08-25 17:49:33 [[37mdebug[39m]: [37mPerforming semantic search[39m {
  "searchId": "search_1756169373464_8fpsxdy61",
  "query": "error log"
}
2025-08-25 17:49:33 [[37mdebug[39m]: [37mSearch recorded[39m {
  "searchId": "search_1756169373464_8fpsxdy61",
  "responseTime": "0.03ms",
  "resultCount": 0,
  "cached": false
}
2025-08-25 17:49:33 [[37mdebug[39m]: [37mPerforming semantic search[39m {
  "searchId": "search_1756169373464_xg819vmbu",
  "query": "performance issue"
}
2025-08-25 17:49:33 [[37mdebug[39m]: [37mSearch recorded[39m {
  "searchId": "search_1756169373464_xg819vmbu",
  "responseTime": "0.05ms",
  "resultCount": 0,
  "cached": false
}
2025-08-25 17:49:33 [[32minfo[39m]: [32mDocument indexing completed[39m {
  "documentCount": 3,
  "indexingTime": "0.35ms"
}
2025-08-25 17:49:33 [[32minfo[39m]: [32mDocument indexing recorded[39m {
  "documentCount": 3,
  "indexingTime": "0.35ms",
  "docsPerSecond": "8684.12"
}
2025-08-25 17:49:33 [[32minfo[39m]: [32mSemantic indexing completed successfully[39m {
  "documentCount": 3
}
2025-08-25 17:49:33 [[32minfo[39m]: [32mSemantic search enhancement initialized successfully[39m
2025-08-25 17:49:33 [[32minfo[39m]: [32mSemanticEnhancedAdapter created[39m {
  "baseAdapterType": "MockSourceAdapter",
  "semanticEnabled": true
}
2025-08-25 17:49:33 [[32minfo[39m]: [32mHybridScoringAlgorithm initialized[39m {
  "weights": {
    "semantic": 0.6363636363636362,
    "fuzzy": 0.27272727272727276,
    "metadata": 0.09090909090909091
  }
}
2025-08-25 17:49:33 [[32minfo[39m]: [32mSearchAnalytics initialized[39m
2025-08-25 17:49:33 [[32minfo[39m]: [32mSkipping AI model initialization (SKIP_AI_TESTS=true)[39m
2025-08-25 17:49:33 [[32minfo[39m]: [32mStarting semantic indexing of documents[39m
2025-08-25 17:49:33 [[37mdebug[39m]: [37mCollected documents for semantic indexing[39m {
  "uniqueDocuments": 3,
  "totalSearches": 11
}
2025-08-25 17:49:33 [[32minfo[39m]: [32mIndexing documents for semantic search[39m {
  "documentCount": 3
}
2025-08-25 17:49:33 [[37mdebug[39m]: [37mPerforming semantic search[39m {
  "searchId": "search_1756169373464_8iz53k9qm",
  "query": "disk space"
}
2025-08-25 17:49:33 [[37mdebug[39m]: [37mSearch recorded[39m {
  "searchId": "search_1756169373464_8iz53k9qm",
  "responseTime": "0.04ms",
  "resultCount": 1,
  "cached": false
}
2025-08-25 17:49:33 [[37mdebug[39m]: [37mPerforming semantic search[39m {
  "searchId": "search_1756169373464_jr107acau",
  "query": "memory usage"
}
2025-08-25 17:49:33 [[37mdebug[39m]: [37mSearch recorded[39m {
  "searchId": "search_1756169373464_jr107acau",
  "responseTime": "0.03ms",
  "resultCount": 0,
  "cached": false
}
2025-08-25 17:49:33 [[37mdebug[39m]: [37mPerforming semantic search[39m {
  "searchId": "search_1756169373464_uyh052p9v",
  "query": "cpu load"
}
2025-08-25 17:49:33 [[37mdebug[39m]: [37mSearch recorded[39m {
  "searchId": "search_1756169373464_uyh052p9v",
  "responseTime": "0.02ms",
  "resultCount": 0,
  "cached": false
}
2025-08-25 17:49:33 [[37mdebug[39m]: [37mPerforming semantic search[39m {
  "searchId": "search_1756169373464_u9dvahe41",
  "query": "network issue"
}
2025-08-25 17:49:33 [[37mdebug[39m]: [37mSearch recorded[39m {
  "searchId": "search_1756169373464_u9dvahe41",
  "responseTime": "0.04ms",
  "resultCount": 0,
  "cached": false
}
2025-08-25 17:49:33 [[37mdebug[39m]: [37mPerforming semantic search[39m {
  "searchId": "search_1756169373464_9eo7i6cy4",
  "query": "database connection"
}
2025-08-25 17:49:33 [[37mdebug[39m]: [37mSearch recorded[39m {
  "searchId": "search_1756169373464_9eo7i6cy4",
  "responseTime": "0.05ms",
  "resultCount": 1,
  "cached": false
}
2025-08-25 17:49:33 [[37mdebug[39m]: [37mPerforming semantic search[39m {
  "searchId": "search_1756169373464_qoffpu3ms",
  "query": "service restart"
}
2025-08-25 17:49:33 [[37mdebug[39m]: [37mSearch recorded[39m {
  "searchId": "search_1756169373464_qoffpu3ms",
  "responseTime": "0.05ms",
  "resultCount": 0,
  "cached": false
}
2025-08-25 17:49:33 [[37mdebug[39m]: [37mPerforming semantic search[39m {
  "searchId": "search_1756169373464_vvoufnap1",
  "query": "error log"
}
2025-08-25 17:49:33 [[37mdebug[39m]: [37mSearch recorded[39m {
  "searchId": "search_1756169373464_vvoufnap1",
  "responseTime": "0.03ms",
  "resultCount": 0,
  "cached": false
}
2025-08-25 17:49:33 [[37mdebug[39m]: [37mPerforming semantic search[39m {
  "searchId": "search_1756169373464_azvookrsx",
  "query": "performance issue"
}
2025-08-25 17:49:33 [[37mdebug[39m]: [37mSearch recorded[39m {
  "searchId": "search_1756169373464_azvookrsx",
  "responseTime": "0.05ms",
  "resultCount": 0,
  "cached": false
}
2025-08-25 17:49:33 [[32minfo[39m]: [32mDocument indexing completed[39m {
  "documentCount": 3,
  "indexingTime": "0.33ms"
}
2025-08-25 17:49:33 [[32minfo[39m]: [32mDocument indexing recorded[39m {
  "documentCount": 3,
  "indexingTime": "0.33ms",
  "docsPerSecond": "9058.90"
}
2025-08-25 17:49:33 [[32minfo[39m]: [32mSemantic indexing completed successfully[39m {
  "documentCount": 3
}
2025-08-25 17:49:33 [[32minfo[39m]: [32mSemantic search enhancement initialized successfully[39m
2025-08-25 17:49:33 [[37mdebug[39m]: [37mUsing semantic search for query[39m {
  "query": "test query"
}
2025-08-25 17:49:33 [[37mdebug[39m]: [37mPerforming semantic search[39m {
  "searchId": "search_1756169373464_naniw2f3r",
  "query": "test query"
}
2025-08-25 17:49:33 [[37mdebug[39m]: [37mSearch recorded[39m {
  "searchId": "search_1756169373464_naniw2f3r",
  "responseTime": "0.04ms",
  "resultCount": 0,
  "cached": false
}
2025-08-25 17:49:33 [[37mdebug[39m]: [37mSemantic search completed[39m {
  "query": "test query",
  "resultCount": 0,
  "responseTime": "0.05ms"
}
2025-08-25 17:49:33 [[32minfo[39m]: [32mCleaning up Semantic Search Engine[39m
2025-08-25 17:49:33 [[32minfo[39m]: [32mEmbedding cache cleared[39m
2025-08-25 17:49:33 [[32minfo[39m]: [32mEmbeddingManager cleaned up[39m
2025-08-25 17:49:33 [[32minfo[39m]: [32mCache cleared[39m
2025-08-25 17:49:33 [[32minfo[39m]: [32mSearchPerformanceOptimizer cleaned up[39m
2025-08-25 17:49:33 [[32minfo[39m]: [32mCleaning up Semantic Search Engine[39m
2025-08-25 17:49:33 [[32minfo[39m]: [32mEmbedding cache cleared[39m
2025-08-25 17:49:33 [[32minfo[39m]: [32mEmbeddingManager cleaned up[39m
2025-08-25 17:49:33 [[32minfo[39m]: [32mCache cleared[39m
2025-08-25 17:49:33 [[32minfo[39m]: [32mSearchPerformanceOptimizer cleaned up[39m
2025-08-25 17:49:33 [[32minfo[39m]: [32mSemanticEnhancedAdapter created[39m {
  "baseAdapterType": "MockSourceAdapter",
  "semanticEnabled": true
}
2025-08-25 17:49:33 [[32minfo[39m]: [32mHybridScoringAlgorithm initialized[39m {
  "weights": {
    "semantic": 0.5454545454545454,
    "fuzzy": 0.36363636363636365,
    "metadata": 0.09090909090909091
  }
}
2025-08-25 17:49:33 [[32minfo[39m]: [32mSearchAnalytics initialized[39m
2025-08-25 17:49:33 [[32minfo[39m]: [32mSkipping AI model initialization (SKIP_AI_TESTS=true)[39m
2025-08-25 17:49:33 [[32minfo[39m]: [32mStarting semantic indexing of documents[39m
2025-08-25 17:49:33 [[37mdebug[39m]: [37mCollected documents for semantic indexing[39m {
  "uniqueDocuments": 3,
  "totalSearches": 11
}
2025-08-25 17:49:33 [[32minfo[39m]: [32mIndexing documents for semantic search[39m {
  "documentCount": 3
}
2025-08-25 17:49:33 [[37mdebug[39m]: [37mPerforming semantic search[39m {
  "searchId": "search_1756169373465_h94mu21v7",
  "query": "disk space"
}
2025-08-25 17:49:33 [[37mdebug[39m]: [37mSearch recorded[39m {
  "searchId": "search_1756169373465_h94mu21v7",
  "responseTime": "0.03ms",
  "resultCount": 1,
  "cached": false
}
2025-08-25 17:49:33 [[37mdebug[39m]: [37mPerforming semantic search[39m {
  "searchId": "search_1756169373465_9qqo7i7m5",
  "query": "memory usage"
}
2025-08-25 17:49:33 [[37mdebug[39m]: [37mSearch recorded[39m {
  "searchId": "search_1756169373465_9qqo7i7m5",
  "responseTime": "0.04ms",
  "resultCount": 0,
  "cached": false
}
2025-08-25 17:49:33 [[37mdebug[39m]: [37mPerforming semantic search[39m {
  "searchId": "search_1756169373465_n8hmfw2pu",
  "query": "cpu load"
}
2025-08-25 17:49:33 [[37mdebug[39m]: [37mSearch recorded[39m {
  "searchId": "search_1756169373465_n8hmfw2pu",
  "responseTime": "0.04ms",
  "resultCount": 0,
  "cached": false
}
2025-08-25 17:49:33 [[37mdebug[39m]: [37mPerforming semantic search[39m {
  "searchId": "search_1756169373465_5d9vvbfnf",
  "query": "network issue"
}
2025-08-25 17:49:33 [[37mdebug[39m]: [37mSearch recorded[39m {
  "searchId": "search_1756169373465_5d9vvbfnf",
  "responseTime": "0.06ms",
  "resultCount": 0,
  "cached": false
}
2025-08-25 17:49:33 [[37mdebug[39m]: [37mPerforming semantic search[39m {
  "searchId": "search_1756169373465_2jl5sfjsb",
  "query": "database connection"
}
2025-08-25 17:49:33 [[37mdebug[39m]: [37mSearch recorded[39m {
  "searchId": "search_1756169373465_2jl5sfjsb",
  "responseTime": "0.05ms",
  "resultCount": 1,
  "cached": false
}
2025-08-25 17:49:33 [[37mdebug[39m]: [37mPerforming semantic search[39m {
  "searchId": "search_1756169373465_7y3x0u816",
  "query": "service restart"
}
2025-08-25 17:49:33 [[37mdebug[39m]: [37mSearch recorded[39m {
  "searchId": "search_1756169373465_7y3x0u816",
  "responseTime": "0.05ms",
  "resultCount": 0,
  "cached": false
}
2025-08-25 17:49:33 [[37mdebug[39m]: [37mPerforming semantic search[39m {
  "searchId": "search_1756169373465_fa42dc9yc",
  "query": "error log"
}
2025-08-25 17:49:33 [[37mdebug[39m]: [37mSearch recorded[39m {
  "searchId": "search_1756169373465_fa42dc9yc",
  "responseTime": "0.03ms",
  "resultCount": 0,
  "cached": false
}
2025-08-25 17:49:33 [[37mdebug[39m]: [37mPerforming semantic search[39m {
  "searchId": "search_1756169373465_j00zfdmmj",
  "query": "performance issue"
}
2025-08-25 17:49:33 [[37mdebug[39m]: [37mSearch recorded[39m {
  "searchId": "search_1756169373465_j00zfdmmj",
  "responseTime": "0.05ms",
  "resultCount": 0,
  "cached": false
}
2025-08-25 17:49:33 [[32minfo[39m]: [32mDocument indexing completed[39m {
  "documentCount": 3,
  "indexingTime": "0.38ms"
}
2025-08-25 17:49:33 [[32minfo[39m]: [32mDocument indexing recorded[39m {
  "documentCount": 3,
  "indexingTime": "0.38ms",
  "docsPerSecond": "7954.04"
}
2025-08-25 17:49:33 [[32minfo[39m]: [32mSemantic indexing completed successfully[39m {
  "documentCount": 3
}
2025-08-25 17:49:33 [[32minfo[39m]: [32mSemantic search enhancement initialized successfully[39m
2025-08-25 17:49:33 [[37mdebug[39m]: [37mUsing semantic search for query[39m {
  "query": "disk space management"
}
2025-08-25 17:49:33 [[37mdebug[39m]: [37mPerforming semantic search[39m {
  "searchId": "search_1756169373465_dcqr99xxs",
  "query": "disk space management"
}
2025-08-25 17:49:33 [[37mdebug[39m]: [37mSearch recorded[39m {
  "searchId": "search_1756169373465_dcqr99xxs",
  "responseTime": "0.08ms",
  "resultCount": 0,
  "cached": false
}
2025-08-25 17:49:33 [[37mdebug[39m]: [37mSemantic search completed[39m {
  "query": "disk space management",
  "resultCount": 0,
  "responseTime": "0.08ms"
}
2025-08-25 17:49:33 [[37mdebug[39m]: [37mUsing semantic search for query[39m {
  "query": "test query 0"
}
2025-08-25 17:49:33 [[37mdebug[39m]: [37mPerforming semantic search[39m {
  "searchId": "search_1756169373465_j97z5xsgq",
  "query": "test query 0"
}
2025-08-25 17:49:33 [[37mdebug[39m]: [37mUsing semantic search for query[39m {
  "query": "test query 1"
}
2025-08-25 17:49:33 [[37mdebug[39m]: [37mPerforming semantic search[39m {
  "searchId": "search_1756169373465_sfzr7zw14",
  "query": "test query 1"
}
2025-08-25 17:49:33 [[37mdebug[39m]: [37mUsing semantic search for query[39m {
  "query": "test query 2"
}
2025-08-25 17:49:33 [[37mdebug[39m]: [37mPerforming semantic search[39m {
  "searchId": "search_1756169373465_6ok7iqsd6",
  "query": "test query 2"
}
2025-08-25 17:49:33 [[37mdebug[39m]: [37mUsing semantic search for query[39m {
  "query": "test query 3"
}
2025-08-25 17:49:33 [[37mdebug[39m]: [37mPerforming semantic search[39m {
  "searchId": "search_1756169373465_szlmhtlcj",
  "query": "test query 3"
}
2025-08-25 17:49:33 [[37mdebug[39m]: [37mUsing semantic search for query[39m {
  "query": "test query 4"
}
2025-08-25 17:49:33 [[37mdebug[39m]: [37mPerforming semantic search[39m {
  "searchId": "search_1756169373465_jgxsv73yo",
  "query": "test query 4"
}
2025-08-25 17:49:33 [[37mdebug[39m]: [37mUsing semantic search for query[39m {
  "query": "test query 5"
}
2025-08-25 17:49:33 [[37mdebug[39m]: [37mPerforming semantic search[39m {
  "searchId": "search_1756169373465_7vm7692fj",
  "query": "test query 5"
}
2025-08-25 17:49:33 [[37mdebug[39m]: [37mUsing semantic search for query[39m {
  "query": "test query 6"
}
2025-08-25 17:49:33 [[37mdebug[39m]: [37mPerforming semantic search[39m {
  "searchId": "search_1756169373465_lrw91jwmj",
  "query": "test query 6"
}
2025-08-25 17:49:33 [[37mdebug[39m]: [37mUsing semantic search for query[39m {
  "query": "test query 7"
}
2025-08-25 17:49:33 [[37mdebug[39m]: [37mPerforming semantic search[39m {
  "searchId": "search_1756169373465_cl954p6zr",
  "query": "test query 7"
}
2025-08-25 17:49:33 [[37mdebug[39m]: [37mUsing semantic search for query[39m {
  "query": "test query 8"
}
2025-08-25 17:49:33 [[37mdebug[39m]: [37mPerforming semantic search[39m {
  "searchId": "search_1756169373465_mzgrekzoi",
  "query": "test query 8"
}
2025-08-25 17:49:33 [[37mdebug[39m]: [37mUsing semantic search for query[39m {
  "query": "test query 9"
}
2025-08-25 17:49:33 [[37mdebug[39m]: [37mPerforming semantic search[39m {
  "searchId": "search_1756169373465_jl66ghvt1",
  "query": "test query 9"
}
2025-08-25 17:49:33 [[37mdebug[39m]: [37mSearch recorded[39m {
  "searchId": "search_1756169373465_j97z5xsgq",
  "responseTime": "0.08ms",
  "resultCount": 0,
  "cached": false
}
2025-08-25 17:49:33 [[37mdebug[39m]: [37mSearch recorded[39m {
  "searchId": "search_1756169373465_sfzr7zw14",
  "responseTime": "0.11ms",
  "resultCount": 0,
  "cached": false
}
2025-08-25 17:49:33 [[37mdebug[39m]: [37mSearch recorded[39m {
  "searchId": "search_1756169373465_6ok7iqsd6",
  "responseTime": "0.14ms",
  "resultCount": 0,
  "cached": false
}
2025-08-25 17:49:33 [[37mdebug[39m]: [37mSearch recorded[39m {
  "searchId": "search_1756169373465_szlmhtlcj",
  "responseTime": "0.16ms",
  "resultCount": 0,
  "cached": false
}
2025-08-25 17:49:33 [[37mdebug[39m]: [37mSearch recorded[39m {
  "searchId": "search_1756169373465_jgxsv73yo",
  "responseTime": "0.19ms",
  "resultCount": 0,
  "cached": false
}
2025-08-25 17:49:33 [[37mdebug[39m]: [37mSearch recorded[39m {
  "searchId": "search_1756169373465_7vm7692fj",
  "responseTime": "0.21ms",
  "resultCount": 0,
  "cached": false
}
2025-08-25 17:49:33 [[37mdebug[39m]: [37mSearch recorded[39m {
  "searchId": "search_1756169373465_lrw91jwmj",
  "responseTime": "0.24ms",
  "resultCount": 0,
  "cached": false
}
2025-08-25 17:49:33 [[37mdebug[39m]: [37mSearch recorded[39m {
  "searchId": "search_1756169373465_cl954p6zr",
  "responseTime": "0.26ms",
  "resultCount": 0,
  "cached": false
}
2025-08-25 17:49:33 [[37mdebug[39m]: [37mSearch recorded[39m {
  "searchId": "search_1756169373465_mzgrekzoi",
  "responseTime": "0.40ms",
  "resultCount": 0,
  "cached": false
}
2025-08-25 17:49:33 [[37mdebug[39m]: [37mSearch recorded[39m {
  "searchId": "search_1756169373465_jl66ghvt1",
  "responseTime": "0.51ms",
  "resultCount": 0,
  "cached": false
}
2025-08-25 17:49:33 [[37mdebug[39m]: [37mSemantic search completed[39m {
  "query": "test query 0",
  "resultCount": 0,
  "responseTime": "0.56ms"
}
2025-08-25 17:49:33 [[37mdebug[39m]: [37mSemantic search completed[39m {
  "query": "test query 1",
  "resultCount": 0,
  "responseTime": "0.55ms"
}
2025-08-25 17:49:33 [[37mdebug[39m]: [37mSemantic search completed[39m {
  "query": "test query 2",
  "resultCount": 0,
  "responseTime": "0.55ms"
}
2025-08-25 17:49:33 [[37mdebug[39m]: [37mSemantic search completed[39m {
  "query": "test query 3",
  "resultCount": 0,
  "responseTime": "0.55ms"
}
2025-08-25 17:49:33 [[37mdebug[39m]: [37mSemantic search completed[39m {
  "query": "test query 4",
  "resultCount": 0,
  "responseTime": "0.55ms"
}
2025-08-25 17:49:33 [[37mdebug[39m]: [37mSemantic search completed[39m {
  "query": "test query 5",
  "resultCount": 0,
  "responseTime": "0.55ms"
}
2025-08-25 17:49:33 [[37mdebug[39m]: [37mSemantic search completed[39m {
  "query": "test query 6",
  "resultCount": 0,
  "responseTime": "0.54ms"
}
2025-08-25 17:49:33 [[37mdebug[39m]: [37mSemantic search completed[39m {
  "query": "test query 7",
  "resultCount": 0,
  "responseTime": "0.54ms"
}
2025-08-25 17:49:33 [[37mdebug[39m]: [37mSemantic search completed[39m {
  "query": "test query 8",
  "resultCount": 0,
  "responseTime": "0.54ms"
}
2025-08-25 17:49:33 [[37mdebug[39m]: [37mSemantic search completed[39m {
  "query": "test query 9",
  "resultCount": 0,
  "responseTime": "0.53ms"
}
2025-08-25 17:49:33 [[32minfo[39m]: [32mCleaning up Semantic Search Engine[39m
2025-08-25 17:49:33 [[32minfo[39m]: [32mEmbedding cache cleared[39m
2025-08-25 17:49:33 [[32minfo[39m]: [32mEmbeddingManager cleaned up[39m
2025-08-25 17:49:33 [[32minfo[39m]: [32mCache cleared[39m
2025-08-25 17:49:33 [[32minfo[39m]: [32mSearchPerformanceOptimizer cleaned up[39m
2025-08-25 17:49:33 [[32minfo[39m]: [32mSemanticEnhancedAdapter created[39m {
  "baseAdapterType": "MockSourceAdapter",
  "semanticEnabled": true
}
2025-08-25 17:49:33 [[32minfo[39m]: [32mHybridScoringAlgorithm initialized[39m {
  "weights": {
    "semantic": 0.5454545454545454,
    "fuzzy": 0.36363636363636365,
    "metadata": 0.09090909090909091
  }
}
2025-08-25 17:49:33 [[32minfo[39m]: [32mSearchAnalytics initialized[39m
2025-08-25 17:49:33 [[32minfo[39m]: [32mSkipping AI model initialization (SKIP_AI_TESTS=true)[39m
2025-08-25 17:49:33 [[32minfo[39m]: [32mStarting semantic indexing of documents[39m
2025-08-25 17:49:33 [[37mdebug[39m]: [37mCollected documents for semantic indexing[39m {
  "uniqueDocuments": 3,
  "totalSearches": 11
}
2025-08-25 17:49:33 [[32minfo[39m]: [32mIndexing documents for semantic search[39m {
  "documentCount": 3
}
2025-08-25 17:49:33 [[37mdebug[39m]: [37mPerforming semantic search[39m {
  "searchId": "search_1756169373466_bcmdsdic1",
  "query": "disk space"
}
2025-08-25 17:49:33 [[37mdebug[39m]: [37mSearch recorded[39m {
  "searchId": "search_1756169373466_bcmdsdic1",
  "responseTime": "0.09ms",
  "resultCount": 1,
  "cached": false
}
2025-08-25 17:49:33 [[37mdebug[39m]: [37mPerforming semantic search[39m {
  "searchId": "search_1756169373466_bdnopto7y",
  "query": "memory usage"
}
2025-08-25 17:49:33 [[37mdebug[39m]: [37mSearch recorded[39m {
  "searchId": "search_1756169373466_bdnopto7y",
  "responseTime": "0.11ms",
  "resultCount": 0,
  "cached": false
}
2025-08-25 17:49:33 [[37mdebug[39m]: [37mPerforming semantic search[39m {
  "searchId": "search_1756169373466_yi6n4llz1",
  "query": "cpu load"
}
2025-08-25 17:49:33 [[37mdebug[39m]: [37mSearch recorded[39m {
  "searchId": "search_1756169373466_yi6n4llz1",
  "responseTime": "0.07ms",
  "resultCount": 0,
  "cached": false
}
2025-08-25 17:49:33 [[37mdebug[39m]: [37mPerforming semantic search[39m {
  "searchId": "search_1756169373466_4wx9bj4mx",
  "query": "network issue"
}
2025-08-25 17:49:33 [[37mdebug[39m]: [37mSearch recorded[39m {
  "searchId": "search_1756169373466_4wx9bj4mx",
  "responseTime": "0.13ms",
  "resultCount": 0,
  "cached": false
}
2025-08-25 17:49:33 [[37mdebug[39m]: [37mPerforming semantic search[39m {
  "searchId": "search_1756169373466_62whkmx6x",
  "query": "database connection"
}
2025-08-25 17:49:33 [[37mdebug[39m]: [37mSearch recorded[39m {
  "searchId": "search_1756169373466_62whkmx6x",
  "responseTime": "0.18ms",
  "resultCount": 1,
  "cached": false
}
2025-08-25 17:49:33 [[37mdebug[39m]: [37mPerforming semantic search[39m {
  "searchId": "search_1756169373466_92aqf0aj0",
  "query": "service restart"
}
2025-08-25 17:49:33 [[37mdebug[39m]: [37mSearch recorded[39m {
  "searchId": "search_1756169373466_92aqf0aj0",
  "responseTime": "0.05ms",
  "resultCount": 0,
  "cached": false
}
2025-08-25 17:49:33 [[37mdebug[39m]: [37mPerforming semantic search[39m {
  "searchId": "search_1756169373467_lc56m5os2",
  "query": "error log"
}
2025-08-25 17:49:33 [[37mdebug[39m]: [37mSearch recorded[39m {
  "searchId": "search_1756169373467_lc56m5os2",
  "responseTime": "0.03ms",
  "resultCount": 0,
  "cached": false
}
2025-08-25 17:49:33 [[37mdebug[39m]: [37mPerforming semantic search[39m {
  "searchId": "search_1756169373467_ldcb0olat",
  "query": "performance issue"
}
2025-08-25 17:49:33 [[37mdebug[39m]: [37mSearch recorded[39m {
  "searchId": "search_1756169373467_ldcb0olat",
  "responseTime": "0.05ms",
  "resultCount": 0,
  "cached": false
}
2025-08-25 17:49:33 [[32minfo[39m]: [32mDocument indexing completed[39m {
  "documentCount": 3,
  "indexingTime": "0.74ms"
}
2025-08-25 17:49:33 [[32minfo[39m]: [32mDocument indexing recorded[39m {
  "documentCount": 3,
  "indexingTime": "0.74ms",
  "docsPerSecond": "4031.36"
}
2025-08-25 17:49:33 [[32minfo[39m]: [32mSemantic indexing completed successfully[39m {
  "documentCount": 3
}
2025-08-25 17:49:33 [[32minfo[39m]: [32mSemantic search enhancement initialized successfully[39m
2025-08-25 17:49:33 [[37mdebug[39m]: [37mUsing semantic search for query[39m {
  "query": "load test query 0"
}
2025-08-25 17:49:33 [[37mdebug[39m]: [37mPerforming semantic search[39m {
  "searchId": "search_1756169373467_janrpmskf",
  "query": "load test query 0"
}
2025-08-25 17:49:33 [[37mdebug[39m]: [37mSearch recorded[39m {
  "searchId": "search_1756169373467_janrpmskf",
  "responseTime": "0.07ms",
  "resultCount": 0,
  "cached": false
}
2025-08-25 17:49:33 [[37mdebug[39m]: [37mSemantic search completed[39m {
  "query": "load test query 0",
  "resultCount": 0,
  "responseTime": "0.08ms"
}
2025-08-25 17:49:33 [[37mdebug[39m]: [37mUsing semantic search for query[39m {
  "query": "load test query 1"
}
2025-08-25 17:49:33 [[37mdebug[39m]: [37mPerforming semantic search[39m {
  "searchId": "search_1756169373568_ivczcyuy7",
  "query": "load test query 1"
}
2025-08-25 17:49:33 [[37mdebug[39m]: [37mSearch recorded[39m {
  "searchId": "search_1756169373568_ivczcyuy7",
  "responseTime": "0.12ms",
  "resultCount": 0,
  "cached": false
}
2025-08-25 17:49:33 [[37mdebug[39m]: [37mSemantic search completed[39m {
  "query": "load test query 1",
  "resultCount": 0,
  "responseTime": "0.29ms"
}
2025-08-25 17:49:33 [[37mdebug[39m]: [37mUsing semantic search for query[39m {
  "query": "load test query 2"
}
2025-08-25 17:49:33 [[37mdebug[39m]: [37mPerforming semantic search[39m {
  "searchId": "search_1756169373669_azzcvalj8",
  "query": "load test query 2"
}
2025-08-25 17:49:33 [[37mdebug[39m]: [37mSearch recorded[39m {
  "searchId": "search_1756169373669_azzcvalj8",
  "responseTime": "0.11ms",
  "resultCount": 0,
  "cached": false
}
2025-08-25 17:49:33 [[37mdebug[39m]: [37mSemantic search completed[39m {
  "query": "load test query 2",
  "resultCount": 0,
  "responseTime": "0.27ms"
}
2025-08-25 17:49:33 [[37mdebug[39m]: [37mUsing semantic search for query[39m {
  "query": "load test query 3"
}
2025-08-25 17:49:33 [[37mdebug[39m]: [37mPerforming semantic search[39m {
  "searchId": "search_1756169373769_rs8k343co",
  "query": "load test query 3"
}
2025-08-25 17:49:33 [[37mdebug[39m]: [37mSearch recorded[39m {
  "searchId": "search_1756169373769_rs8k343co",
  "responseTime": "0.12ms",
  "resultCount": 0,
  "cached": false
}
2025-08-25 17:49:33 [[37mdebug[39m]: [37mSemantic search completed[39m {
  "query": "load test query 3",
  "resultCount": 0,
  "responseTime": "0.31ms"
}
2025-08-25 17:49:33 [[37mdebug[39m]: [37mUsing semantic search for query[39m {
  "query": "load test query 4"
}
2025-08-25 17:49:33 [[37mdebug[39m]: [37mPerforming semantic search[39m {
  "searchId": "search_1756169373871_wxqvwz9ho",
  "query": "load test query 4"
}
2025-08-25 17:49:33 [[37mdebug[39m]: [37mSearch recorded[39m {
  "searchId": "search_1756169373871_wxqvwz9ho",
  "responseTime": "0.12ms",
  "resultCount": 0,
  "cached": false
}
2025-08-25 17:49:33 [[37mdebug[39m]: [37mSemantic search completed[39m {
  "query": "load test query 4",
  "resultCount": 0,
  "responseTime": "0.30ms"
}
2025-08-25 17:49:33 [[37mdebug[39m]: [37mUsing semantic search for query[39m {
  "query": "load test query 5"
}
2025-08-25 17:49:33 [[37mdebug[39m]: [37mPerforming semantic search[39m {
  "searchId": "search_1756169373972_zvbvjbh0c",
  "query": "load test query 5"
}
2025-08-25 17:49:33 [[37mdebug[39m]: [37mSearch recorded[39m {
  "searchId": "search_1756169373972_zvbvjbh0c",
  "responseTime": "0.12ms",
  "resultCount": 0,
  "cached": false
}
2025-08-25 17:49:33 [[37mdebug[39m]: [37mSemantic search completed[39m {
  "query": "load test query 5",
  "resultCount": 0,
  "responseTime": "0.28ms"
}
2025-08-25 17:49:34 [[37mdebug[39m]: [37mUsing semantic search for query[39m {
  "query": "load test query 6"
}
2025-08-25 17:49:34 [[37mdebug[39m]: [37mPerforming semantic search[39m {
  "searchId": "search_1756169374073_3ups6ctpl",
  "query": "load test query 6"
}
2025-08-25 17:49:34 [[37mdebug[39m]: [37mSearch recorded[39m {
  "searchId": "search_1756169374073_3ups6ctpl",
  "responseTime": "0.12ms",
  "resultCount": 0,
  "cached": false
}
2025-08-25 17:49:34 [[37mdebug[39m]: [37mSemantic search completed[39m {
  "query": "load test query 6",
  "resultCount": 0,
  "responseTime": "0.30ms"
}
2025-08-25 17:49:34 [[37mdebug[39m]: [37mUsing semantic search for query[39m {
  "query": "load test query 7"
}
2025-08-25 17:49:34 [[37mdebug[39m]: [37mPerforming semantic search[39m {
  "searchId": "search_1756169374174_tfhm4ktq8",
  "query": "load test query 7"
}
2025-08-25 17:49:34 [[37mdebug[39m]: [37mSearch recorded[39m {
  "searchId": "search_1756169374174_tfhm4ktq8",
  "responseTime": "0.13ms",
  "resultCount": 0,
  "cached": false
}
2025-08-25 17:49:34 [[37mdebug[39m]: [37mSemantic search completed[39m {
  "query": "load test query 7",
  "resultCount": 0,
  "responseTime": "0.30ms"
}
2025-08-25 17:49:34 [[37mdebug[39m]: [37mUsing semantic search for query[39m {
  "query": "load test query 8"
}
2025-08-25 17:49:34 [[37mdebug[39m]: [37mPerforming semantic search[39m {
  "searchId": "search_1756169374275_mwxepalfs",
  "query": "load test query 8"
}
2025-08-25 17:49:34 [[37mdebug[39m]: [37mSearch recorded[39m {
  "searchId": "search_1756169374275_mwxepalfs",
  "responseTime": "0.12ms",
  "resultCount": 0,
  "cached": false
}
2025-08-25 17:49:34 [[37mdebug[39m]: [37mSemantic search completed[39m {
  "query": "load test query 8",
  "resultCount": 0,
  "responseTime": "0.26ms"
}
2025-08-25 17:49:34 [[37mdebug[39m]: [37mUsing semantic search for query[39m {
  "query": "load test query 9"
}
2025-08-25 17:49:34 [[37mdebug[39m]: [37mPerforming semantic search[39m {
  "searchId": "search_1756169374377_6iiggtjuo",
  "query": "load test query 9"
}
2025-08-25 17:49:34 [[37mdebug[39m]: [37mSearch recorded[39m {
  "searchId": "search_1756169374377_6iiggtjuo",
  "responseTime": "0.13ms",
  "resultCount": 0,
  "cached": false
}
2025-08-25 17:49:34 [[37mdebug[39m]: [37mSemantic search completed[39m {
  "query": "load test query 9",
  "resultCount": 0,
  "responseTime": "0.30ms"
}
2025-08-25 17:49:34 [[37mdebug[39m]: [37mUsing semantic search for query[39m {
  "query": "load test query 10"
}
2025-08-25 17:49:34 [[37mdebug[39m]: [37mPerforming semantic search[39m {
  "searchId": "search_1756169374478_mh5wlcuun",
  "query": "load test query 10"
}
2025-08-25 17:49:34 [[37mdebug[39m]: [37mSearch recorded[39m {
  "searchId": "search_1756169374478_mh5wlcuun",
  "responseTime": "0.12ms",
  "resultCount": 0,
  "cached": false
}
2025-08-25 17:49:34 [[37mdebug[39m]: [37mSemantic search completed[39m {
  "query": "load test query 10",
  "resultCount": 0,
  "responseTime": "0.32ms"
}
2025-08-25 17:49:34 [[37mdebug[39m]: [37mUsing semantic search for query[39m {
  "query": "load test query 11"
}
2025-08-25 17:49:34 [[37mdebug[39m]: [37mPerforming semantic search[39m {
  "searchId": "search_1756169374580_yfbzmeo0l",
  "query": "load test query 11"
}
2025-08-25 17:49:34 [[37mdebug[39m]: [37mSearch recorded[39m {
  "searchId": "search_1756169374580_yfbzmeo0l",
  "responseTime": "0.13ms",
  "resultCount": 0,
  "cached": false
}
2025-08-25 17:49:34 [[37mdebug[39m]: [37mSemantic search completed[39m {
  "query": "load test query 11",
  "resultCount": 0,
  "responseTime": "0.31ms"
}
2025-08-25 17:49:34 [[37mdebug[39m]: [37mUsing semantic search for query[39m {
  "query": "load test query 12"
}
2025-08-25 17:49:34 [[37mdebug[39m]: [37mPerforming semantic search[39m {
  "searchId": "search_1756169374680_jdb51y468",
  "query": "load test query 12"
}
2025-08-25 17:49:34 [[37mdebug[39m]: [37mSearch recorded[39m {
  "searchId": "search_1756169374680_jdb51y468",
  "responseTime": "0.12ms",
  "resultCount": 0,
  "cached": false
}
2025-08-25 17:49:34 [[37mdebug[39m]: [37mSemantic search completed[39m {
  "query": "load test query 12",
  "resultCount": 0,
  "responseTime": "0.27ms"
}
2025-08-25 17:49:34 [[37mdebug[39m]: [37mUsing semantic search for query[39m {
  "query": "load test query 13"
}
2025-08-25 17:49:34 [[37mdebug[39m]: [37mPerforming semantic search[39m {
  "searchId": "search_1756169374782_lwpjgj7c9",
  "query": "load test query 13"
}
2025-08-25 17:49:34 [[37mdebug[39m]: [37mSearch recorded[39m {
  "searchId": "search_1756169374782_lwpjgj7c9",
  "responseTime": "0.11ms",
  "resultCount": 0,
  "cached": false
}
2025-08-25 17:49:34 [[37mdebug[39m]: [37mSemantic search completed[39m {
  "query": "load test query 13",
  "resultCount": 0,
  "responseTime": "0.24ms"
}
2025-08-25 17:49:34 [[37mdebug[39m]: [37mUsing semantic search for query[39m {
  "query": "load test query 14"
}
2025-08-25 17:49:34 [[37mdebug[39m]: [37mPerforming semantic search[39m {
  "searchId": "search_1756169374881_d2g0iv40e",
  "query": "load test query 14"
}
2025-08-25 17:49:34 [[37mdebug[39m]: [37mSearch recorded[39m {
  "searchId": "search_1756169374881_d2g0iv40e",
  "responseTime": "0.11ms",
  "resultCount": 0,
  "cached": false
}
2025-08-25 17:49:34 [[37mdebug[39m]: [37mSemantic search completed[39m {
  "query": "load test query 14",
  "resultCount": 0,
  "responseTime": "0.24ms"
}
2025-08-25 17:49:34 [[37mdebug[39m]: [37mUsing semantic search for query[39m {
  "query": "load test query 15"
}
2025-08-25 17:49:34 [[37mdebug[39m]: [37mPerforming semantic search[39m {
  "searchId": "search_1756169374983_e7i2lqf5b",
  "query": "load test query 15"
}
2025-08-25 17:49:34 [[37mdebug[39m]: [37mSearch recorded[39m {
  "searchId": "search_1756169374983_e7i2lqf5b",
  "responseTime": "0.11ms",
  "resultCount": 0,
  "cached": false
}
2025-08-25 17:49:34 [[37mdebug[39m]: [37mSemantic search completed[39m {
  "query": "load test query 15",
  "resultCount": 0,
  "responseTime": "0.26ms"
}
2025-08-25 17:49:35 [[37mdebug[39m]: [37mUsing semantic search for query[39m {
  "query": "load test query 16"
}
2025-08-25 17:49:35 [[37mdebug[39m]: [37mPerforming semantic search[39m {
  "searchId": "search_1756169375084_p8r0gcsgd",
  "query": "load test query 16"
}
2025-08-25 17:49:35 [[37mdebug[39m]: [37mSearch recorded[39m {
  "searchId": "search_1756169375084_p8r0gcsgd",
  "responseTime": "0.12ms",
  "resultCount": 0,
  "cached": false
}
2025-08-25 17:49:35 [[37mdebug[39m]: [37mSemantic search completed[39m {
  "query": "load test query 16",
  "resultCount": 0,
  "responseTime": "0.28ms"
}
2025-08-25 17:49:35 [[37mdebug[39m]: [37mUsing semantic search for query[39m {
  "query": "load test query 17"
}
2025-08-25 17:49:35 [[37mdebug[39m]: [37mPerforming semantic search[39m {
  "searchId": "search_1756169375185_16x4409xp",
  "query": "load test query 17"
}
2025-08-25 17:49:35 [[37mdebug[39m]: [37mSearch recorded[39m {
  "searchId": "search_1756169375185_16x4409xp",
  "responseTime": "0.13ms",
  "resultCount": 0,
  "cached": false
}
2025-08-25 17:49:35 [[37mdebug[39m]: [37mSemantic search completed[39m {
  "query": "load test query 17",
  "resultCount": 0,
  "responseTime": "0.31ms"
}
2025-08-25 17:49:35 [[37mdebug[39m]: [37mUsing semantic search for query[39m {
  "query": "load test query 18"
}
2025-08-25 17:49:35 [[37mdebug[39m]: [37mPerforming semantic search[39m {
  "searchId": "search_1756169375286_9qzygp7yq",
  "query": "load test query 18"
}
2025-08-25 17:49:35 [[37mdebug[39m]: [37mSearch recorded[39m {
  "searchId": "search_1756169375286_9qzygp7yq",
  "responseTime": "0.11ms",
  "resultCount": 0,
  "cached": false
}
2025-08-25 17:49:35 [[37mdebug[39m]: [37mSemantic search completed[39m {
  "query": "load test query 18",
  "resultCount": 0,
  "responseTime": "0.23ms"
}
2025-08-25 17:49:35 [[37mdebug[39m]: [37mUsing semantic search for query[39m {
  "query": "load test query 19"
}
2025-08-25 17:49:35 [[37mdebug[39m]: [37mPerforming semantic search[39m {
  "searchId": "search_1756169375387_nq8k1jikk",
  "query": "load test query 19"
}
2025-08-25 17:49:35 [[37mdebug[39m]: [37mSearch recorded[39m {
  "searchId": "search_1756169375387_nq8k1jikk",
  "responseTime": "0.15ms",
  "resultCount": 0,
  "cached": false
}
2025-08-25 17:49:35 [[37mdebug[39m]: [37mSemantic search completed[39m {
  "query": "load test query 19",
  "resultCount": 0,
  "responseTime": "0.31ms"
}
2025-08-25 17:49:35 [[37mdebug[39m]: [37mUsing semantic search for query[39m {
  "query": "load test query 20"
}
2025-08-25 17:49:35 [[37mdebug[39m]: [37mPerforming semantic search[39m {
  "searchId": "search_1756169375488_dhuox8zm7",
  "query": "load test query 20"
}
2025-08-25 17:49:35 [[37mdebug[39m]: [37mSearch recorded[39m {
  "searchId": "search_1756169375488_dhuox8zm7",
  "responseTime": "0.11ms",
  "resultCount": 0,
  "cached": false
}
2025-08-25 17:49:35 [[37mdebug[39m]: [37mSemantic search completed[39m {
  "query": "load test query 20",
  "resultCount": 0,
  "responseTime": "0.26ms"
}
2025-08-25 17:49:35 [[37mdebug[39m]: [37mUsing semantic search for query[39m {
  "query": "load test query 21"
}
2025-08-25 17:49:35 [[37mdebug[39m]: [37mPerforming semantic search[39m {
  "searchId": "search_1756169375589_sth25gjbx",
  "query": "load test query 21"
}
2025-08-25 17:49:35 [[37mdebug[39m]: [37mSearch recorded[39m {
  "searchId": "search_1756169375589_sth25gjbx",
  "responseTime": "0.14ms",
  "resultCount": 0,
  "cached": false
}
2025-08-25 17:49:35 [[37mdebug[39m]: [37mSemantic search completed[39m {
  "query": "load test query 21",
  "resultCount": 0,
  "responseTime": "0.34ms"
}
2025-08-25 17:49:35 [[37mdebug[39m]: [37mUsing semantic search for query[39m {
  "query": "load test query 22"
}
2025-08-25 17:49:35 [[37mdebug[39m]: [37mPerforming semantic search[39m {
  "searchId": "search_1756169375690_us7h5mp9d",
  "query": "load test query 22"
}
2025-08-25 17:49:35 [[37mdebug[39m]: [37mSearch recorded[39m {
  "searchId": "search_1756169375690_us7h5mp9d",
  "responseTime": "0.14ms",
  "resultCount": 0,
  "cached": false
}
2025-08-25 17:49:35 [[37mdebug[39m]: [37mSemantic search completed[39m {
  "query": "load test query 22",
  "resultCount": 0,
  "responseTime": "0.34ms"
}
2025-08-25 17:49:35 [[37mdebug[39m]: [37mUsing semantic search for query[39m {
  "query": "load test query 23"
}
2025-08-25 17:49:35 [[37mdebug[39m]: [37mPerforming semantic search[39m {
  "searchId": "search_1756169375791_agvqdc9u1",
  "query": "load test query 23"
}
2025-08-25 17:49:35 [[37mdebug[39m]: [37mSearch recorded[39m {
  "searchId": "search_1756169375791_agvqdc9u1",
  "responseTime": "0.15ms",
  "resultCount": 0,
  "cached": false
}
2025-08-25 17:49:35 [[37mdebug[39m]: [37mSemantic search completed[39m {
  "query": "load test query 23",
  "resultCount": 0,
  "responseTime": "0.37ms"
}
2025-08-25 17:49:35 [[37mdebug[39m]: [37mUsing semantic search for query[39m {
  "query": "load test query 24"
}
2025-08-25 17:49:35 [[37mdebug[39m]: [37mPerforming semantic search[39m {
  "searchId": "search_1756169375893_rupp5v4xq",
  "query": "load test query 24"
}
2025-08-25 17:49:35 [[37mdebug[39m]: [37mSearch recorded[39m {
  "searchId": "search_1756169375893_rupp5v4xq",
  "responseTime": "0.12ms",
  "resultCount": 0,
  "cached": false
}
2025-08-25 17:49:35 [[37mdebug[39m]: [37mSemantic search completed[39m {
  "query": "load test query 24",
  "resultCount": 0,
  "responseTime": "0.27ms"
}
2025-08-25 17:49:35 [[37mdebug[39m]: [37mUsing semantic search for query[39m {
  "query": "load test query 25"
}
2025-08-25 17:49:35 [[37mdebug[39m]: [37mPerforming semantic search[39m {
  "searchId": "search_1756169375993_ssrfbbuug",
  "query": "load test query 25"
}
2025-08-25 17:49:35 [[37mdebug[39m]: [37mSearch recorded[39m {
  "searchId": "search_1756169375993_ssrfbbuug",
  "responseTime": "0.12ms",
  "resultCount": 0,
  "cached": false
}
2025-08-25 17:49:35 [[37mdebug[39m]: [37mSemantic search completed[39m {
  "query": "load test query 25",
  "resultCount": 0,
  "responseTime": "0.27ms"
}
2025-08-25 17:49:36 [[37mdebug[39m]: [37mUsing semantic search for query[39m {
  "query": "load test query 26"
}
2025-08-25 17:49:36 [[37mdebug[39m]: [37mPerforming semantic search[39m {
  "searchId": "search_1756169376094_68xd0fjq0",
  "query": "load test query 26"
}
2025-08-25 17:49:36 [[37mdebug[39m]: [37mSearch recorded[39m {
  "searchId": "search_1756169376094_68xd0fjq0",
  "responseTime": "0.11ms",
  "resultCount": 0,
  "cached": false
}
2025-08-25 17:49:36 [[37mdebug[39m]: [37mSemantic search completed[39m {
  "query": "load test query 26",
  "resultCount": 0,
  "responseTime": "0.26ms"
}
2025-08-25 17:49:36 [[37mdebug[39m]: [37mUsing semantic search for query[39m {
  "query": "load test query 27"
}
2025-08-25 17:49:36 [[37mdebug[39m]: [37mPerforming semantic search[39m {
  "searchId": "search_1756169376196_yffm4qekq",
  "query": "load test query 27"
}
2025-08-25 17:49:36 [[37mdebug[39m]: [37mSearch recorded[39m {
  "searchId": "search_1756169376196_yffm4qekq",
  "responseTime": "0.10ms",
  "resultCount": 0,
  "cached": false
}
2025-08-25 17:49:36 [[37mdebug[39m]: [37mSemantic search completed[39m {
  "query": "load test query 27",
  "resultCount": 0,
  "responseTime": "0.22ms"
}
2025-08-25 17:49:36 [[37mdebug[39m]: [37mUsing semantic search for query[39m {
  "query": "load test query 28"
}
2025-08-25 17:49:36 [[37mdebug[39m]: [37mPerforming semantic search[39m {
  "searchId": "search_1756169376297_tdndehjn9",
  "query": "load test query 28"
}
2025-08-25 17:49:36 [[37mdebug[39m]: [37mSearch recorded[39m {
  "searchId": "search_1756169376297_tdndehjn9",
  "responseTime": "0.11ms",
  "resultCount": 0,
  "cached": false
}
2025-08-25 17:49:36 [[37mdebug[39m]: [37mSemantic search completed[39m {
  "query": "load test query 28",
  "resultCount": 0,
  "responseTime": "0.22ms"
}
2025-08-25 17:49:36 [[37mdebug[39m]: [37mUsing semantic search for query[39m {
  "query": "load test query 29"
}
2025-08-25 17:49:36 [[37mdebug[39m]: [37mPerforming semantic search[39m {
  "searchId": "search_1756169376398_v91sig8nu",
  "query": "load test query 29"
}
2025-08-25 17:49:36 [[37mdebug[39m]: [37mSearch recorded[39m {
  "searchId": "search_1756169376398_v91sig8nu",
  "responseTime": "0.12ms",
  "resultCount": 0,
  "cached": false
}
2025-08-25 17:49:36 [[37mdebug[39m]: [37mSemantic search completed[39m {
  "query": "load test query 29",
  "resultCount": 0,
  "responseTime": "0.27ms"
}
2025-08-25 17:49:36 [[37mdebug[39m]: [37mUsing semantic search for query[39m {
  "query": "load test query 30"
}
2025-08-25 17:49:36 [[37mdebug[39m]: [37mPerforming semantic search[39m {
  "searchId": "search_1756169376498_pmomnoj4t",
  "query": "load test query 30"
}
2025-08-25 17:49:36 [[37mdebug[39m]: [37mSearch recorded[39m {
  "searchId": "search_1756169376498_pmomnoj4t",
  "responseTime": "0.12ms",
  "resultCount": 0,
  "cached": false
}
2025-08-25 17:49:36 [[37mdebug[39m]: [37mSemantic search completed[39m {
  "query": "load test query 30",
  "resultCount": 0,
  "responseTime": "0.29ms"
}
2025-08-25 17:49:36 [[37mdebug[39m]: [37mUsing semantic search for query[39m {
  "query": "load test query 31"
}
2025-08-25 17:49:36 [[37mdebug[39m]: [37mPerforming semantic search[39m {
  "searchId": "search_1756169376598_ialww1nh5",
  "query": "load test query 31"
}
2025-08-25 17:49:36 [[37mdebug[39m]: [37mSearch recorded[39m {
  "searchId": "search_1756169376598_ialww1nh5",
  "responseTime": "0.10ms",
  "resultCount": 0,
  "cached": false
}
2025-08-25 17:49:36 [[37mdebug[39m]: [37mSemantic search completed[39m {
  "query": "load test query 31",
  "resultCount": 0,
  "responseTime": "0.23ms"
}
2025-08-25 17:49:36 [[37mdebug[39m]: [37mUsing semantic search for query[39m {
  "query": "load test query 32"
}
2025-08-25 17:49:36 [[37mdebug[39m]: [37mPerforming semantic search[39m {
  "searchId": "search_1756169376700_fyxr99fx9",
  "query": "load test query 32"
}
2025-08-25 17:49:36 [[37mdebug[39m]: [37mSearch recorded[39m {
  "searchId": "search_1756169376700_fyxr99fx9",
  "responseTime": "0.10ms",
  "resultCount": 0,
  "cached": false
}
2025-08-25 17:49:36 [[37mdebug[39m]: [37mSemantic search completed[39m {
  "query": "load test query 32",
  "resultCount": 0,
  "responseTime": "0.21ms"
}
2025-08-25 17:49:36 [[37mdebug[39m]: [37mUsing semantic search for query[39m {
  "query": "load test query 33"
}
2025-08-25 17:49:36 [[37mdebug[39m]: [37mPerforming semantic search[39m {
  "searchId": "search_1756169376801_q5frdue56",
  "query": "load test query 33"
}
2025-08-25 17:49:36 [[37mdebug[39m]: [37mSearch recorded[39m {
  "searchId": "search_1756169376801_q5frdue56",
  "responseTime": "0.10ms",
  "resultCount": 0,
  "cached": false
}
2025-08-25 17:49:36 [[37mdebug[39m]: [37mSemantic search completed[39m {
  "query": "load test query 33",
  "resultCount": 0,
  "responseTime": "0.22ms"
}
2025-08-25 17:49:36 [[37mdebug[39m]: [37mUsing semantic search for query[39m {
  "query": "load test query 34"
}
2025-08-25 17:49:36 [[37mdebug[39m]: [37mPerforming semantic search[39m {
  "searchId": "search_1756169376901_0aidx6xmn",
  "query": "load test query 34"
}
2025-08-25 17:49:36 [[37mdebug[39m]: [37mSearch recorded[39m {
  "searchId": "search_1756169376901_0aidx6xmn",
  "responseTime": "0.15ms",
  "resultCount": 0,
  "cached": false
}
2025-08-25 17:49:36 [[37mdebug[39m]: [37mSemantic search completed[39m {
  "query": "load test query 34",
  "resultCount": 0,
  "responseTime": "0.27ms"
}
2025-08-25 17:49:37 [[37mdebug[39m]: [37mUsing semantic search for query[39m {
  "query": "load test query 35"
}
2025-08-25 17:49:37 [[37mdebug[39m]: [37mPerforming semantic search[39m {
  "searchId": "search_1756169377003_d950tt1r1",
  "query": "load test query 35"
}
2025-08-25 17:49:37 [[37mdebug[39m]: [37mSearch recorded[39m {
  "searchId": "search_1756169377003_d950tt1r1",
  "responseTime": "0.13ms",
  "resultCount": 0,
  "cached": false
}
2025-08-25 17:49:37 [[37mdebug[39m]: [37mSemantic search completed[39m {
  "query": "load test query 35",
  "resultCount": 0,
  "responseTime": "0.33ms"
}
2025-08-25 17:49:37 [[37mdebug[39m]: [37mUsing semantic search for query[39m {
  "query": "load test query 36"
}
2025-08-25 17:49:37 [[37mdebug[39m]: [37mPerforming semantic search[39m {
  "searchId": "search_1756169377104_wk0qblayf",
  "query": "load test query 36"
}
2025-08-25 17:49:37 [[37mdebug[39m]: [37mSearch recorded[39m {
  "searchId": "search_1756169377104_wk0qblayf",
  "responseTime": "0.12ms",
  "resultCount": 0,
  "cached": false
}
2025-08-25 17:49:37 [[37mdebug[39m]: [37mSemantic search completed[39m {
  "query": "load test query 36",
  "resultCount": 0,
  "responseTime": "0.30ms"
}
2025-08-25 17:49:37 [[37mdebug[39m]: [37mUsing semantic search for query[39m {
  "query": "load test query 37"
}
2025-08-25 17:49:37 [[37mdebug[39m]: [37mPerforming semantic search[39m {
  "searchId": "search_1756169377206_cl207x4yo",
  "query": "load test query 37"
}
2025-08-25 17:49:37 [[37mdebug[39m]: [37mSearch recorded[39m {
  "searchId": "search_1756169377206_cl207x4yo",
  "responseTime": "0.11ms",
  "resultCount": 0,
  "cached": false
}
2025-08-25 17:49:37 [[37mdebug[39m]: [37mSemantic search completed[39m {
  "query": "load test query 37",
  "resultCount": 0,
  "responseTime": "0.23ms"
}
2025-08-25 17:49:37 [[37mdebug[39m]: [37mUsing semantic search for query[39m {
  "query": "load test query 38"
}
2025-08-25 17:49:37 [[37mdebug[39m]: [37mPerforming semantic search[39m {
  "searchId": "search_1756169377307_wvagbf7rg",
  "query": "load test query 38"
}
2025-08-25 17:49:37 [[37mdebug[39m]: [37mSearch recorded[39m {
  "searchId": "search_1756169377307_wvagbf7rg",
  "responseTime": "0.27ms",
  "resultCount": 0,
  "cached": false
}
2025-08-25 17:49:37 [[37mdebug[39m]: [37mSemantic search completed[39m {
  "query": "load test query 38",
  "resultCount": 0,
  "responseTime": "0.56ms"
}
2025-08-25 17:49:37 [[37mdebug[39m]: [37mUsing semantic search for query[39m {
  "query": "load test query 39"
}
2025-08-25 17:49:37 [[37mdebug[39m]: [37mPerforming semantic search[39m {
  "searchId": "search_1756169377409_yeximtwe1",
  "query": "load test query 39"
}
2025-08-25 17:49:37 [[37mdebug[39m]: [37mSearch recorded[39m {
  "searchId": "search_1756169377409_yeximtwe1",
  "responseTime": "0.40ms",
  "resultCount": 0,
  "cached": false
}
2025-08-25 17:49:37 [[37mdebug[39m]: [37mSemantic search completed[39m {
  "query": "load test query 39",
  "resultCount": 0,
  "responseTime": "0.84ms"
}
2025-08-25 17:49:37 [[37mdebug[39m]: [37mUsing semantic search for query[39m {
  "query": "load test query 40"
}
2025-08-25 17:49:37 [[37mdebug[39m]: [37mPerforming semantic search[39m {
  "searchId": "search_1756169377511_htf2noko3",
  "query": "load test query 40"
}
2025-08-25 17:49:37 [[37mdebug[39m]: [37mSearch recorded[39m {
  "searchId": "search_1756169377511_htf2noko3",
  "responseTime": "0.49ms",
  "resultCount": 0,
  "cached": false
}
2025-08-25 17:49:37 [[37mdebug[39m]: [37mSemantic search completed[39m {
  "query": "load test query 40",
  "resultCount": 0,
  "responseTime": "0.98ms"
}
2025-08-25 17:49:37 [[37mdebug[39m]: [37mUsing semantic search for query[39m {
  "query": "load test query 41"
}
2025-08-25 17:49:37 [[37mdebug[39m]: [37mPerforming semantic search[39m {
  "searchId": "search_1756169377614_fh68tbhq6",
  "query": "load test query 41"
}
2025-08-25 17:49:37 [[37mdebug[39m]: [37mSearch recorded[39m {
  "searchId": "search_1756169377614_fh68tbhq6",
  "responseTime": "0.27ms",
  "resultCount": 0,
  "cached": false
}
2025-08-25 17:49:37 [[37mdebug[39m]: [37mSemantic search completed[39m {
  "query": "load test query 41",
  "resultCount": 0,
  "responseTime": "0.58ms"
}
2025-08-25 17:49:37 [[37mdebug[39m]: [37mUsing semantic search for query[39m {
  "query": "load test query 42"
}
2025-08-25 17:49:37 [[37mdebug[39m]: [37mPerforming semantic search[39m {
  "searchId": "search_1756169377715_ypyhvnq8s",
  "query": "load test query 42"
}
2025-08-25 17:49:37 [[37mdebug[39m]: [37mSearch recorded[39m {
  "searchId": "search_1756169377715_ypyhvnq8s",
  "responseTime": "0.30ms",
  "resultCount": 0,
  "cached": false
}
2025-08-25 17:49:37 [[37mdebug[39m]: [37mSemantic search completed[39m {
  "query": "load test query 42",
  "resultCount": 0,
  "responseTime": "0.63ms"
}
2025-08-25 17:49:37 [[37mdebug[39m]: [37mUsing semantic search for query[39m {
  "query": "load test query 43"
}
2025-08-25 17:49:37 [[37mdebug[39m]: [37mPerforming semantic search[39m {
  "searchId": "search_1756169377816_5dmye7l9y",
  "query": "load test query 43"
}
2025-08-25 17:49:37 [[37mdebug[39m]: [37mSearch recorded[39m {
  "searchId": "search_1756169377816_5dmye7l9y",
  "responseTime": "0.47ms",
  "resultCount": 0,
  "cached": false
}
2025-08-25 17:49:37 [[37mdebug[39m]: [37mSemantic search completed[39m {
  "query": "load test query 43",
  "resultCount": 0,
  "responseTime": "0.92ms"
}
2025-08-25 17:49:37 [[37mdebug[39m]: [37mUsing semantic search for query[39m {
  "query": "load test query 44"
}
2025-08-25 17:49:37 [[37mdebug[39m]: [37mPerforming semantic search[39m {
  "searchId": "search_1756169377918_e28p4li3q",
  "query": "load test query 44"
}
2025-08-25 17:49:37 [[37mdebug[39m]: [37mSearch recorded[39m {
  "searchId": "search_1756169377918_e28p4li3q",
  "responseTime": "0.28ms",
  "resultCount": 0,
  "cached": false
}
2025-08-25 17:49:37 [[37mdebug[39m]: [37mSemantic search completed[39m {
  "query": "load test query 44",
  "resultCount": 0,
  "responseTime": "0.60ms"
}
2025-08-25 17:49:38 [[37mdebug[39m]: [37mUsing semantic search for query[39m {
  "query": "load test query 45"
}
2025-08-25 17:49:38 [[37mdebug[39m]: [37mPerforming semantic search[39m {
  "searchId": "search_1756169378020_5ehuz7z2l",
  "query": "load test query 45"
}
2025-08-25 17:49:38 [[37mdebug[39m]: [37mSearch recorded[39m {
  "searchId": "search_1756169378020_5ehuz7z2l",
  "responseTime": "0.12ms",
  "resultCount": 0,
  "cached": false
}
2025-08-25 17:49:38 [[37mdebug[39m]: [37mSemantic search completed[39m {
  "query": "load test query 45",
  "resultCount": 0,
  "responseTime": "0.32ms"
}
2025-08-25 17:49:38 [[37mdebug[39m]: [37mUsing semantic search for query[39m {
  "query": "load test query 46"
}
2025-08-25 17:49:38 [[37mdebug[39m]: [37mPerforming semantic search[39m {
  "searchId": "search_1756169378121_ariv9fpgb",
  "query": "load test query 46"
}
2025-08-25 17:49:38 [[37mdebug[39m]: [37mSearch recorded[39m {
  "searchId": "search_1756169378121_ariv9fpgb",
  "responseTime": "0.15ms",
  "resultCount": 0,
  "cached": false
}
2025-08-25 17:49:38 [[37mdebug[39m]: [37mSemantic search completed[39m {
  "query": "load test query 46",
  "resultCount": 0,
  "responseTime": "0.38ms"
}
2025-08-25 17:49:38 [[37mdebug[39m]: [37mUsing semantic search for query[39m {
  "query": "load test query 47"
}
2025-08-25 17:49:38 [[37mdebug[39m]: [37mPerforming semantic search[39m {
  "searchId": "search_1756169378222_4iaphrbvk",
  "query": "load test query 47"
}
2025-08-25 17:49:38 [[37mdebug[39m]: [37mSearch recorded[39m {
  "searchId": "search_1756169378222_4iaphrbvk",
  "responseTime": "0.12ms",
  "resultCount": 0,
  "cached": false
}
2025-08-25 17:49:38 [[37mdebug[39m]: [37mSemantic search completed[39m {
  "query": "load test query 47",
  "resultCount": 0,
  "responseTime": "0.28ms"
}
2025-08-25 17:49:38 [[37mdebug[39m]: [37mUsing semantic search for query[39m {
  "query": "load test query 48"
}
2025-08-25 17:49:38 [[37mdebug[39m]: [37mPerforming semantic search[39m {
  "searchId": "search_1756169378324_97p1omszh",
  "query": "load test query 48"
}
2025-08-25 17:49:38 [[37mdebug[39m]: [37mSearch recorded[39m {
  "searchId": "search_1756169378324_97p1omszh",
  "responseTime": "0.28ms",
  "resultCount": 0,
  "cached": false
}
2025-08-25 17:49:38 [[37mdebug[39m]: [37mSemantic search completed[39m {
  "query": "load test query 48",
  "resultCount": 0,
  "responseTime": "0.63ms"
}
2025-08-25 17:49:38 [[37mdebug[39m]: [37mUsing semantic search for query[39m {
  "query": "load test query 49"
}
2025-08-25 17:49:38 [[37mdebug[39m]: [37mPerforming semantic search[39m {
  "searchId": "search_1756169378426_ebdsjxcyy",
  "query": "load test query 49"
}
2025-08-25 17:49:38 [[37mdebug[39m]: [37mSearch recorded[39m {
  "searchId": "search_1756169378426_ebdsjxcyy",
  "responseTime": "0.35ms",
  "resultCount": 0,
  "cached": false
}
2025-08-25 17:49:38 [[37mdebug[39m]: [37mSemantic search completed[39m {
  "query": "load test query 49",
  "resultCount": 0,
  "responseTime": "0.71ms"
}
Load test results: 50 searches, 0 errors, 0.39ms avg response
2025-08-25 17:49:38 [[32minfo[39m]: [32mCleaning up Semantic Search Engine[39m
2025-08-25 17:49:38 [[32minfo[39m]: [32mEmbedding cache cleared[39m
2025-08-25 17:49:38 [[32minfo[39m]: [32mEmbeddingManager cleaned up[39m
2025-08-25 17:49:38 [[32minfo[39m]: [32mCache cleared[39m
2025-08-25 17:49:38 [[32minfo[39m]: [32mSearchPerformanceOptimizer cleaned up[39m
  ✔ should maintain integration stability under load (5063.453541ms)
✔ End-to-End Performance Integration (5065.142375ms)
2025-08-25 17:49:33 [[32minfo[39m]: [32mHybridScoringAlgorithm initialized[39m {
  "weights": {
    "semantic": 0.6000000000000001,
    "fuzzy": 0.30000000000000004,
    "metadata": 0.10000000000000002
  }
}
2025-08-25 17:49:33 [[32minfo[39m]: [32mSearchAnalytics initialized[39m
2025-08-25 17:49:33 [[32minfo[39m]: [32mSkipping AI model initialization (SKIP_AI_TESTS=true)[39m
2025-08-25 17:49:33 [[32minfo[39m]: [32mIndexing documents for semantic search[39m {
  "documentCount": 100
}
2025-08-25 17:49:33 [[32minfo[39m]: [32mDocument indexing completed[39m {
  "documentCount": 100,
  "indexingTime": "0.46ms"
}
2025-08-25 17:49:33 [[32minfo[39m]: [32mDocument indexing recorded[39m {
  "documentCount": 100,
  "indexingTime": "0.46ms",
  "docsPerSecond": "219418.54"
}
2025-08-25 17:49:33 [[37mdebug[39m]: [37mPerforming semantic search[39m {
  "searchId": "search_1756169373446_i4tgnf82z",
  "query": "disk space full"
}
2025-08-25 17:49:33 [[37mdebug[39m]: [37mSearch recorded[39m {
  "searchId": "search_1756169373446_i4tgnf82z",
  "responseTime": "3.88ms",
  "resultCount": 0,
  "cached": false
}
2025-08-25 17:49:33 [[37mdebug[39m]: [37mPerforming semantic search[39m {
  "searchId": "search_1756169373450_b4wkqtc15",
  "query": "disk space full"
}
2025-08-25 17:49:33 [[37mdebug[39m]: [37mSearch recorded[39m {
  "searchId": "search_1756169373450_b4wkqtc15",
  "responseTime": "2.07ms",
  "resultCount": 0,
  "cached": false
}
2025-08-25 17:49:33 [[37mdebug[39m]: [37mPerforming semantic search[39m {
  "searchId": "search_1756169373452_8iawis24x",
  "query": "disk space full"
}
2025-08-25 17:49:33 [[37mdebug[39m]: [37mSearch recorded[39m {
  "searchId": "search_1756169373452_8iawis24x",
  "responseTime": "1.46ms",
  "resultCount": 0,
  "cached": false
}
2025-08-25 17:49:33 [[37mdebug[39m]: [37mPerforming semantic search[39m {
  "searchId": "search_1756169373454_fyo0lx8xg",
  "query": "disk space full"
}
2025-08-25 17:49:33 [[37mdebug[39m]: [37mSearch recorded[39m {
  "searchId": "search_1756169373454_fyo0lx8xg",
  "responseTime": "1.52ms",
  "resultCount": 0,
  "cached": false
}
2025-08-25 17:49:33 [[37mdebug[39m]: [37mPerforming semantic search[39m {
  "searchId": "search_1756169373455_g9hl9vi0d",
  "query": "disk space full"
}
2025-08-25 17:49:33 [[37mdebug[39m]: [37mSearch recorded[39m {
  "searchId": "search_1756169373455_g9hl9vi0d",
  "responseTime": "2.62ms",
  "resultCount": 0,
  "cached": false
}
2025-08-25 17:49:33 [[37mdebug[39m]: [37mPerforming semantic search[39m {
  "searchId": "search_1756169373458_k8coyq3ya",
  "query": "memory pressure high"
}
2025-08-25 17:49:33 [[37mdebug[39m]: [37mSearch recorded[39m {
  "searchId": "search_1756169373458_k8coyq3ya",
  "responseTime": "1.96ms",
  "resultCount": 0,
  "cached": false
}
2025-08-25 17:49:33 [[37mdebug[39m]: [37mPerforming semantic search[39m {
  "searchId": "search_1756169373460_y2nqgc5sv",
  "query": "memory pressure high"
}
2025-08-25 17:49:33 [[37mdebug[39m]: [37mSearch recorded[39m {
  "searchId": "search_1756169373460_y2nqgc5sv",
  "responseTime": "1.89ms",
  "resultCount": 0,
  "cached": false
}
2025-08-25 17:49:33 [[37mdebug[39m]: [37mPerforming semantic search[39m {
  "searchId": "search_1756169373462_6jjeyjen2",
  "query": "memory pressure high"
}
2025-08-25 17:49:33 [[37mdebug[39m]: [37mSearch recorded[39m {
  "searchId": "search_1756169373462_6jjeyjen2",
  "responseTime": "2.11ms",
  "resultCount": 0,
  "cached": false
}
2025-08-25 17:49:33 [[37mdebug[39m]: [37mPerforming semantic search[39m {
  "searchId": "search_1756169373464_jqhz0pqzf",
  "query": "memory pressure high"
}
2025-08-25 17:49:33 [[37mdebug[39m]: [37mSearch recorded[39m {
  "searchId": "search_1756169373464_jqhz0pqzf",
  "responseTime": "1.54ms",
  "resultCount": 0,
  "cached": false
}
2025-08-25 17:49:33 [[37mdebug[39m]: [37mPerforming semantic search[39m {
  "searchId": "search_1756169373466_pqtqduop4",
  "query": "memory pressure high"
}
2025-08-25 17:49:33 [[37mdebug[39m]: [37mSearch recorded[39m {
  "searchId": "search_1756169373466_pqtqduop4",
  "responseTime": "1.45ms",
  "resultCount": 0,
  "cached": false
}
2025-08-25 17:49:33 [[37mdebug[39m]: [37mPerforming semantic search[39m {
  "searchId": "search_1756169373467_4qd3uhrx0",
  "query": "database connection timeout"
}
2025-08-25 17:49:33 [[37mdebug[39m]: [37mSearch recorded[39m {
  "searchId": "search_1756169373467_4qd3uhrx0",
  "responseTime": "2.13ms",
  "resultCount": 0,
  "cached": false
}
2025-08-25 17:49:33 [[37mdebug[39m]: [37mPerforming semantic search[39m {
  "searchId": "search_1756169373469_strpeojvt",
  "query": "database connection timeout"
}
2025-08-25 17:49:33 [[37mdebug[39m]: [37mSearch recorded[39m {
  "searchId": "search_1756169373469_strpeojvt",
  "responseTime": "2.11ms",
  "resultCount": 0,
  "cached": false
}
2025-08-25 17:49:33 [[37mdebug[39m]: [37mPerforming semantic search[39m {
  "searchId": "search_1756169373472_7jxyvkr0z",
  "query": "database connection timeout"
}
2025-08-25 17:49:33 [[37mdebug[39m]: [37mSearch recorded[39m {
  "searchId": "search_1756169373472_7jxyvkr0z",
  "responseTime": "2.37ms",
  "resultCount": 0,
  "cached": false
}
2025-08-25 17:49:33 [[37mdebug[39m]: [37mPerforming semantic search[39m {
  "searchId": "search_1756169373474_gwl3ads2k",
  "query": "database connection timeout"
}
2025-08-25 17:49:33 [[37mdebug[39m]: [37mSearch recorded[39m {
  "searchId": "search_1756169373474_gwl3ads2k",
  "responseTime": "2.21ms",
  "resultCount": 0,
  "cached": false
}
2025-08-25 17:49:33 [[37mdebug[39m]: [37mPerforming semantic search[39m {
  "searchId": "search_1756169373476_ut67856gk",
  "query": "database connection timeout"
}
2025-08-25 17:49:33 [[37mdebug[39m]: [37mSearch recorded[39m {
  "searchId": "search_1756169373476_ut67856gk",
  "responseTime": "2.08ms",
  "resultCount": 0,
  "cached": false
}
2025-08-25 17:49:33 [[37mdebug[39m]: [37mPerforming semantic search[39m {
  "searchId": "search_1756169373479_dzga26mmb",
  "query": "network latency issues"
}
2025-08-25 17:49:33 [[37mdebug[39m]: [37mSearch recorded[39m {
  "searchId": "search_1756169373479_dzga26mmb",
  "responseTime": "1.54ms",
  "resultCount": 0,
  "cached": false
}
2025-08-25 17:49:33 [[37mdebug[39m]: [37mPerforming semantic search[39m {
  "searchId": "search_1756169373480_15j7ncrw8",
  "query": "network latency issues"
}
2025-08-25 17:49:33 [[37mdebug[39m]: [37mSearch recorded[39m {
  "searchId": "search_1756169373480_15j7ncrw8",
  "responseTime": "1.83ms",
  "resultCount": 0,
  "cached": false
}
2025-08-25 17:49:33 [[37mdebug[39m]: [37mPerforming semantic search[39m {
  "searchId": "search_1756169373482_9ndc75kos",
  "query": "network latency issues"
}
2025-08-25 17:49:33 [[37mdebug[39m]: [37mSearch recorded[39m {
  "searchId": "search_1756169373482_9ndc75kos",
  "responseTime": "1.66ms",
  "resultCount": 0,
  "cached": false
}
2025-08-25 17:49:33 [[37mdebug[39m]: [37mPerforming semantic search[39m {
  "searchId": "search_1756169373484_2vqtx09dk",
  "query": "network latency issues"
}
2025-08-25 17:49:33 [[37mdebug[39m]: [37mSearch recorded[39m {
  "searchId": "search_1756169373484_2vqtx09dk",
  "responseTime": "1.63ms",
  "resultCount": 0,
  "cached": false
}
2025-08-25 17:49:33 [[37mdebug[39m]: [37mPerforming semantic search[39m {
  "searchId": "search_1756169373485_r12uhnnnl",
  "query": "network latency issues"
}
2025-08-25 17:49:33 [[37mdebug[39m]: [37mSearch recorded[39m {
  "searchId": "search_1756169373485_r12uhnnnl",
  "responseTime": "1.62ms",
  "resultCount": 0,
  "cached": false
}
2025-08-25 17:49:33 [[37mdebug[39m]: [37mPerforming semantic search[39m {
  "searchId": "search_1756169373487_ak24rctdz",
  "query": "cpu usage spike"
}
2025-08-25 17:49:33 [[37mdebug[39m]: [37mSearch recorded[39m {
  "searchId": "search_1756169373487_ak24rctdz",
  "responseTime": "1.08ms",
  "resultCount": 0,
  "cached": false
}
2025-08-25 17:49:33 [[37mdebug[39m]: [37mPerforming semantic search[39m {
  "searchId": "search_1756169373488_01b637bu0",
  "query": "cpu usage spike"
}
2025-08-25 17:49:33 [[37mdebug[39m]: [37mSearch recorded[39m {
  "searchId": "search_1756169373488_01b637bu0",
  "responseTime": "1.04ms",
  "resultCount": 0,
  "cached": false
}
2025-08-25 17:49:33 [[37mdebug[39m]: [37mPerforming semantic search[39m {
  "searchId": "search_1756169373489_mhh9lss8n",
  "query": "cpu usage spike"
}
2025-08-25 17:49:33 [[37mdebug[39m]: [37mSearch recorded[39m {
  "searchId": "search_1756169373489_mhh9lss8n",
  "responseTime": "1.23ms",
  "resultCount": 0,
  "cached": false
}
2025-08-25 17:49:33 [[37mdebug[39m]: [37mPerforming semantic search[39m {
  "searchId": "search_1756169373491_l19txohb3",
  "query": "cpu usage spike"
}
2025-08-25 17:49:33 [[37mdebug[39m]: [37mSearch recorded[39m {
  "searchId": "search_1756169373491_l19txohb3",
  "responseTime": "1.12ms",
  "resultCount": 0,
  "cached": false
}
2025-08-25 17:49:33 [[37mdebug[39m]: [37mPerforming semantic search[39m {
  "searchId": "search_1756169373492_0x0l9rewc",
  "query": "cpu usage spike"
}
2025-08-25 17:49:33 [[37mdebug[39m]: [37mSearch recorded[39m {
  "searchId": "search_1756169373492_0x0l9rewc",
  "responseTime": "1.06ms",
  "resultCount": 0,
  "cached": false
}
Response Time Stats: Avg=1.89ms, P95=2.73ms, P99=4.16ms
2025-08-25 17:49:33 [[32minfo[39m]: [32mCleaning up Semantic Search Engine[39m
2025-08-25 17:49:33 [[32minfo[39m]: [32mEmbedding cache cleared[39m
2025-08-25 17:49:33 [[32minfo[39m]: [32mEmbeddingManager cleaned up[39m
2025-08-25 17:49:33 [[32minfo[39m]: [32mCache cleared[39m
2025-08-25 17:49:33 [[32minfo[39m]: [32mSearchPerformanceOptimizer cleaned up[39m
2025-08-25 17:49:33 [[32minfo[39m]: [32mHybridScoringAlgorithm initialized[39m {
  "weights": {
    "semantic": 0.6000000000000001,
    "fuzzy": 0.30000000000000004,
    "metadata": 0.10000000000000002
  }
}
2025-08-25 17:49:33 [[32minfo[39m]: [32mSearchAnalytics initialized[39m
2025-08-25 17:49:33 [[32minfo[39m]: [32mSkipping AI model initialization (SKIP_AI_TESTS=true)[39m
2025-08-25 17:49:33 [[32minfo[39m]: [32mIndexing documents for semantic search[39m {
  "documentCount": 1
}
2025-08-25 17:49:33 [[32minfo[39m]: [32mDocument indexing completed[39m {
  "documentCount": 1,
  "indexingTime": "0.06ms"
}
2025-08-25 17:49:33 [[32minfo[39m]: [32mDocument indexing recorded[39m {
  "documentCount": 1,
  "indexingTime": "0.06ms",
  "docsPerSecond": "15800.03"
}
Batch size 1: 0.12ms total, 0.12ms per doc
2025-08-25 17:49:33 [[32minfo[39m]: [32mIndexing documents for semantic search[39m {
  "documentCount": 5
}
2025-08-25 17:49:33 [[32minfo[39m]: [32mDocument indexing completed[39m {
  "documentCount": 5,
  "indexingTime": "0.04ms"
}
2025-08-25 17:49:33 [[32minfo[39m]: [32mDocument indexing recorded[39m {
  "documentCount": 5,
  "indexingTime": "0.04ms",
  "docsPerSecond": "125000.00"
}
Batch size 5: 0.09ms total, 0.02ms per doc
2025-08-25 17:49:33 [[32minfo[39m]: [32mIndexing documents for semantic search[39m {
  "documentCount": 10
}
2025-08-25 17:49:33 [[32minfo[39m]: [32mDocument indexing completed[39m {
  "documentCount": 10,
  "indexingTime": "0.03ms"
}
2025-08-25 17:49:33 [[32minfo[39m]: [32mDocument indexing recorded[39m {
  "documentCount": 10,
  "indexingTime": "0.03ms",
  "docsPerSecond": "295202.95"
}
Batch size 10: 0.09ms total, 0.01ms per doc
2025-08-25 17:49:33 [[32minfo[39m]: [32mIndexing documents for semantic search[39m {
  "documentCount": 20
}
2025-08-25 17:49:33 [[32minfo[39m]: [32mDocument indexing completed[39m {
  "documentCount": 20,
  "indexingTime": "0.06ms"
}
2025-08-25 17:49:33 [[32minfo[39m]: [32mDocument indexing recorded[39m {
  "documentCount": 20,
  "indexingTime": "0.06ms",
  "docsPerSecond": "331032.66"
}
Batch size 20: 0.12ms total, 0.01ms per doc
2025-08-25 17:49:33 [[32minfo[39m]: [32mCleaning up Semantic Search Engine[39m
2025-08-25 17:49:33 [[32minfo[39m]: [32mEmbedding cache cleared[39m
2025-08-25 17:49:33 [[32minfo[39m]: [32mEmbeddingManager cleaned up[39m
2025-08-25 17:49:33 [[32minfo[39m]: [32mCache cleared[39m
2025-08-25 17:49:33 [[32minfo[39m]: [32mSearchPerformanceOptimizer cleaned up[39m
2025-08-25 17:49:33 [[32minfo[39m]: [32mHybridScoringAlgorithm initialized[39m {
  "weights": {
    "semantic": 0.6000000000000001,
    "fuzzy": 0.30000000000000004,
    "metadata": 0.10000000000000002
  }
}
2025-08-25 17:49:33 [[32minfo[39m]: [32mSearchAnalytics initialized[39m
2025-08-25 17:49:33 [[32minfo[39m]: [32mSkipping AI model initialization (SKIP_AI_TESTS=true)[39m
2025-08-25 17:49:33 [[32minfo[39m]: [32mIndexing documents for semantic search[39m {
  "documentCount": 100
}
2025-08-25 17:49:33 [[32minfo[39m]: [32mDocument indexing completed[39m {
  "documentCount": 100,
  "indexingTime": "0.14ms"
}
2025-08-25 17:49:33 [[32minfo[39m]: [32mDocument indexing recorded[39m {
  "documentCount": 100,
  "indexingTime": "0.14ms",
  "docsPerSecond": "701340.96"
}
2025-08-25 17:49:33 [[37mdebug[39m]: [37mPerforming semantic search[39m {
  "searchId": "search_1756169373495_72nz3qeq9",
  "query": "test query 0"
}
2025-08-25 17:49:33 [[37mdebug[39m]: [37mPerforming semantic search[39m {
  "searchId": "search_1756169373495_1pvksnufa",
  "query": "test query 1"
}
2025-08-25 17:49:33 [[37mdebug[39m]: [37mPerforming semantic search[39m {
  "searchId": "search_1756169373495_28ww41tsp",
  "query": "test query 2"
}
2025-08-25 17:49:33 [[37mdebug[39m]: [37mPerforming semantic search[39m {
  "searchId": "search_1756169373495_6fix9i2oy",
  "query": "test query 3"
}
2025-08-25 17:49:33 [[37mdebug[39m]: [37mPerforming semantic search[39m {
  "searchId": "search_1756169373495_h0cl5r1dw",
  "query": "test query 4"
}
2025-08-25 17:49:33 [[37mdebug[39m]: [37mPerforming semantic search[39m {
  "searchId": "search_1756169373495_6p2dgvolq",
  "query": "test query 5"
}
2025-08-25 17:49:33 [[37mdebug[39m]: [37mPerforming semantic search[39m {
  "searchId": "search_1756169373495_tnyjdcrh7",
  "query": "test query 6"
}
2025-08-25 17:49:33 [[37mdebug[39m]: [37mPerforming semantic search[39m {
  "searchId": "search_1756169373495_zosrmlnjb",
  "query": "test query 7"
}
2025-08-25 17:49:33 [[37mdebug[39m]: [37mPerforming semantic search[39m {
  "searchId": "search_1756169373495_999ef9dsb",
  "query": "test query 8"
}
2025-08-25 17:49:33 [[37mdebug[39m]: [37mPerforming semantic search[39m {
  "searchId": "search_1756169373495_2hp6924oy",
  "query": "test query 9"
}
2025-08-25 17:49:33 [[37mdebug[39m]: [37mSearch recorded[39m {
  "searchId": "search_1756169373495_72nz3qeq9",
  "responseTime": "0.97ms",
  "resultCount": 0,
  "cached": false
}
2025-08-25 17:49:33 [[37mdebug[39m]: [37mSearch recorded[39m {
  "searchId": "search_1756169373495_1pvksnufa",
  "responseTime": "1.66ms",
  "resultCount": 0,
  "cached": false
}
2025-08-25 17:49:33 [[37mdebug[39m]: [37mSearch recorded[39m {
  "searchId": "search_1756169373495_28ww41tsp",
  "responseTime": "2.35ms",
  "resultCount": 0,
  "cached": false
}
2025-08-25 17:49:33 [[37mdebug[39m]: [37mSearch recorded[39m {
  "searchId": "search_1756169373495_6fix9i2oy",
  "responseTime": "3.25ms",
  "resultCount": 0,
  "cached": false
}
2025-08-25 17:49:33 [[37mdebug[39m]: [37mSearch recorded[39m {
  "searchId": "search_1756169373495_h0cl5r1dw",
  "responseTime": "3.96ms",
  "resultCount": 0,
  "cached": false
}
2025-08-25 17:49:33 [[37mdebug[39m]: [37mSearch recorded[39m {
  "searchId": "search_1756169373495_6p2dgvolq",
  "responseTime": "4.65ms",
  "resultCount": 0,
  "cached": false
}
2025-08-25 17:49:33 [[37mdebug[39m]: [37mSearch recorded[39m {
  "searchId": "search_1756169373495_tnyjdcrh7",
  "responseTime": "5.39ms",
  "resultCount": 0,
  "cached": false
}
2025-08-25 17:49:33 [[37mdebug[39m]: [37mSearch recorded[39m {
  "searchId": "search_1756169373495_zosrmlnjb",
  "responseTime": "6.09ms",
  "resultCount": 0,
  "cached": false
}
2025-08-25 17:49:33 [[37mdebug[39m]: [37mSearch recorded[39m {
  "searchId": "search_1756169373495_999ef9dsb",
  "responseTime": "6.83ms",
  "resultCount": 0,
  "cached": false
}
2025-08-25 17:49:33 [[37mdebug[39m]: [37mSearch recorded[39m {
  "searchId": "search_1756169373495_2hp6924oy",
  "responseTime": "7.52ms",
  "resultCount": 0,
  "cached": false
}
Concurrency 10: 7.77ms total, 0.78ms avg, 1286.83 searches/sec
2025-08-25 17:49:33 [[37mdebug[39m]: [37mPerforming semantic search[39m {
  "searchId": "search_1756169373503_fnqrw0yg6",
  "query": "test query 0"
}
2025-08-25 17:49:33 [[37mdebug[39m]: [37mPerforming semantic search[39m {
  "searchId": "search_1756169373503_099kn66n0",
  "query": "test query 1"
}
2025-08-25 17:49:33 [[37mdebug[39m]: [37mPerforming semantic search[39m {
  "searchId": "search_1756169373503_6m5rz6ccu",
  "query": "test query 2"
}
2025-08-25 17:49:33 [[37mdebug[39m]: [37mPerforming semantic search[39m {
  "searchId": "search_1756169373503_3n2gfgdud",
  "query": "test query 3"
}
2025-08-25 17:49:33 [[37mdebug[39m]: [37mPerforming semantic search[39m {
  "searchId": "search_1756169373503_k4curb55o",
  "query": "test query 4"
}
2025-08-25 17:49:33 [[37mdebug[39m]: [37mPerforming semantic search[39m {
  "searchId": "search_1756169373503_o70pu9hmr",
  "query": "test query 5"
}
2025-08-25 17:49:33 [[37mdebug[39m]: [37mPerforming semantic search[39m {
  "searchId": "search_1756169373503_bo8tyzw5u",
  "query": "test query 6"
}
2025-08-25 17:49:33 [[37mdebug[39m]: [37mPerforming semantic search[39m {
  "searchId": "search_1756169373503_clfbijo87",
  "query": "test query 7"
}
2025-08-25 17:49:33 [[37mdebug[39m]: [37mPerforming semantic search[39m {
  "searchId": "search_1756169373503_aueb3zt3j",
  "query": "test query 8"
}
2025-08-25 17:49:33 [[37mdebug[39m]: [37mPerforming semantic search[39m {
  "searchId": "search_1756169373503_gjga9k1u3",
  "query": "test query 9"
}
2025-08-25 17:49:33 [[37mdebug[39m]: [37mPerforming semantic search[39m {
  "searchId": "search_1756169373503_yqkj5mk9t",
  "query": "test query 0"
}
2025-08-25 17:49:33 [[37mdebug[39m]: [37mPerforming semantic search[39m {
  "searchId": "search_1756169373503_48w0ls823",
  "query": "test query 1"
}
2025-08-25 17:49:33 [[37mdebug[39m]: [37mPerforming semantic search[39m {
  "searchId": "search_1756169373503_eno4m0ce9",
  "query": "test query 2"
}
2025-08-25 17:49:33 [[37mdebug[39m]: [37mPerforming semantic search[39m {
  "searchId": "search_1756169373503_k7ix1fk0j",
  "query": "test query 3"
}
2025-08-25 17:49:33 [[37mdebug[39m]: [37mPerforming semantic search[39m {
  "searchId": "search_1756169373503_ubo6rk04j",
  "query": "test query 4"
}
2025-08-25 17:49:33 [[37mdebug[39m]: [37mPerforming semantic search[39m {
  "searchId": "search_1756169373503_1st0lf8ez",
  "query": "test query 5"
}
2025-08-25 17:49:33 [[37mdebug[39m]: [37mPerforming semantic search[39m {
  "searchId": "search_1756169373503_9ijjmgsn5",
  "query": "test query 6"
}
2025-08-25 17:49:33 [[37mdebug[39m]: [37mPerforming semantic search[39m {
  "searchId": "search_1756169373503_gmqwumudk",
  "query": "test query 7"
}
2025-08-25 17:49:33 [[37mdebug[39m]: [37mPerforming semantic search[39m {
  "searchId": "search_1756169373503_dw9m4f2h7",
  "query": "test query 8"
}
2025-08-25 17:49:33 [[37mdebug[39m]: [37mPerforming semantic search[39m {
  "searchId": "search_1756169373503_fjpv1uz9y",
  "query": "test query 9"
}
2025-08-25 17:49:33 [[37mdebug[39m]: [37mPerforming semantic search[39m {
  "searchId": "search_1756169373503_v08al6ea5",
  "query": "test query 0"
}
2025-08-25 17:49:33 [[37mdebug[39m]: [37mPerforming semantic search[39m {
  "searchId": "search_1756169373503_zpn7xbicr",
  "query": "test query 1"
}
2025-08-25 17:49:33 [[37mdebug[39m]: [37mPerforming semantic search[39m {
  "searchId": "search_1756169373503_8ayntmtu6",
  "query": "test query 2"
}
2025-08-25 17:49:33 [[37mdebug[39m]: [37mPerforming semantic search[39m {
  "searchId": "search_1756169373503_go73nvkyw",
  "query": "test query 3"
}
2025-08-25 17:49:33 [[37mdebug[39m]: [37mPerforming semantic search[39m {
  "searchId": "search_1756169373503_e4sqygr4d",
  "query": "test query 4"
}
2025-08-25 17:49:33 [[37mdebug[39m]: [37mSearch recorded[39m {
  "searchId": "search_1756169373503_fnqrw0yg6",
  "responseTime": "1.54ms",
  "resultCount": 0,
  "cached": false
}
2025-08-25 17:49:33 [[37mdebug[39m]: [37mSearch recorded[39m {
  "searchId": "search_1756169373503_099kn66n0",
  "responseTime": "2.39ms",
  "resultCount": 0,
  "cached": false
}
2025-08-25 17:49:33 [[37mdebug[39m]: [37mSearch recorded[39m {
  "searchId": "search_1756169373503_6m5rz6ccu",
  "responseTime": "3.14ms",
  "resultCount": 0,
  "cached": false
}
2025-08-25 17:49:33 [[37mdebug[39m]: [37mSearch recorded[39m {
  "searchId": "search_1756169373503_3n2gfgdud",
  "responseTime": "3.87ms",
  "resultCount": 0,
  "cached": false
}
2025-08-25 17:49:33 [[37mdebug[39m]: [37mSearch recorded[39m {
  "searchId": "search_1756169373503_k4curb55o",
  "responseTime": "4.69ms",
  "resultCount": 0,
  "cached": false
}
2025-08-25 17:49:33 [[37mdebug[39m]: [37mSearch recorded[39m {
  "searchId": "search_1756169373503_o70pu9hmr",
  "responseTime": "5.42ms",
  "resultCount": 0,
  "cached": false
}
2025-08-25 17:49:33 [[37mdebug[39m]: [37mSearch recorded[39m {
  "searchId": "search_1756169373503_bo8tyzw5u",
  "responseTime": "6.16ms",
  "resultCount": 0,
  "cached": false
}
2025-08-25 17:49:33 [[37mdebug[39m]: [37mSearch recorded[39m {
  "searchId": "search_1756169373503_clfbijo87",
  "responseTime": "6.88ms",
  "resultCount": 0,
  "cached": false
}
2025-08-25 17:49:33 [[37mdebug[39m]: [37mSearch recorded[39m {
  "searchId": "search_1756169373503_aueb3zt3j",
  "responseTime": "7.94ms",
  "resultCount": 0,
  "cached": false
}
2025-08-25 17:49:33 [[37mdebug[39m]: [37mSearch recorded[39m {
  "searchId": "search_1756169373503_gjga9k1u3",
  "responseTime": "8.84ms",
  "resultCount": 0,
  "cached": false
}
2025-08-25 17:49:33 [[37mdebug[39m]: [37mSearch recorded[39m {
  "searchId": "search_1756169373503_yqkj5mk9t",
  "responseTime": "9.70ms",
  "resultCount": 0,
  "cached": false
}
2025-08-25 17:49:33 [[37mdebug[39m]: [37mSearch recorded[39m {
  "searchId": "search_1756169373503_48w0ls823",
  "responseTime": "10.46ms",
  "resultCount": 0,
  "cached": false
}
2025-08-25 17:49:33 [[37mdebug[39m]: [37mSearch recorded[39m {
  "searchId": "search_1756169373503_eno4m0ce9",
  "responseTime": "11.20ms",
  "resultCount": 0,
  "cached": false
}
2025-08-25 17:49:33 [[37mdebug[39m]: [37mSearch recorded[39m {
  "searchId": "search_1756169373503_k7ix1fk0j",
  "responseTime": "11.96ms",
  "resultCount": 0,
  "cached": false
}
2025-08-25 17:49:33 [[37mdebug[39m]: [37mSearch recorded[39m {
  "searchId": "search_1756169373503_ubo6rk04j",
  "responseTime": "12.69ms",
  "resultCount": 0,
  "cached": false
}
2025-08-25 17:49:33 [[37mdebug[39m]: [37mSearch recorded[39m {
  "searchId": "search_1756169373503_1st0lf8ez",
  "responseTime": "13.43ms",
  "resultCount": 0,
  "cached": false
}
2025-08-25 17:49:33 [[37mdebug[39m]: [37mSearch recorded[39m {
  "searchId": "search_1756169373503_9ijjmgsn5",
  "responseTime": "14.26ms",
  "resultCount": 0,
  "cached": false
}
2025-08-25 17:49:33 [[37mdebug[39m]: [37mSearch recorded[39m {
  "searchId": "search_1756169373503_gmqwumudk",
  "responseTime": "15.06ms",
  "resultCount": 0,
  "cached": false
}
2025-08-25 17:49:33 [[37mdebug[39m]: [37mSearch recorded[39m {
  "searchId": "search_1756169373503_dw9m4f2h7",
  "responseTime": "15.86ms",
  "resultCount": 0,
  "cached": false
}
2025-08-25 17:49:33 [[37mdebug[39m]: [37mSearch recorded[39m {
  "searchId": "search_1756169373503_fjpv1uz9y",
  "responseTime": "16.61ms",
  "resultCount": 0,
  "cached": false
}
2025-08-25 17:49:33 [[37mdebug[39m]: [37mSearch recorded[39m {
  "searchId": "search_1756169373503_v08al6ea5",
  "responseTime": "17.36ms",
  "resultCount": 0,
  "cached": false
}
2025-08-25 17:49:33 [[37mdebug[39m]: [37mSearch recorded[39m {
  "searchId": "search_1756169373503_zpn7xbicr",
  "responseTime": "18.08ms",
  "resultCount": 0,
  "cached": false
}
2025-08-25 17:49:33 [[37mdebug[39m]: [37mSearch recorded[39m {
  "searchId": "search_1756169373503_8ayntmtu6",
  "responseTime": "18.83ms",
  "resultCount": 0,
  "cached": false
}
2025-08-25 17:49:33 [[37mdebug[39m]: [37mSearch recorded[39m {
  "searchId": "search_1756169373503_go73nvkyw",
  "responseTime": "19.57ms",
  "resultCount": 0,
  "cached": false
}
2025-08-25 17:49:33 [[37mdebug[39m]: [37mSearch recorded[39m {
  "searchId": "search_1756169373503_e4sqygr4d",
  "responseTime": "20.37ms",
  "resultCount": 0,
  "cached": false
}
Concurrency 25: 20.96ms total, 0.84ms avg, 1192.68 searches/sec
2025-08-25 17:49:33 [[37mdebug[39m]: [37mPerforming semantic search[39m {
  "searchId": "search_1756169373524_0hi28il52",
  "query": "test query 0"
}
2025-08-25 17:49:33 [[37mdebug[39m]: [37mPerforming semantic search[39m {
  "searchId": "search_1756169373524_65tl2xe5v",
  "query": "test query 1"
}
2025-08-25 17:49:33 [[37mdebug[39m]: [37mPerforming semantic search[39m {
  "searchId": "search_1756169373524_g22muubzw",
  "query": "test query 2"
}
2025-08-25 17:49:33 [[37mdebug[39m]: [37mPerforming semantic search[39m {
  "searchId": "search_1756169373524_7m8nr3bso",
  "query": "test query 3"
}
2025-08-25 17:49:33 [[37mdebug[39m]: [37mPerforming semantic search[39m {
  "searchId": "search_1756169373524_wxz4pl3cn",
  "query": "test query 4"
}
2025-08-25 17:49:33 [[37mdebug[39m]: [37mPerforming semantic search[39m {
  "searchId": "search_1756169373524_t5vs23lea",
  "query": "test query 5"
}
2025-08-25 17:49:33 [[37mdebug[39m]: [37mPerforming semantic search[39m {
  "searchId": "search_1756169373524_60jpy2mgf",
  "query": "test query 6"
}
2025-08-25 17:49:33 [[37mdebug[39m]: [37mPerforming semantic search[39m {
  "searchId": "search_1756169373524_eoyqppf9y",
  "query": "test query 7"
}
2025-08-25 17:49:33 [[37mdebug[39m]: [37mPerforming semantic search[39m {
  "searchId": "search_1756169373524_fe3j6f30l",
  "query": "test query 8"
}
2025-08-25 17:49:33 [[37mdebug[39m]: [37mPerforming semantic search[39m {
  "searchId": "search_1756169373524_9h06wu444",
  "query": "test query 9"
}
2025-08-25 17:49:33 [[37mdebug[39m]: [37mPerforming semantic search[39m {
  "searchId": "search_1756169373524_bjw27ryix",
  "query": "test query 0"
}
2025-08-25 17:49:33 [[37mdebug[39m]: [37mPerforming semantic search[39m {
  "searchId": "search_1756169373524_zuiydwuge",
  "query": "test query 1"
}
2025-08-25 17:49:33 [[37mdebug[39m]: [37mPerforming semantic search[39m {
  "searchId": "search_1756169373524_phajgbd8n",
  "query": "test query 2"
}
2025-08-25 17:49:33 [[37mdebug[39m]: [37mPerforming semantic search[39m {
  "searchId": "search_1756169373524_ric0i6zay",
  "query": "test query 3"
}
2025-08-25 17:49:33 [[37mdebug[39m]: [37mPerforming semantic search[39m {
  "searchId": "search_1756169373524_e5p4ura2w",
  "query": "test query 4"
}
2025-08-25 17:49:33 [[37mdebug[39m]: [37mPerforming semantic search[39m {
  "searchId": "search_1756169373524_2xcqjewjv",
  "query": "test query 5"
}
2025-08-25 17:49:33 [[37mdebug[39m]: [37mPerforming semantic search[39m {
  "searchId": "search_1756169373524_ijgnu8die",
  "query": "test query 6"
}
2025-08-25 17:49:33 [[37mdebug[39m]: [37mPerforming semantic search[39m {
  "searchId": "search_1756169373524_swlrjvh6y",
  "query": "test query 7"
}
2025-08-25 17:49:33 [[37mdebug[39m]: [37mPerforming semantic search[39m {
  "searchId": "search_1756169373524_kinzpd1fv",
  "query": "test query 8"
}
2025-08-25 17:49:33 [[37mdebug[39m]: [37mPerforming semantic search[39m {
  "searchId": "search_1756169373524_j1afh8epq",
  "query": "test query 9"
}
2025-08-25 17:49:33 [[37mdebug[39m]: [37mPerforming semantic search[39m {
  "searchId": "search_1756169373524_u63mj8n9b",
  "query": "test query 0"
}
2025-08-25 17:49:33 [[37mdebug[39m]: [37mPerforming semantic search[39m {
  "searchId": "search_1756169373524_dpj48van8",
  "query": "test query 1"
}
2025-08-25 17:49:33 [[37mdebug[39m]: [37mPerforming semantic search[39m {
  "searchId": "search_1756169373524_pm3gnlnhb",
  "query": "test query 2"
}
2025-08-25 17:49:33 [[37mdebug[39m]: [37mPerforming semantic search[39m {
  "searchId": "search_1756169373524_i7w3sxedr",
  "query": "test query 3"
}
2025-08-25 17:49:33 [[37mdebug[39m]: [37mPerforming semantic search[39m {
  "searchId": "search_1756169373524_fcpfdkw01",
  "query": "test query 4"
}
2025-08-25 17:49:33 [[37mdebug[39m]: [37mPerforming semantic search[39m {
  "searchId": "search_1756169373524_wgevb6n1z",
  "query": "test query 5"
}
2025-08-25 17:49:33 [[37mdebug[39m]: [37mPerforming semantic search[39m {
  "searchId": "search_1756169373525_tlzd8vp8q",
  "query": "test query 6"
}
2025-08-25 17:49:33 [[37mdebug[39m]: [37mPerforming semantic search[39m {
  "searchId": "search_1756169373525_uisdijvvo",
  "query": "test query 7"
}
2025-08-25 17:49:33 [[37mdebug[39m]: [37mPerforming semantic search[39m {
  "searchId": "search_1756169373525_xwol3p107",
  "query": "test query 8"
}
2025-08-25 17:49:33 [[37mdebug[39m]: [37mPerforming semantic search[39m {
  "searchId": "search_1756169373525_wc4ezpoh0",
  "query": "test query 9"
}
2025-08-25 17:49:33 [[37mdebug[39m]: [37mPerforming semantic search[39m {
  "searchId": "search_1756169373525_m7vqinido",
  "query": "test query 0"
}
2025-08-25 17:49:33 [[37mdebug[39m]: [37mPerforming semantic search[39m {
  "searchId": "search_1756169373525_v8f6xg8up",
  "query": "test query 1"
}
2025-08-25 17:49:33 [[37mdebug[39m]: [37mPerforming semantic search[39m {
  "searchId": "search_1756169373525_zmq355f7w",
  "query": "test query 2"
}
2025-08-25 17:49:33 [[37mdebug[39m]: [37mPerforming semantic search[39m {
  "searchId": "search_1756169373525_2dpj4gjbv",
  "query": "test query 3"
}
2025-08-25 17:49:33 [[37mdebug[39m]: [37mPerforming semantic search[39m {
  "searchId": "search_1756169373525_kozt2u45l",
  "query": "test query 4"
}
2025-08-25 17:49:33 [[37mdebug[39m]: [37mPerforming semantic search[39m {
  "searchId": "search_1756169373525_wlpsj6muq",
  "query": "test query 5"
}
2025-08-25 17:49:33 [[37mdebug[39m]: [37mPerforming semantic search[39m {
  "searchId": "search_1756169373525_i6gyunad0",
  "query": "test query 6"
}
2025-08-25 17:49:33 [[37mdebug[39m]: [37mPerforming semantic search[39m {
  "searchId": "search_1756169373525_1xpulc613",
  "query": "test query 7"
}
2025-08-25 17:49:33 [[37mdebug[39m]: [37mPerforming semantic search[39m {
  "searchId": "search_1756169373525_nwl4knazk",
  "query": "test query 8"
}
2025-08-25 17:49:33 [[37mdebug[39m]: [37mPerforming semantic search[39m {
  "searchId": "search_1756169373525_gsof8nxy3",
  "query": "test query 9"
}
2025-08-25 17:49:33 [[37mdebug[39m]: [37mPerforming semantic search[39m {
  "searchId": "search_1756169373525_a01ilqi6a",
  "query": "test query 0"
}
2025-08-25 17:49:33 [[37mdebug[39m]: [37mPerforming semantic search[39m {
  "searchId": "search_1756169373525_fckg6dquz",
  "query": "test query 1"
}
2025-08-25 17:49:33 [[37mdebug[39m]: [37mPerforming semantic search[39m {
  "searchId": "search_1756169373525_7f8419ena",
  "query": "test query 2"
}
2025-08-25 17:49:33 [[37mdebug[39m]: [37mPerforming semantic search[39m {
  "searchId": "search_1756169373525_vjfln1qn2",
  "query": "test query 3"
}
2025-08-25 17:49:33 [[37mdebug[39m]: [37mPerforming semantic search[39m {
  "searchId": "search_1756169373525_vm0j3xobl",
  "query": "test query 4"
}
2025-08-25 17:49:33 [[37mdebug[39m]: [37mPerforming semantic search[39m {
  "searchId": "search_1756169373525_l26qs3lhs",
  "query": "test query 5"
}
2025-08-25 17:49:33 [[37mdebug[39m]: [37mPerforming semantic search[39m {
  "searchId": "search_1756169373525_hmmz9wvwy",
  "query": "test query 6"
}
2025-08-25 17:49:33 [[37mdebug[39m]: [37mPerforming semantic search[39m {
  "searchId": "search_1756169373525_kr21afq4q",
  "query": "test query 7"
}
2025-08-25 17:49:33 [[37mdebug[39m]: [37mPerforming semantic search[39m {
  "searchId": "search_1756169373525_v40ezrb4l",
  "query": "test query 8"
}
2025-08-25 17:49:33 [[37mdebug[39m]: [37mPerforming semantic search[39m {
  "searchId": "search_1756169373525_orbi9l2iu",
  "query": "test query 9"
}
2025-08-25 17:49:33 [[37mdebug[39m]: [37mSearch recorded[39m {
  "searchId": "search_1756169373524_0hi28il52",
  "responseTime": "1.78ms",
  "resultCount": 0,
  "cached": false
}
2025-08-25 17:49:33 [[37mdebug[39m]: [37mSearch recorded[39m {
  "searchId": "search_1756169373524_65tl2xe5v",
  "responseTime": "2.58ms",
  "resultCount": 0,
  "cached": false
}
2025-08-25 17:49:33 [[37mdebug[39m]: [37mSearch recorded[39m {
  "searchId": "search_1756169373524_g22muubzw",
  "responseTime": "3.33ms",
  "resultCount": 0,
  "cached": false
}
2025-08-25 17:49:33 [[37mdebug[39m]: [37mSearch recorded[39m {
  "searchId": "search_1756169373524_7m8nr3bso",
  "responseTime": "4.06ms",
  "resultCount": 0,
  "cached": false
}
2025-08-25 17:49:33 [[37mdebug[39m]: [37mSearch recorded[39m {
  "searchId": "search_1756169373524_wxz4pl3cn",
  "responseTime": "4.78ms",
  "resultCount": 0,
  "cached": false
}
2025-08-25 17:49:33 [[37mdebug[39m]: [37mSearch recorded[39m {
  "searchId": "search_1756169373524_t5vs23lea",
  "responseTime": "5.49ms",
  "resultCount": 0,
  "cached": false
}
2025-08-25 17:49:33 [[37mdebug[39m]: [37mSearch recorded[39m {
  "searchId": "search_1756169373524_60jpy2mgf",
  "responseTime": "6.21ms",
  "resultCount": 0,
  "cached": false
}
2025-08-25 17:49:33 [[37mdebug[39m]: [37mSearch recorded[39m {
  "searchId": "search_1756169373524_eoyqppf9y",
  "responseTime": "7.08ms",
  "resultCount": 0,
  "cached": false
}
Concurrency 50: 38.51ms total, 0.77ms avg, 1298.47 searches/sec
Documents: 100, Memory: 0.00MB, Expected: 0.29MB, Efficiency: Infinityx
Query: "out of storage space" -> Semantic: false, Fuzzy: false
Query: "memory leak problem" -> Semantic: false, Fuzzy: false
Query: "cannot connect to database" -> Semantic: false, Fuzzy: false
Query: "slow network performance" -> Semantic: false, Fuzzy: false
Query: "high CPU utilization" -> Semantic: false, Fuzzy: false
Accuracy: Semantic=0.00, Fuzzy=0.00, Improvement=0.00
Improvement: 0.0% (target: 25%)
Documents: 50, Search time: 1.04ms, Throughput: 964.62 searches/sec
Documents: 100, Search time: 1.10ms, Throughput: 906.66 searches/sec
Documents: 200, Search time: 1.81ms, Throughput: 551.28 searches/sec
Documents: 500, Search time: 4.37ms, Throughput: 229.00 searches/sec
Scaling factor: 4.21x (50 to 500 docs)
Hybrid scoring time for 50 documents: 0.38ms
▶ Performance Validation
  ✔ should meet search response time target (<200ms) (50.973084ms)
  ✔ should meet embedding generation performance target (1.031334ms)
  ✔ should handle concurrent searches efficiently (68.042ms)
  ✖ should maintain memory efficiency (1.720916ms)
  ✔ should demonstrate accuracy improvement over fuzzy search (8.877917ms)
  ✔ should scale search performance with document count (26.563375ms)
✖ Performance Validation (157.689208ms)
▶ Component Performance Tests
  ✔ EmbeddingManager performance (0.079167ms)
  ✔ SearchPerformanceOptimizer caching performance (0.233ms)
  ✔ HybridScoringAlgorithm performance (0.541083ms)
✔ Component Performance Tests (0.943625ms)
2025-08-25 17:49:33 [[37mdebug[39m]: [37mSearch recorded[39m {
  "searchId": "search_1756169373524_fe3j6f30l",
  "responseTime": "7.87ms",
  "resultCount": 0,
  "cached": false
}
2025-08-25 17:49:33 [[37mdebug[39m]: [37mSearch recorded[39m {
  "searchId": "search_1756169373524_9h06wu444",
  "responseTime": "8.58ms",
  "resultCount": 0,
  "cached": false
}
2025-08-25 17:49:33 [[37mdebug[39m]: [37mSearch recorded[39m {
  "searchId": "search_1756169373524_bjw27ryix",
  "responseTime": "9.29ms",
  "resultCount": 0,
  "cached": false
}
2025-08-25 17:49:33 [[37mdebug[39m]: [37mSearch recorded[39m {
  "searchId": "search_1756169373524_zuiydwuge",
  "responseTime": "10.00ms",
  "resultCount": 0,
  "cached": false
}
2025-08-25 17:49:33 [[37mdebug[39m]: [37mSearch recorded[39m {
  "searchId": "search_1756169373524_phajgbd8n",
  "responseTime": "10.72ms",
  "resultCount": 0,
  "cached": false
}
2025-08-25 17:49:33 [[37mdebug[39m]: [37mSearch recorded[39m {
  "searchId": "search_1756169373524_ric0i6zay",
  "responseTime": "11.42ms",
  "resultCount": 0,
  "cached": false
}
2025-08-25 17:49:33 [[37mdebug[39m]: [37mSearch recorded[39m {
  "searchId": "search_1756169373524_e5p4ura2w",
  "responseTime": "12.11ms",
  "resultCount": 0,
  "cached": false
}
2025-08-25 17:49:33 [[37mdebug[39m]: [37mSearch recorded[39m {
  "searchId": "search_1756169373524_2xcqjewjv",
  "responseTime": "12.95ms",
  "resultCount": 0,
  "cached": false
}
2025-08-25 17:49:33 [[37mdebug[39m]: [37mSearch recorded[39m {
  "searchId": "search_1756169373524_ijgnu8die",
  "responseTime": "13.67ms",
  "resultCount": 0,
  "cached": false
}
2025-08-25 17:49:33 [[37mdebug[39m]: [37mSearch recorded[39m {
  "searchId": "search_1756169373524_swlrjvh6y",
  "responseTime": "14.37ms",
  "resultCount": 0,
  "cached": false
}
2025-08-25 17:49:33 [[37mdebug[39m]: [37mSearch recorded[39m {
  "searchId": "search_1756169373524_kinzpd1fv",
  "responseTime": "15.11ms",
  "resultCount": 0,
  "cached": false
}
2025-08-25 17:49:33 [[37mdebug[39m]: [37mSearch recorded[39m {
  "searchId": "search_1756169373524_j1afh8epq",
  "responseTime": "15.81ms",
  "resultCount": 0,
  "cached": false
}
2025-08-25 17:49:33 [[37mdebug[39m]: [37mSearch recorded[39m {
  "searchId": "search_1756169373524_u63mj8n9b",
  "responseTime": "16.50ms",
  "resultCount": 0,
  "cached": false
}
2025-08-25 17:49:33 [[37mdebug[39m]: [37mSearch recorded[39m {
  "searchId": "search_1756169373524_dpj48van8",
  "responseTime": "17.21ms",
  "resultCount": 0,
  "cached": false
}
2025-08-25 17:49:33 [[37mdebug[39m]: [37mSearch recorded[39m {
  "searchId": "search_1756169373524_pm3gnlnhb",
  "responseTime": "17.92ms",
  "resultCount": 0,
  "cached": false
}
2025-08-25 17:49:33 [[37mdebug[39m]: [37mSearch recorded[39m {
  "searchId": "search_1756169373524_i7w3sxedr",
  "responseTime": "18.70ms",
  "resultCount": 0,
  "cached": false
}
2025-08-25 17:49:33 [[37mdebug[39m]: [37mSearch recorded[39m {
  "searchId": "search_1756169373524_fcpfdkw01",
  "responseTime": "19.43ms",
  "resultCount": 0,
  "cached": false
}
2025-08-25 17:49:33 [[37mdebug[39m]: [37mSearch recorded[39m {
  "searchId": "search_1756169373524_wgevb6n1z",
  "responseTime": "20.14ms",
  "resultCount": 0,
  "cached": false
}
2025-08-25 17:49:33 [[37mdebug[39m]: [37mSearch recorded[39m {
  "searchId": "search_1756169373525_tlzd8vp8q",
  "responseTime": "20.84ms",
  "resultCount": 0,
  "cached": false
}
2025-08-25 17:49:33 [[37mdebug[39m]: [37mSearch recorded[39m {
  "searchId": "search_1756169373525_uisdijvvo",
  "responseTime": "21.55ms",
  "resultCount": 0,
  "cached": false
}
2025-08-25 17:49:33 [[37mdebug[39m]: [37mSearch recorded[39m {
  "searchId": "search_1756169373525_xwol3p107",
  "responseTime": "22.25ms",
  "resultCount": 0,
  "cached": false
}
2025-08-25 17:49:33 [[37mdebug[39m]: [37mSearch recorded[39m {
  "searchId": "search_1756169373525_wc4ezpoh0",
  "responseTime": "22.98ms",
  "resultCount": 0,
  "cached": false
}
2025-08-25 17:49:33 [[37mdebug[39m]: [37mSearch recorded[39m {
  "searchId": "search_1756169373525_m7vqinido",
  "responseTime": "23.70ms",
  "resultCount": 0,
  "cached": false
}
2025-08-25 17:49:33 [[37mdebug[39m]: [37mSearch recorded[39m {
  "searchId": "search_1756169373525_v8f6xg8up",
  "responseTime": "24.44ms",
  "resultCount": 0,
  "cached": false
}
2025-08-25 17:49:33 [[37mdebug[39m]: [37mSearch recorded[39m {
  "searchId": "search_1756169373525_zmq355f7w",
  "responseTime": "25.22ms",
  "resultCount": 0,
  "cached": false
}
2025-08-25 17:49:33 [[37mdebug[39m]: [37mSearch recorded[39m {
  "searchId": "search_1756169373525_2dpj4gjbv",
  "responseTime": "25.91ms",
  "resultCount": 0,
  "cached": false
}
2025-08-25 17:49:33 [[37mdebug[39m]: [37mSearch recorded[39m {
  "searchId": "search_1756169373525_kozt2u45l",
  "responseTime": "26.60ms",
  "resultCount": 0,
  "cached": false
}
2025-08-25 17:49:33 [[37mdebug[39m]: [37mSearch recorded[39m {
  "searchId": "search_1756169373525_wlpsj6muq",
  "responseTime": "27.28ms",
  "resultCount": 0,
  "cached": false
}
2025-08-25 17:49:33 [[37mdebug[39m]: [37mSearch recorded[39m {
  "searchId": "search_1756169373525_i6gyunad0",
  "responseTime": "27.98ms",
  "resultCount": 0,
  "cached": false
}
2025-08-25 17:49:33 [[37mdebug[39m]: [37mSearch recorded[39m {
  "searchId": "search_1756169373525_1xpulc613",
  "responseTime": "28.67ms",
  "resultCount": 0,
  "cached": false
}
2025-08-25 17:49:33 [[37mdebug[39m]: [37mSearch recorded[39m {
  "searchId": "search_1756169373525_nwl4knazk",
  "responseTime": "29.45ms",
  "resultCount": 0,
  "cached": false
}
2025-08-25 17:49:33 [[37mdebug[39m]: [37mSearch recorded[39m {
  "searchId": "search_1756169373525_gsof8nxy3",
  "responseTime": "30.19ms",
  "resultCount": 0,
  "cached": false
}
2025-08-25 17:49:33 [[37mdebug[39m]: [37mSearch recorded[39m {
  "searchId": "search_1756169373525_a01ilqi6a",
  "responseTime": "31.01ms",
  "resultCount": 0,
  "cached": false
}
2025-08-25 17:49:33 [[37mdebug[39m]: [37mSearch recorded[39m {
  "searchId": "search_1756169373525_fckg6dquz",
  "responseTime": "31.73ms",
  "resultCount": 0,
  "cached": false
}
2025-08-25 17:49:33 [[37mdebug[39m]: [37mSearch recorded[39m {
  "searchId": "search_1756169373525_7f8419ena",
  "responseTime": "32.41ms",
  "resultCount": 0,
  "cached": false
}
2025-08-25 17:49:33 [[37mdebug[39m]: [37mSearch recorded[39m {
  "searchId": "search_1756169373525_vjfln1qn2",
  "responseTime": "33.14ms",
  "resultCount": 0,
  "cached": false
}
2025-08-25 17:49:33 [[37mdebug[39m]: [37mSearch recorded[39m {
  "searchId": "search_1756169373525_vm0j3xobl",
  "responseTime": "33.87ms",
  "resultCount": 0,
  "cached": false
}
2025-08-25 17:49:33 [[37mdebug[39m]: [37mSearch recorded[39m {
  "searchId": "search_1756169373525_l26qs3lhs",
  "responseTime": "34.58ms",
  "resultCount": 0,
  "cached": false
}
2025-08-25 17:49:33 [[37mdebug[39m]: [37mSearch recorded[39m {
  "searchId": "search_1756169373525_hmmz9wvwy",
  "responseTime": "35.31ms",
  "resultCount": 0,
  "cached": false
}
2025-08-25 17:49:33 [[37mdebug[39m]: [37mSearch recorded[39m {
  "searchId": "search_1756169373525_kr21afq4q",
  "responseTime": "36.03ms",
  "resultCount": 0,
  "cached": false
}
2025-08-25 17:49:33 [[37mdebug[39m]: [37mSearch recorded[39m {
  "searchId": "search_1756169373525_v40ezrb4l",
  "responseTime": "36.82ms",
  "resultCount": 0,
  "cached": false
}
2025-08-25 17:49:33 [[37mdebug[39m]: [37mSearch recorded[39m {
  "searchId": "search_1756169373525_orbi9l2iu",
  "responseTime": "37.51ms",
  "resultCount": 0,
  "cached": false
}
2025-08-25 17:49:33 [[32minfo[39m]: [32mCleaning up Semantic Search Engine[39m
2025-08-25 17:49:33 [[32minfo[39m]: [32mEmbedding cache cleared[39m
2025-08-25 17:49:33 [[32minfo[39m]: [32mEmbeddingManager cleaned up[39m
2025-08-25 17:49:33 [[32minfo[39m]: [32mCache cleared[39m
2025-08-25 17:49:33 [[32minfo[39m]: [32mSearchPerformanceOptimizer cleaned up[39m
2025-08-25 17:49:33 [[32minfo[39m]: [32mHybridScoringAlgorithm initialized[39m {
  "weights": {
    "semantic": 0.6000000000000001,
    "fuzzy": 0.30000000000000004,
    "metadata": 0.10000000000000002
  }
}
2025-08-25 17:49:33 [[32minfo[39m]: [32mSearchAnalytics initialized[39m
2025-08-25 17:49:33 [[32minfo[39m]: [32mSkipping AI model initialization (SKIP_AI_TESTS=true)[39m
2025-08-25 17:49:33 [[32minfo[39m]: [32mIndexing documents for semantic search[39m {
  "documentCount": 100
}
2025-08-25 17:49:33 [[32minfo[39m]: [32mDocument indexing completed[39m {
  "documentCount": 100,
  "indexingTime": "0.11ms"
}
2025-08-25 17:49:33 [[32minfo[39m]: [32mDocument indexing recorded[39m {
  "documentCount": 100,
  "indexingTime": "0.11ms",
  "docsPerSecond": "910813.17"
}
2025-08-25 17:49:33 [[32minfo[39m]: [32mCleaning up Semantic Search Engine[39m
2025-08-25 17:49:33 [[32minfo[39m]: [32mEmbedding cache cleared[39m
2025-08-25 17:49:33 [[32minfo[39m]: [32mEmbeddingManager cleaned up[39m
2025-08-25 17:49:33 [[32minfo[39m]: [32mCache cleared[39m
2025-08-25 17:49:33 [[32minfo[39m]: [32mSearchPerformanceOptimizer cleaned up[39m
2025-08-25 17:49:33 [[32minfo[39m]: [32mHybridScoringAlgorithm initialized[39m {
  "weights": {
    "semantic": 0.6000000000000001,
    "fuzzy": 0.30000000000000004,
    "metadata": 0.10000000000000002
  }
}
2025-08-25 17:49:33 [[32minfo[39m]: [32mSearchAnalytics initialized[39m
2025-08-25 17:49:33 [[32minfo[39m]: [32mSkipping AI model initialization (SKIP_AI_TESTS=true)[39m
2025-08-25 17:49:33 [[32minfo[39m]: [32mIndexing documents for semantic search[39m {
  "documentCount": 100
}
2025-08-25 17:49:33 [[32minfo[39m]: [32mDocument indexing completed[39m {
  "documentCount": 100,
  "indexingTime": "0.09ms"
}
2025-08-25 17:49:33 [[32minfo[39m]: [32mDocument indexing recorded[39m {
  "documentCount": 100,
  "indexingTime": "0.09ms",
  "docsPerSecond": "1128884.77"
}
2025-08-25 17:49:33 [[37mdebug[39m]: [37mPerforming semantic search[39m {
  "searchId": "search_1756169373565_r5u2o019h",
  "query": "out of storage space"
}
2025-08-25 17:49:33 [[37mdebug[39m]: [37mSearch recorded[39m {
  "searchId": "search_1756169373565_r5u2o019h",
  "responseTime": "1.45ms",
  "resultCount": 0,
  "cached": false
}
2025-08-25 17:49:33 [[37mdebug[39m]: [37mPerforming semantic search[39m {
  "searchId": "search_1756169373566_2vbgpiuo9",
  "query": "memory leak problem"
}
2025-08-25 17:49:33 [[37mdebug[39m]: [37mSearch recorded[39m {
  "searchId": "search_1756169373566_2vbgpiuo9",
  "responseTime": "1.34ms",
  "resultCount": 0,
  "cached": false
}
2025-08-25 17:49:33 [[37mdebug[39m]: [37mPerforming semantic search[39m {
  "searchId": "search_1756169373568_uols1lqwy",
  "query": "cannot connect to database"
}
2025-08-25 17:49:33 [[37mdebug[39m]: [37mSearch recorded[39m {
  "searchId": "search_1756169373568_uols1lqwy",
  "responseTime": "2.01ms",
  "resultCount": 0,
  "cached": false
}
2025-08-25 17:49:33 [[37mdebug[39m]: [37mPerforming semantic search[39m {
  "searchId": "search_1756169373570_6jxf8lkvo",
  "query": "slow network performance"
}
2025-08-25 17:49:33 [[37mdebug[39m]: [37mSearch recorded[39m {
  "searchId": "search_1756169373570_6jxf8lkvo",
  "responseTime": "2.01ms",
  "resultCount": 0,
  "cached": false
}
2025-08-25 17:49:33 [[37mdebug[39m]: [37mPerforming semantic search[39m {
  "searchId": "search_1756169373572_z2m40cpy4",
  "query": "high CPU utilization"
}
2025-08-25 17:49:33 [[37mdebug[39m]: [37mSearch recorded[39m {
  "searchId": "search_1756169373572_z2m40cpy4",
  "responseTime": "1.49ms",
  "resultCount": 0,
  "cached": false
}
2025-08-25 17:49:33 [[32minfo[39m]: [32mCleaning up Semantic Search Engine[39m
2025-08-25 17:49:33 [[32minfo[39m]: [32mEmbedding cache cleared[39m
2025-08-25 17:49:33 [[32minfo[39m]: [32mEmbeddingManager cleaned up[39m
2025-08-25 17:49:33 [[32minfo[39m]: [32mCache cleared[39m
2025-08-25 17:49:33 [[32minfo[39m]: [32mSearchPerformanceOptimizer cleaned up[39m
2025-08-25 17:49:33 [[32minfo[39m]: [32mHybridScoringAlgorithm initialized[39m {
  "weights": {
    "semantic": 0.6000000000000001,
    "fuzzy": 0.30000000000000004,
    "metadata": 0.10000000000000002
  }
}
2025-08-25 17:49:33 [[32minfo[39m]: [32mSearchAnalytics initialized[39m
2025-08-25 17:49:33 [[32minfo[39m]: [32mSkipping AI model initialization (SKIP_AI_TESTS=true)[39m
2025-08-25 17:49:33 [[32minfo[39m]: [32mIndexing documents for semantic search[39m {
  "documentCount": 50
}
2025-08-25 17:49:33 [[32minfo[39m]: [32mDocument indexing completed[39m {
  "documentCount": 50,
  "indexingTime": "0.05ms"
}
2025-08-25 17:49:33 [[32minfo[39m]: [32mDocument indexing recorded[39m {
  "documentCount": 50,
  "indexingTime": "0.05ms",
  "docsPerSecond": "995024.88"
}
2025-08-25 17:49:33 [[37mdebug[39m]: [37mPerforming semantic search[39m {
  "searchId": "search_1756169373574_k5lodmk6o",
  "query": "disk space"
}
2025-08-25 17:49:33 [[37mdebug[39m]: [37mSearch recorded[39m {
  "searchId": "search_1756169373574_k5lodmk6o",
  "responseTime": "1.53ms",
  "resultCount": 5,
  "cached": false
}
2025-08-25 17:49:33 [[37mdebug[39m]: [37mPerforming semantic search[39m {
  "searchId": "search_1756169373575_bea2qyfo8",
  "query": "memory issues"
}
2025-08-25 17:49:33 [[37mdebug[39m]: [37mSearch recorded[39m {
  "searchId": "search_1756169373575_bea2qyfo8",
  "responseTime": "0.87ms",
  "resultCount": 0,
  "cached": false
}
2025-08-25 17:49:33 [[37mdebug[39m]: [37mPerforming semantic search[39m {
  "searchId": "search_1756169373576_bwmc19koc",
  "query": "database problems"
}
2025-08-25 17:49:33 [[37mdebug[39m]: [37mSearch recorded[39m {
  "searchId": "search_1756169373576_bwmc19koc",
  "responseTime": "0.68ms",
  "resultCount": 0,
  "cached": false
}
2025-08-25 17:49:33 [[32minfo[39m]: [32mIndexing documents for semantic search[39m {
  "documentCount": 100
}
2025-08-25 17:49:33 [[32minfo[39m]: [32mDocument indexing completed[39m {
  "documentCount": 100,
  "indexingTime": "0.10ms"
}
2025-08-25 17:49:33 [[32minfo[39m]: [32mDocument indexing recorded[39m {
  "documentCount": 100,
  "indexingTime": "0.10ms",
  "docsPerSecond": "1005025.13"
}
2025-08-25 17:49:33 [[37mdebug[39m]: [37mPerforming semantic search[39m {
  "searchId": "search_1756169373577_tzloyovqi",
  "query": "disk space"
}
2025-08-25 17:49:33 [[37mdebug[39m]: [37mSearch recorded[39m {
  "searchId": "search_1756169373577_tzloyovqi",
  "responseTime": "0.76ms",
  "resultCount": 10,
  "cached": false
}
2025-08-25 17:49:33 [[37mdebug[39m]: [37mPerforming semantic search[39m {
  "searchId": "search_1756169373578_cv9cbcick",
  "query": "memory issues"
}
2025-08-25 17:49:33 [[37mdebug[39m]: [37mSearch recorded[39m {
  "searchId": "search_1756169373578_cv9cbcick",
  "responseTime": "1.22ms",
  "resultCount": 0,
  "cached": false
}
2025-08-25 17:49:33 [[37mdebug[39m]: [37mPerforming semantic search[39m {
  "searchId": "search_1756169373579_xrka4ewbw",
  "query": "database problems"
}
2025-08-25 17:49:33 [[37mdebug[39m]: [37mSearch recorded[39m {
  "searchId": "search_1756169373579_xrka4ewbw",
  "responseTime": "1.30ms",
  "resultCount": 0,
  "cached": false
}
2025-08-25 17:49:33 [[32minfo[39m]: [32mIndexing documents for semantic search[39m {
  "documentCount": 200
}
2025-08-25 17:49:33 [[32minfo[39m]: [32mDocument indexing completed[39m {
  "documentCount": 200,
  "indexingTime": "0.13ms"
}
2025-08-25 17:49:33 [[32minfo[39m]: [32mDocument indexing recorded[39m {
  "documentCount": 200,
  "indexingTime": "0.13ms",
  "docsPerSecond": "1569144.35"
}
2025-08-25 17:49:33 [[37mdebug[39m]: [37mPerforming semantic search[39m {
  "searchId": "search_1756169373581_lfj5n2cav",
  "query": "disk space"
}
2025-08-25 17:49:33 [[37mdebug[39m]: [37mSearch recorded[39m {
  "searchId": "search_1756169373581_lfj5n2cav",
  "responseTime": "1.45ms",
  "resultCount": 20,
  "cached": false
}
2025-08-25 17:49:33 [[37mdebug[39m]: [37mPerforming semantic search[39m {
  "searchId": "search_1756169373582_aavcb02gb",
  "query": "memory issues"
}
2025-08-25 17:49:33 [[37mdebug[39m]: [37mSearch recorded[39m {
  "searchId": "search_1756169373582_aavcb02gb",
  "responseTime": "1.80ms",
  "resultCount": 0,
  "cached": false
}
2025-08-25 17:49:33 [[37mdebug[39m]: [37mPerforming semantic search[39m {
  "searchId": "search_1756169373584_158ffxo3k",
  "query": "database problems"
}
2025-08-25 17:49:33 [[37mdebug[39m]: [37mSearch recorded[39m {
  "searchId": "search_1756169373584_158ffxo3k",
  "responseTime": "2.17ms",
  "resultCount": 0,
  "cached": false
}
2025-08-25 17:49:33 [[32minfo[39m]: [32mIndexing documents for semantic search[39m {
  "documentCount": 500
}
2025-08-25 17:49:33 [[32minfo[39m]: [32mDocument indexing completed[39m {
  "documentCount": 500,
  "indexingTime": "0.29ms"
}
2025-08-25 17:49:33 [[32minfo[39m]: [32mDocument indexing recorded[39m {
  "documentCount": 500,
  "indexingTime": "0.29ms",
  "docsPerSecond": "1708916.79"
}
2025-08-25 17:49:33 [[37mdebug[39m]: [37mPerforming semantic search[39m {
  "searchId": "search_1756169373587_aw3g4e4lc",
  "query": "disk space"
}
2025-08-25 17:49:33 [[37mdebug[39m]: [37mSearch recorded[39m {
  "searchId": "search_1756169373587_aw3g4e4lc",
  "responseTime": "3.35ms",
  "resultCount": 50,
  "cached": false
}
2025-08-25 17:49:33 [[37mdebug[39m]: [37mPerforming semantic search[39m {
  "searchId": "search_1756169373590_wgjvcicti",
  "query": "memory issues"
}
2025-08-25 17:49:33 [[37mdebug[39m]: [37mSearch recorded[39m {
  "searchId": "search_1756169373590_wgjvcicti",
  "responseTime": "4.05ms",
  "resultCount": 0,
  "cached": false
}
2025-08-25 17:49:33 [[37mdebug[39m]: [37mPerforming semantic search[39m {
  "searchId": "search_1756169373594_06bts86wy",
  "query": "database problems"
}
2025-08-25 17:49:33 [[37mdebug[39m]: [37mSearch recorded[39m {
  "searchId": "search_1756169373594_06bts86wy",
  "responseTime": "5.68ms",
  "resultCount": 0,
  "cached": false
}
2025-08-25 17:49:33 [[32minfo[39m]: [32mCleaning up Semantic Search Engine[39m
2025-08-25 17:49:33 [[32minfo[39m]: [32mEmbedding cache cleared[39m
2025-08-25 17:49:33 [[32minfo[39m]: [32mEmbeddingManager cleaned up[39m
2025-08-25 17:49:33 [[32minfo[39m]: [32mCache cleared[39m
2025-08-25 17:49:33 [[32minfo[39m]: [32mSearchPerformanceOptimizer cleaned up[39m
2025-08-25 17:49:33 [[32minfo[39m]: [32mEmbedding cache cleared[39m
2025-08-25 17:49:33 [[32minfo[39m]: [32mEmbeddingManager cleaned up[39m
2025-08-25 17:49:33 [[32minfo[39m]: [32mSearchPerformanceOptimizer initializing[39m {
  "maxCacheSize": 100,
  "ttlMs": 60000,
  "queryNormalization": true,
  "prefetching": true
}
2025-08-25 17:49:33 [[32minfo[39m]: [32mSearchPerformanceOptimizer initialized successfully[39m
2025-08-25 17:49:33 [[37mdebug[39m]: [37mCached search results[39m {
  "cacheKey": "query test|",
  "resultCount": 1,
  "cacheSize": 1,
  "computationTime": "100.00ms"
}
2025-08-25 17:49:33 [[37mdebug[39m]: [37mCache hit for search query[39m {
  "cacheKey": "query test|",
  "hitCount": 1,
  "age": 0,
  "resultCount": 1
}
2025-08-25 17:49:33 [[32minfo[39m]: [32mCache cleared[39m
2025-08-25 17:49:33 [[32minfo[39m]: [32mSearchPerformanceOptimizer cleaned up[39m
2025-08-25 17:49:33 [[32minfo[39m]: [32mHybridScoringAlgorithm initialized[39m {
  "weights": {
    "semantic": 0.6000000000000001,
    "fuzzy": 0.30000000000000004,
    "metadata": 0.10000000000000002
  }
}
2025-08-25 17:49:33 [[37mdebug[39m]: [37mStarting hybrid scoring combination[39m {
  "documentsCount": 50,
  "semanticScoresCount": 50,
  "fuzzyResultsCount": 50
}
2025-08-25 17:49:33 [[37mdebug[39m]: [37mHybrid scoring completed[39m {
  "inputDocuments": 50,
  "scoredResults": 50,
  "scoringTime": "0.26ms",
  "topScore": 1
}
2025-08-25 17:49:33 [[32minfo[39m]: [32mHybridScoringAlgorithm initialized[39m {
  "weights": {
    "semantic": 0.6000000000000001,
    "fuzzy": 0.30000000000000004,
    "metadata": 0.10000000000000002
  }
}
2025-08-25 17:49:33 [[32minfo[39m]: [32mSearchAnalytics initialized[39m
2025-08-25 17:49:33 [[32minfo[39m]: [32mSkipping AI model initialization (SKIP_AI_TESTS=true)[39m
2025-08-25 17:49:33 [[32minfo[39m]: [32mCleaning up Semantic Search Engine[39m
2025-08-25 17:49:33 [[32minfo[39m]: [32mEmbedding cache cleared[39m
2025-08-25 17:49:33 [[32minfo[39m]: [32mEmbeddingManager cleaned up[39m
2025-08-25 17:49:33 [[32minfo[39m]: [32mCache cleared[39m
2025-08-25 17:49:33 [[32minfo[39m]: [32mSearchPerformanceOptimizer cleaned up[39m
2025-08-25 17:49:33 [[32minfo[39m]: [32mHybridScoringAlgorithm initialized[39m {
  "weights": {
    "semantic": 0.6000000000000001,
    "fuzzy": 0.30000000000000004,
    "metadata": 0.10000000000000002
  }
}
2025-08-25 17:49:33 [[32minfo[39m]: [32mSearchAnalytics initialized[39m
2025-08-25 17:49:33 [[32minfo[39m]: [32mSkipping AI model initialization (SKIP_AI_TESTS=true)[39m
2025-08-25 17:49:33 [[32minfo[39m]: [32mIndexing documents for semantic search[39m {
  "documentCount": 5
}
2025-08-25 17:49:33 [[32minfo[39m]: [32mDocument indexing completed[39m {
  "documentCount": 5,
  "indexingTime": "0.25ms"
}
2025-08-25 17:49:33 [[32minfo[39m]: [32mDocument indexing recorded[39m {
  "documentCount": 5,
  "indexingTime": "0.25ms",
  "docsPerSecond": "19887.36"
}
2025-08-25 17:49:33 [[32minfo[39m]: [32mCleaning up Semantic Search Engine[39m
2025-08-25 17:49:33 [[32minfo[39m]: [32mEmbedding cache cleared[39m
2025-08-25 17:49:33 [[32minfo[39m]: [32mEmbeddingManager cleaned up[39m
2025-08-25 17:49:33 [[32minfo[39m]: [32mCache cleared[39m
2025-08-25 17:49:33 [[32minfo[39m]: [32mSearchPerformanceOptimizer cleaned up[39m
2025-08-25 17:49:33 [[32minfo[39m]: [32mHybridScoringAlgorithm initialized[39m {
  "weights": {
    "semantic": 0.6000000000000001,
    "fuzzy": 0.30000000000000004,
    "metadata": 0.10000000000000002
  }
}
2025-08-25 17:49:33 [[32minfo[39m]: [32mSearchAnalytics initialized[39m
2025-08-25 17:49:33 [[32minfo[39m]: [32mSkipping AI model initialization (SKIP_AI_TESTS=true)[39m
2025-08-25 17:49:33 [[32minfo[39m]: [32mIndexing documents for semantic search[39m {
  "documentCount": 5
}
2025-08-25 17:49:33 [[32minfo[39m]: [32mDocument indexing completed[39m {
  "documentCount": 5,
  "indexingTime": "0.06ms"
}
2025-08-25 17:49:33 [[32minfo[39m]: [32mDocument indexing recorded[39m {
  "documentCount": 5,
  "indexingTime": "0.06ms",
  "docsPerSecond": "81466.40"
}
2025-08-25 17:49:33 [[37mdebug[39m]: [37mPerforming semantic search[39m {
  "searchId": "search_1756169373445_bdyuyx80p",
  "query": "disk space full"
}
2025-08-25 17:49:33 [[37mdebug[39m]: [37mSearch recorded[39m {
  "searchId": "search_1756169373445_bdyuyx80p",
  "responseTime": "1.02ms",
  "resultCount": 1,
  "cached": false
}
2025-08-25 17:49:33 [[32minfo[39m]: [32mCleaning up Semantic Search Engine[39m
2025-08-25 17:49:33 [[32minfo[39m]: [32mEmbedding cache cleared[39m
2025-08-25 17:49:33 [[32minfo[39m]: [32mEmbeddingManager cleaned up[39m
2025-08-25 17:49:33 [[32minfo[39m]: [32mCache cleared[39m
2025-08-25 17:49:33 [[32minfo[39m]: [32mSearchPerformanceOptimizer cleaned up[39m
2025-08-25 17:49:33 [[32minfo[39m]: [32mHybridScoringAlgorithm initialized[39m {
  "weights": {
    "semantic": 0.6000000000000001,
    "fuzzy": 0.30000000000000004,
    "metadata": 0.10000000000000002
  }
}
2025-08-25 17:49:33 [[32minfo[39m]: [32mSearchAnalytics initialized[39m
2025-08-25 17:49:33 [[32minfo[39m]: [32mSkipping AI model initialization (SKIP_AI_TESTS=true)[39m
2025-08-25 17:49:33 [[32minfo[39m]: [32mIndexing documents for semantic search[39m {
  "documentCount": 5
}
2025-08-25 17:49:33 [[32minfo[39m]: [32mDocument indexing completed[39m {
  "documentCount": 5,
  "indexingTime": "0.06ms"
}
2025-08-25 17:49:33 [[32minfo[39m]: [32mDocument indexing recorded[39m {
  "documentCount": 5,
  "indexingTime": "0.06ms",
  "docsPerSecond": "89552.77"
}
2025-08-25 17:49:33 [[37mdebug[39m]: [37mPerforming semantic search[39m {
  "searchId": "search_1756169373448_sxqyq4guu",
  "query": "memory issues"
}
2025-08-25 17:49:33 [[37mdebug[39m]: [37mSearch recorded[39m {
  "searchId": "search_1756169373448_sxqyq4guu",
  "responseTime": "0.31ms",
  "resultCount": 2,
  "cached": false
}
2025-08-25 17:49:33 [[32minfo[39m]: [32mIndexing documents for semantic search[39m {
  "documentCount": 3
}
2025-08-25 17:49:33 [[32minfo[39m]: [32mDocument indexing completed[39m {
  "documentCount": 3,
  "indexingTime": "0.03ms"
}
2025-08-25 17:49:33 [[32minfo[39m]: [32mDocument indexing recorded[39m {
  "documentCount": 3,
  "indexingTime": "0.03ms",
  "docsPerSecond": "87376.94"
}
2025-08-25 17:49:33 [[32minfo[39m]: [32mCleaning up Semantic Search Engine[39m
2025-08-25 17:49:33 [[32minfo[39m]: [32mEmbedding cache cleared[39m
2025-08-25 17:49:33 [[32minfo[39m]: [32mEmbeddingManager cleaned up[39m
2025-08-25 17:49:33 [[32minfo[39m]: [32mCache cleared[39m
2025-08-25 17:49:33 [[32minfo[39m]: [32mSearchPerformanceOptimizer cleaned up[39m
2025-08-25 17:49:33 [[32minfo[39m]: [32mHybridScoringAlgorithm initialized[39m {
  "weights": {
    "semantic": 0.6000000000000001,
    "fuzzy": 0.30000000000000004,
    "metadata": 0.10000000000000002
  }
}
2025-08-25 17:49:33 [[32minfo[39m]: [32mSearchAnalytics initialized[39m
2025-08-25 17:49:33 [[32minfo[39m]: [32mSkipping AI model initialization (SKIP_AI_TESTS=true)[39m
2025-08-25 17:49:33 [[32minfo[39m]: [32mIndexing documents for semantic search[39m {
  "documentCount": 5
}
2025-08-25 17:49:33 [[32minfo[39m]: [32mDocument indexing completed[39m {
  "documentCount": 5,
  "indexingTime": "0.07ms"
}
2025-08-25 17:49:33 [[32minfo[39m]: [32mDocument indexing recorded[39m {
  "documentCount": 5,
  "indexingTime": "0.07ms",
  "docsPerSecond": "68846.82"
}
2025-08-25 17:49:33 [[37mdebug[39m]: [37mPerforming semantic search[39m {
  "searchId": "search_1756169373449_8za4vkoya",
  "query": "troubleshooting",
  "filters": {
    "categories": [
      "runbook"
    ]
  }
}
2025-08-25 17:49:33 [[37mdebug[39m]: [37mSearch recorded[39m {
  "searchId": "search_1756169373449_8za4vkoya",
  "responseTime": "0.43ms",
  "resultCount": 2,
  "cached": false
}
2025-08-25 17:49:33 [[37mdebug[39m]: [37mPerforming semantic search[39m {
  "searchId": "search_1756169373450_ee1ijwa0k",
  "query": "issues",
  "filters": {
    "sources": [
      "test"
    ]
  }
}
2025-08-25 17:49:33 [[37mdebug[39m]: [37mSearch recorded[39m {
  "searchId": "search_1756169373450_ee1ijwa0k",
  "responseTime": "0.20ms",
  "resultCount": 2,
  "cached": false
}
2025-08-25 17:49:33 [[32minfo[39m]: [32mCleaning up Semantic Search Engine[39m
2025-08-25 17:49:33 [[32minfo[39m]: [32mEmbedding cache cleared[39m
2025-08-25 17:49:33 [[32minfo[39m]: [32mEmbeddingManager cleaned up[39m
2025-08-25 17:49:33 [[32minfo[39m]: [32mCache cleared[39m
2025-08-25 17:49:33 [[32minfo[39m]: [32mSearchPerformanceOptimizer cleaned up[39m
2025-08-25 17:49:33 [[32minfo[39m]: [32mHybridScoringAlgorithm initialized[39m {
  "weights": {
    "semantic": 0.6000000000000001,
    "fuzzy": 0.30000000000000004,
    "metadata": 0.10000000000000002
  }
}
2025-08-25 17:49:33 [[32minfo[39m]: [32mSearchAnalytics initialized[39m
2025-08-25 17:49:33 [[32minfo[39m]: [32mSkipping AI model initialization (SKIP_AI_TESTS=true)[39m
2025-08-25 17:49:33 [[32minfo[39m]: [32mIndexing documents for semantic search[39m {
  "documentCount": 5
}
2025-08-25 17:49:33 [[32minfo[39m]: [32mDocument indexing completed[39m {
  "documentCount": 5,
  "indexingTime": "0.04ms"
}
2025-08-25 17:49:33 [[32minfo[39m]: [32mDocument indexing recorded[39m {
  "documentCount": 5,
  "indexingTime": "0.04ms",
  "docsPerSecond": "131866.97"
}
2025-08-25 17:49:33 [[37mdebug[39m]: [37mPerforming semantic search[39m {
  "searchId": "search_1756169373450_hjci3574g",
  "query": "out of storage space"
}
2025-08-25 17:49:33 [[37mdebug[39m]: [37mSearch recorded[39m {
  "searchId": "search_1756169373450_hjci3574g",
  "responseTime": "0.30ms",
  "resultCount": 0,
  "cached": false
}
2025-08-25 17:49:33 [[32minfo[39m]: [32mCleaning up Semantic Search Engine[39m
2025-08-25 17:49:33 [[32minfo[39m]: [32mEmbedding cache cleared[39m
2025-08-25 17:49:33 [[32minfo[39m]: [32mEmbeddingManager cleaned up[39m
2025-08-25 17:49:33 [[32minfo[39m]: [32mCache cleared[39m
2025-08-25 17:49:33 [[32minfo[39m]: [32mSearchPerformanceOptimizer cleaned up[39m
2025-08-25 17:49:33 [[32minfo[39m]: [32mHybridScoringAlgorithm initialized[39m {
  "weights": {
    "semantic": 0.6000000000000001,
    "fuzzy": 0.30000000000000004,
    "metadata": 0.10000000000000002
  }
}
2025-08-25 17:49:33 [[32minfo[39m]: [32mSearchAnalytics initialized[39m
2025-08-25 17:49:33 [[32minfo[39m]: [32mSkipping AI model initialization (SKIP_AI_TESTS=true)[39m
2025-08-25 17:49:33 [[32minfo[39m]: [32mIndexing documents for semantic search[39m {
  "documentCount": 5
}
2025-08-25 17:49:33 [[32minfo[39m]: [32mDocument indexing completed[39m {
  "documentCount": 5,
  "indexingTime": "0.04ms"
}
2025-08-25 17:49:33 [[32minfo[39m]: [32mDocument indexing recorded[39m {
  "documentCount": 5,
  "indexingTime": "0.04ms",
  "docsPerSecond": "122324.16"
}
2025-08-25 17:49:33 [[37mdebug[39m]: [37mPerforming semantic search[39m {
  "searchId": "search_1756169373451_5x0nt9ysz",
  "query": ""
}
2025-08-25 17:49:33 [[37mdebug[39m]: [37mSearch recorded[39m {
  "searchId": "search_1756169373451_5x0nt9ysz",
  "responseTime": "0.09ms",
  "resultCount": 0,
  "cached": false
}
2025-08-25 17:49:33 [[37mdebug[39m]: [37mPerforming semantic search[39m {
  "searchId": "search_1756169373451_n07sf30aq",
  "query": "   "
}
2025-08-25 17:49:33 [[37mdebug[39m]: [37mSearch recorded[39m {
  "searchId": "search_1756169373451_n07sf30aq",
  "responseTime": "0.07ms",
  "resultCount": 0,
  "cached": false
}
2025-08-25 17:49:33 [[32minfo[39m]: [32mCleaning up Semantic Search Engine[39m
2025-08-25 17:49:33 [[32minfo[39m]: [32mEmbedding cache cleared[39m
2025-08-25 17:49:33 [[32minfo[39m]: [32mEmbeddingManager cleaned up[39m
2025-08-25 17:49:33 [[32minfo[39m]: [32mCache cleared[39m
2025-08-25 17:49:33 [[32minfo[39m]: [32mSearchPerformanceOptimizer cleaned up[39m
2025-08-25 17:49:33 [[32minfo[39m]: [32mHybridScoringAlgorithm initialized[39m {
  "weights": {
    "semantic": 0.6000000000000001,
    "fuzzy": 0.30000000000000004,
    "metadata": 0.10000000000000002
  }
}
2025-08-25 17:49:33 [[32minfo[39m]: [32mSearchAnalytics initialized[39m
2025-08-25 17:49:33 [[32minfo[39m]: [32mSkipping AI model initialization (SKIP_AI_TESTS=true)[39m
2025-08-25 17:49:33 [[32minfo[39m]: [32mIndexing documents for semantic search[39m {
  "documentCount": 5
}
2025-08-25 17:49:33 [[32minfo[39m]: [32mDocument indexing completed[39m {
  "documentCount": 5,
  "indexingTime": "0.04ms"
}
2025-08-25 17:49:33 [[32minfo[39m]: [32mDocument indexing recorded[39m {
  "documentCount": 5,
  "indexingTime": "0.04ms",
  "docsPerSecond": "111214.91"
}
2025-08-25 17:49:33 [[37mdebug[39m]: [37mPerforming semantic search[39m {
  "searchId": "search_1756169373452_3l2a62vlb",
  "query": "completely unrelated quantum physics"
}
2025-08-25 17:49:33 [[37mdebug[39m]: [37mSearch recorded[39m {
  "searchId": "search_1756169373452_3l2a62vlb",
  "responseTime": "0.47ms",
  "resultCount": 0,
  "cached": false
}
2025-08-25 17:49:33 [[32minfo[39m]: [32mCleaning up Semantic Search Engine[39m
2025-08-25 17:49:33 [[32minfo[39m]: [32mEmbedding cache cleared[39m
2025-08-25 17:49:33 [[32minfo[39m]: [32mEmbeddingManager cleaned up[39m
2025-08-25 17:49:33 [[32minfo[39m]: [32mCache cleared[39m
2025-08-25 17:49:33 [[32minfo[39m]: [32mSearchPerformanceOptimizer cleaned up[39m
2025-08-25 17:49:33 [[32minfo[39m]: [32mHybridScoringAlgorithm initialized[39m {
  "weights": {
    "semantic": 0.6000000000000001,
    "fuzzy": 0.30000000000000004,
    "metadata": 0.10000000000000002
  }
}
2025-08-25 17:49:33 [[32minfo[39m]: [32mSearchAnalytics initialized[39m
2025-08-25 17:49:33 [[32minfo[39m]: [32mSkipping AI model initialization (SKIP_AI_TESTS=true)[39m
2025-08-25 17:49:33 [[32minfo[39m]: [32mIndexing documents for semantic search[39m {
  "documentCount": 5
}
2025-08-25 17:49:33 [[32minfo[39m]: [32mDocument indexing completed[39m {
  "documentCount": 5,
  "indexingTime": "0.04ms"
}
2025-08-25 17:49:33 [[32minfo[39m]: [32mDocument indexing recorded[39m {
  "documentCount": 5,
  "indexingTime": "0.04ms",
  "docsPerSecond": "113101.70"
}
2025-08-25 17:49:33 [[37mdebug[39m]: [37mPerforming semantic search[39m {
  "searchId": "search_1756169373453_ox9q6a9d3",
  "query": "disk_full critical web-server production",
  "filters": {
    "categories": [
      "runbook"
    ]
  }
}
2025-08-25 17:49:33 [[37mdebug[39m]: [37mSearch recorded[39m {
  "searchId": "search_1756169373453_ox9q6a9d3",
  "responseTime": "0.50ms",
  "resultCount": 0,
  "cached": false
}
2025-08-25 17:49:33 [[32minfo[39m]: [32mCleaning up Semantic Search Engine[39m
2025-08-25 17:49:33 [[32minfo[39m]: [32mEmbedding cache cleared[39m
2025-08-25 17:49:33 [[32minfo[39m]: [32mEmbeddingManager cleaned up[39m
2025-08-25 17:49:33 [[32minfo[39m]: [32mCache cleared[39m
2025-08-25 17:49:33 [[32minfo[39m]: [32mSearchPerformanceOptimizer cleaned up[39m
2025-08-25 17:49:33 [[32minfo[39m]: [32mHybridScoringAlgorithm initialized[39m {
  "weights": {
    "semantic": 0.6000000000000001,
    "fuzzy": 0.30000000000000004,
    "metadata": 0.10000000000000002
  }
}
2025-08-25 17:49:33 [[32minfo[39m]: [32mSearchAnalytics initialized[39m
2025-08-25 17:49:33 [[32minfo[39m]: [32mSkipping AI model initialization (SKIP_AI_TESTS=true)[39m
2025-08-25 17:49:33 [[32minfo[39m]: [32mIndexing documents for semantic search[39m {
  "documentCount": 5
}
2025-08-25 17:49:33 [[32minfo[39m]: [32mDocument indexing completed[39m {
  "documentCount": 5,
  "indexingTime": "0.04ms"
}
2025-08-25 17:49:33 [[32minfo[39m]: [32mDocument indexing recorded[39m {
  "documentCount": 5,
  "indexingTime": "0.04ms",
  "docsPerSecond": "134981.91"
}
2025-08-25 17:49:33 [[37mdebug[39m]: [37mPerforming semantic search[39m {
  "searchId": "search_1756169373454_kmiqeq8wv",
  "query": "disk space"
}
2025-08-25 17:49:33 [[37mdebug[39m]: [37mSearch recorded[39m {
  "searchId": "search_1756169373454_kmiqeq8wv",
  "responseTime": "0.12ms",
  "resultCount": 1,
  "cached": false
}
2025-08-25 17:49:33 [[37mdebug[39m]: [37mPerforming semantic search[39m {
  "searchId": "search_1756169373454_0g6uow1lr",
  "query": "memory issues"
}
2025-08-25 17:49:33 [[37mdebug[39m]: [37mSearch recorded[39m {
  "searchId": "search_1756169373454_0g6uow1lr",
  "responseTime": "0.12ms",
  "resultCount": 2,
  "cached": false
}
2025-08-25 17:49:33 [[37mdebug[39m]: [37mPerforming semantic search[39m {
  "searchId": "search_1756169373454_u7fj6nzxq",
  "query": "database problems"
}
2025-08-25 17:49:33 [[37mdebug[39m]: [37mSearch recorded[39m {
  "searchId": "search_1756169373454_u7fj6nzxq",
  "responseTime": "0.27ms",
  "resultCount": 1,
  "cached": false
}
2025-08-25 17:49:33 [[32minfo[39m]: [32mCleaning up Semantic Search Engine[39m
2025-08-25 17:49:33 [[32minfo[39m]: [32mEmbedding cache cleared[39m
2025-08-25 17:49:33 [[32minfo[39m]: [32mEmbeddingManager cleaned up[39m
2025-08-25 17:49:33 [[32minfo[39m]: [32mCache cleared[39m
2025-08-25 17:49:33 [[32minfo[39m]: [32mSearchPerformanceOptimizer cleaned up[39m
2025-08-25 17:49:33 [[32minfo[39m]: [32mHybridScoringAlgorithm initialized[39m {
  "weights": {
    "semantic": 0.6000000000000001,
    "fuzzy": 0.30000000000000004,
    "metadata": 0.10000000000000002
  }
}
2025-08-25 17:49:33 [[32minfo[39m]: [32mSearchAnalytics initialized[39m
2025-08-25 17:49:33 [[32minfo[39m]: [32mSkipping AI model initialization (SKIP_AI_TESTS=true)[39m
2025-08-25 17:49:33 [[32minfo[39m]: [32mIndexing documents for semantic search[39m {
  "documentCount": 5
}
2025-08-25 17:49:33 [[32minfo[39m]: [32mDocument indexing completed[39m {
  "documentCount": 5,
  "indexingTime": "0.07ms"
}
2025-08-25 17:49:33 [[32minfo[39m]: [32mDocument indexing recorded[39m {
  "documentCount": 5,
  "indexingTime": "0.07ms",
  "docsPerSecond": "70422.54"
}
2025-08-25 17:49:33 [[37mdebug[39m]: [37mPerforming semantic search[39m {
  "searchId": "search_1756169373456_prfhj0ldm",
  "query": "disk space"
}
2025-08-25 17:49:33 [[37mdebug[39m]: [37mPerforming semantic search[39m {
  "searchId": "search_1756169373456_gvc7s5y9t",
  "query": "memory issues"
}
2025-08-25 17:49:33 [[37mdebug[39m]: [37mPerforming semantic search[39m {
  "searchId": "search_1756169373456_ed1tbfo17",
  "query": "database connection"
}
2025-08-25 17:49:33 [[37mdebug[39m]: [37mPerforming semantic search[39m {
  "searchId": "search_1756169373456_avs2ciq5s",
  "query": "network problems"
}
2025-08-25 17:49:33 [[37mdebug[39m]: [37mPerforming semantic search[39m {
  "searchId": "search_1756169373456_2d5dwu5mm",
  "query": "cpu performance"
}
2025-08-25 17:49:33 [[37mdebug[39m]: [37mSearch recorded[39m {
  "searchId": "search_1756169373456_prfhj0ldm",
  "responseTime": "0.37ms",
  "resultCount": 1,
  "cached": false
}
2025-08-25 17:49:33 [[37mdebug[39m]: [37mSearch recorded[39m {
  "searchId": "search_1756169373456_gvc7s5y9t",
  "responseTime": "0.46ms",
  "resultCount": 2,
  "cached": false
}
2025-08-25 17:49:33 [[37mdebug[39m]: [37mSearch recorded[39m {
  "searchId": "search_1756169373456_ed1tbfo17",
  "responseTime": "0.57ms",
  "resultCount": 1,
  "cached": false
}
2025-08-25 17:49:33 [[37mdebug[39m]: [37mSearch recorded[39m {
  "searchId": "search_1756169373456_avs2ciq5s",
  "responseTime": "0.67ms",
  "resultCount": 1,
  "cached": false
}
2025-08-25 17:49:33 [[37mdebug[39m]: [37mSearch recorded[39m {
  "searchId": "search_1756169373456_2d5dwu5mm",
  "responseTime": "0.64ms",
  "resultCount": 1,
  "cached": false
}
2025-08-25 17:49:33 [[32minfo[39m]: [32mCleaning up Semantic Search Engine[39m
2025-08-25 17:49:33 [[32minfo[39m]: [32mEmbedding cache cleared[39m
2025-08-25 17:49:33 [[32minfo[39m]: [32mEmbeddingManager cleaned up[39m
2025-08-25 17:49:33 [[32minfo[39m]: [32mCache cleared[39m
2025-08-25 17:49:33 [[32minfo[39m]: [32mSearchPerformanceOptimizer cleaned up[39m
2025-08-25 17:49:33 [[32minfo[39m]: [32mHybridScoringAlgorithm initialized[39m {
  "weights": {
    "semantic": 0.6000000000000001,
    "fuzzy": 0.30000000000000004,
    "metadata": 0.10000000000000002
  }
}
2025-08-25 17:49:33 [[32minfo[39m]: [32mSearchAnalytics initialized[39m
2025-08-25 17:49:33 [[32minfo[39m]: [32mSkipping AI model initialization (SKIP_AI_TESTS=true)[39m
2025-08-25 17:49:33 [[32minfo[39m]: [32mIndexing documents for semantic search[39m {
  "documentCount": 5
}
2025-08-25 17:49:33 [[32minfo[39m]: [32mDocument indexing completed[39m {
  "documentCount": 5,
  "indexingTime": "0.03ms"
}
2025-08-25 17:49:33 [[32minfo[39m]: [32mDocument indexing recorded[39m {
  "documentCount": 5,
  "indexingTime": "0.03ms",
  "docsPerSecond": "160642.57"
}
2025-08-25 17:49:33 [[32minfo[39m]: [32mCleaning up Semantic Search Engine[39m
2025-08-25 17:49:33 [[32minfo[39m]: [32mEmbedding cache cleared[39m
2025-08-25 17:49:33 [[32minfo[39m]: [32mEmbeddingManager cleaned up[39m
2025-08-25 17:49:33 [[32minfo[39m]: [32mCache cleared[39m
2025-08-25 17:49:33 [[32minfo[39m]: [32mSearchPerformanceOptimizer cleaned up[39m
2025-08-25 17:49:33 [[32minfo[39m]: [32mHybridScoringAlgorithm initialized[39m {
  "weights": {
    "semantic": 0.6000000000000001,
    "fuzzy": 0.30000000000000004,
    "metadata": 0.10000000000000002
  }
}
2025-08-25 17:49:33 [[32minfo[39m]: [32mSearchAnalytics initialized[39m
2025-08-25 17:49:33 [[32minfo[39m]: [32mSkipping AI model initialization (SKIP_AI_TESTS=true)[39m
2025-08-25 17:49:33 [[32minfo[39m]: [32mIndexing documents for semantic search[39m {
  "documentCount": 5
}
2025-08-25 17:49:33 [[32minfo[39m]: [32mDocument indexing completed[39m {
  "documentCount": 5,
  "indexingTime": "0.03ms"
}
2025-08-25 17:49:33 [[32minfo[39m]: [32mDocument indexing recorded[39m {
  "documentCount": 5,
  "indexingTime": "0.03ms",
  "docsPerSecond": "163934.43"
}
2025-08-25 17:49:33 [[37mdebug[39m]: [37mPerforming semantic search[39m {
  "searchId": "search_1756169373458_ul9nuwr75",
  "query": "disk space"
}
2025-08-25 17:49:33 [[37mdebug[39m]: [37mSearch recorded[39m {
  "searchId": "search_1756169373458_ul9nuwr75",
  "responseTime": "0.37ms",
  "resultCount": 1,
  "cached": false
}
2025-08-25 17:49:33 [[32minfo[39m]: [32mCleaning up Semantic Search Engine[39m
2025-08-25 17:49:33 [[32minfo[39m]: [32mEmbedding cache cleared[39m
2025-08-25 17:49:33 [[32minfo[39m]: [32mEmbeddingManager cleaned up[39m
2025-08-25 17:49:33 [[32minfo[39m]: [32mCache cleared[39m
2025-08-25 17:49:33 [[32minfo[39m]: [32mSearchPerformanceOptimizer cleaned up[39m
2025-08-25 17:49:33 [[32minfo[39m]: [32mCleaning up Semantic Search Engine[39m
2025-08-25 17:49:33 [[32minfo[39m]: [32mEmbedding cache cleared[39m
2025-08-25 17:49:33 [[32minfo[39m]: [32mEmbeddingManager cleaned up[39m
2025-08-25 17:49:33 [[32minfo[39m]: [32mCache cleared[39m
2025-08-25 17:49:33 [[32minfo[39m]: [32mSearchPerformanceOptimizer cleaned up[39m
2025-08-25 17:49:33 [[32minfo[39m]: [32mHybridScoringAlgorithm initialized[39m {
  "weights": {
    "semantic": 0.6000000000000001,
    "fuzzy": 0.30000000000000004,
    "metadata": 0.10000000000000002
  }
}
2025-08-25 17:49:33 [[32minfo[39m]: [32mSearchAnalytics initialized[39m
2025-08-25 17:49:33 [[32minfo[39m]: [32mSkipping AI model initialization (SKIP_AI_TESTS=true)[39m
2025-08-25 17:49:33 [[32minfo[39m]: [32mIndexing documents for semantic search[39m {
  "documentCount": 1
}
2025-08-25 17:49:33 [[37mdebug[39m]: [37mPerforming semantic search[39m {
  "searchId": "search_1756169373459_az6kjzlzl",
  "query": "disk space"
}
2025-08-25 17:49:33 [[37mdebug[39m]: [37mSearch recorded[39m {
  "searchId": "search_1756169373459_az6kjzlzl",
  "responseTime": "0.06ms",
  "resultCount": 0,
  "cached": false
}
2025-08-25 17:49:33 [[37mdebug[39m]: [37mPerforming semantic search[39m {
  "searchId": "search_1756169373459_k0m9d9ktq",
  "query": "memory usage"
}
2025-08-25 17:49:33 [[37mdebug[39m]: [37mSearch recorded[39m {
  "searchId": "search_1756169373459_k0m9d9ktq",
  "responseTime": "0.05ms",
  "resultCount": 0,
  "cached": false
}
2025-08-25 17:49:33 [[37mdebug[39m]: [37mPerforming semantic search[39m {
  "searchId": "search_1756169373459_y1o5my3mh",
  "query": "cpu load"
}
2025-08-25 17:49:33 [[37mdebug[39m]: [37mSearch recorded[39m {
  "searchId": "search_1756169373459_y1o5my3mh",
  "responseTime": "0.04ms",
  "resultCount": 0,
  "cached": false
}
2025-08-25 17:49:33 [[37mdebug[39m]: [37mPerforming semantic search[39m {
  "searchId": "search_1756169373459_jdp2fmyev",
  "query": "network issue"
}
2025-08-25 17:49:33 [[37mdebug[39m]: [37mSearch recorded[39m {
  "searchId": "search_1756169373459_jdp2fmyev",
  "responseTime": "0.04ms",
  "resultCount": 0,
  "cached": false
}
2025-08-25 17:49:33 [[37mdebug[39m]: [37mPerforming semantic search[39m {
  "searchId": "search_1756169373459_o0t2odo43",
  "query": "database connection"
}
2025-08-25 17:49:33 [[37mdebug[39m]: [37mSearch recorded[39m {
  "searchId": "search_1756169373459_o0t2odo43",
  "responseTime": "0.04ms",
  "resultCount": 0,
  "cached": false
}
2025-08-25 17:49:33 [[37mdebug[39m]: [37mPerforming semantic search[39m {
  "searchId": "search_1756169373459_osgb8lx6l",
  "query": "service restart"
}
2025-08-25 17:49:33 [[37mdebug[39m]: [37mSearch recorded[39m {
  "searchId": "search_1756169373459_osgb8lx6l",
  "responseTime": "0.04ms",
  "resultCount": 0,
  "cached": false
}
2025-08-25 17:49:33 [[37mdebug[39m]: [37mPerforming semantic search[39m {
  "searchId": "search_1756169373459_gg6kanki2",
  "query": "error log"
}
2025-08-25 17:49:33 [[37mdebug[39m]: [37mSearch recorded[39m {
  "searchId": "search_1756169373459_gg6kanki2",
  "responseTime": "0.04ms",
  "resultCount": 0,
  "cached": false
}
2025-08-25 17:49:33 [[37mdebug[39m]: [37mPerforming semantic search[39m {
  "searchId": "search_1756169373459_muodlz3k1",
  "query": "performance issue"
}
2025-08-25 17:49:33 [[37mdebug[39m]: [37mSearch recorded[39m {
  "searchId": "search_1756169373459_muodlz3k1",
  "responseTime": "0.04ms",
  "resultCount": 0,
  "cached": false
}
2025-08-25 17:49:33 [[32minfo[39m]: [32mDocument indexing completed[39m {
  "documentCount": 1,
  "indexingTime": "0.57ms"
}
2025-08-25 17:49:33 [[32minfo[39m]: [32mDocument indexing recorded[39m {
  "documentCount": 1,
  "indexingTime": "0.57ms",
  "docsPerSecond": "1769.52"
}
2025-08-25 17:49:33 [[32minfo[39m]: [32mIndexing documents for semantic search[39m {
  "documentCount": 1
}
2025-08-25 17:49:33 [[37mdebug[39m]: [37mPerforming semantic search[39m {
  "searchId": "search_1756169373459_478xucl4h",
  "query": "disk space"
}
2025-08-25 17:49:33 [[37mdebug[39m]: [37mSearch recorded[39m {
  "searchId": "search_1756169373459_478xucl4h",
  "responseTime": "0.04ms",
  "resultCount": 0,
  "cached": false
}
2025-08-25 17:49:33 [[37mdebug[39m]: [37mPerforming semantic search[39m {
  "searchId": "search_1756169373459_bxp1vryi4",
  "query": "memory usage"
}
2025-08-25 17:49:33 [[37mdebug[39m]: [37mSearch recorded[39m {
  "searchId": "search_1756169373459_bxp1vryi4",
  "responseTime": "0.03ms",
  "resultCount": 0,
  "cached": false
}
2025-08-25 17:49:33 [[37mdebug[39m]: [37mPerforming semantic search[39m {
  "searchId": "search_1756169373459_91rseaz2l",
  "query": "cpu load"
}
2025-08-25 17:49:33 [[37mdebug[39m]: [37mSearch recorded[39m {
  "searchId": "search_1756169373459_91rseaz2l",
  "responseTime": "0.03ms",
  "resultCount": 0,
  "cached": false
}
2025-08-25 17:49:33 [[37mdebug[39m]: [37mPerforming semantic search[39m {
  "searchId": "search_1756169373460_oqcoll616",
  "query": "network issue"
}
2025-08-25 17:49:33 [[37mdebug[39m]: [37mSearch recorded[39m {
  "searchId": "search_1756169373460_oqcoll616",
  "responseTime": "0.03ms",
  "resultCount": 0,
  "cached": false
}
2025-08-25 17:49:33 [[37mdebug[39m]: [37mPerforming semantic search[39m {
  "searchId": "search_1756169373460_vamnnx59h",
  "query": "database connection"
}
2025-08-25 17:49:33 [[37mdebug[39m]: [37mSearch recorded[39m {
  "searchId": "search_1756169373460_vamnnx59h",
  "responseTime": "0.03ms",
  "resultCount": 0,
  "cached": false
}
2025-08-25 17:49:33 [[37mdebug[39m]: [37mPerforming semantic search[39m {
  "searchId": "search_1756169373460_2eoerwffn",
  "query": "service restart"
}
2025-08-25 17:49:33 [[37mdebug[39m]: [37mSearch recorded[39m {
  "searchId": "search_1756169373460_2eoerwffn",
  "responseTime": "0.03ms",
  "resultCount": 0,
  "cached": false
}
2025-08-25 17:49:33 [[37mdebug[39m]: [37mPerforming semantic search[39m {
  "searchId": "search_1756169373460_8z6gzlfgk",
  "query": "error log"
}
2025-08-25 17:49:33 [[37mdebug[39m]: [37mSearch recorded[39m {
  "searchId": "search_1756169373460_8z6gzlfgk",
  "responseTime": "0.03ms",
  "resultCount": 0,
  "cached": false
}
2025-08-25 17:49:33 [[37mdebug[39m]: [37mPerforming semantic search[39m {
  "searchId": "search_1756169373460_tb91hmhc9",
  "query": "performance issue"
}
2025-08-25 17:49:33 [[37mdebug[39m]: [37mSearch recorded[39m {
  "searchId": "search_1756169373460_tb91hmhc9",
  "responseTime": "0.04ms",
  "resultCount": 0,
  "cached": false
}
2025-08-25 17:49:33 [[32minfo[39m]: [32mDocument indexing completed[39m {
  "documentCount": 1,
  "indexingTime": "0.45ms"
}
2025-08-25 17:49:33 [[32minfo[39m]: [32mDocument indexing recorded[39m {
  "documentCount": 1,
  "indexingTime": "0.45ms",
  "docsPerSecond": "2225.31"
}
2025-08-25 17:49:33 [[32minfo[39m]: [32mCleaning up Semantic Search Engine[39m
2025-08-25 17:49:33 [[32minfo[39m]: [32mEmbedding cache cleared[39m
2025-08-25 17:49:33 [[32minfo[39m]: [32mEmbeddingManager cleaned up[39m
2025-08-25 17:49:33 [[32minfo[39m]: [32mCache cleared[39m
2025-08-25 17:49:33 [[32minfo[39m]: [32mSearchPerformanceOptimizer cleaned up[39m
2025-08-25 17:49:33 [[32minfo[39m]: [32mHybridScoringAlgorithm initialized[39m {
  "weights": {
    "semantic": 0.6000000000000001,
    "fuzzy": 0.30000000000000004,
    "metadata": 0.10000000000000002
  }
}
2025-08-25 17:49:33 [[32minfo[39m]: [32mSearchAnalytics initialized[39m
2025-08-25 17:49:33 [[32minfo[39m]: [32mSkipping AI model initialization (SKIP_AI_TESTS=true)[39m
2025-08-25 17:49:33 [[32minfo[39m]: [32mIndexing documents for semantic search[39m {
  "documentCount": 50
}
2025-08-25 17:49:33 [[37mdebug[39m]: [37mPerforming semantic search[39m {
  "searchId": "search_1756169373460_md168667r",
  "query": "disk space"
}
2025-08-25 17:49:33 [[37mdebug[39m]: [37mSearch recorded[39m {
  "searchId": "search_1756169373460_md168667r",
  "responseTime": "0.33ms",
  "resultCount": 0,
  "cached": false
}
2025-08-25 17:49:33 [[37mdebug[39m]: [37mPerforming semantic search[39m {
  "searchId": "search_1756169373461_lpjxzi1mj",
  "query": "memory usage"
}
2025-08-25 17:49:33 [[37mdebug[39m]: [37mSearch recorded[39m {
  "searchId": "search_1756169373461_lpjxzi1mj",
  "responseTime": "0.40ms",
  "resultCount": 0,
  "cached": false
}
2025-08-25 17:49:33 [[37mdebug[39m]: [37mPerforming semantic search[39m {
  "searchId": "search_1756169373461_mwz07sjw6",
  "query": "cpu load"
}
2025-08-25 17:49:33 [[37mdebug[39m]: [37mSearch recorded[39m {
  "searchId": "search_1756169373461_mwz07sjw6",
  "responseTime": "0.62ms",
  "resultCount": 0,
  "cached": false
}
2025-08-25 17:49:33 [[37mdebug[39m]: [37mPerforming semantic search[39m {
  "searchId": "search_1756169373462_o7dpfro99",
  "query": "network issue"
}
2025-08-25 17:49:33 [[37mdebug[39m]: [37mSearch recorded[39m {
  "searchId": "search_1756169373462_o7dpfro99",
  "responseTime": "0.99ms",
  "resultCount": 0,
  "cached": false
}
2025-08-25 17:49:33 [[37mdebug[39m]: [37mPerforming semantic search[39m {
  "searchId": "search_1756169373463_c87dbtuyn",
  "query": "database connection"
}
2025-08-25 17:49:33 [[37mdebug[39m]: [37mSearch recorded[39m {
  "searchId": "search_1756169373463_c87dbtuyn",
  "responseTime": "0.61ms",
  "resultCount": 0,
  "cached": false
}
2025-08-25 17:49:33 [[37mdebug[39m]: [37mPerforming semantic search[39m {
  "searchId": "search_1756169373463_37wuf06id",
  "query": "service restart"
}
2025-08-25 17:49:33 [[37mdebug[39m]: [37mSearch recorded[39m {
  "searchId": "search_1756169373463_37wuf06id",
  "responseTime": "1.08ms",
  "resultCount": 0,
  "cached": false
}
2025-08-25 17:49:33 [[37mdebug[39m]: [37mPerforming semantic search[39m {
  "searchId": "search_1756169373464_482n5vzin",
  "query": "error log"
}
2025-08-25 17:49:33 [[37mdebug[39m]: [37mSearch recorded[39m {
  "searchId": "search_1756169373464_482n5vzin",
  "responseTime": "0.26ms",
  "resultCount": 0,
  "cached": false
}
2025-08-25 17:49:33 [[37mdebug[39m]: [37mPerforming semantic search[39m {
  "searchId": "search_1756169373465_yv2wdwe6w",
  "query": "performance issue"
}
2025-08-25 17:49:33 [[37mdebug[39m]: [37mSearch recorded[39m {
  "searchId": "search_1756169373465_yv2wdwe6w",
  "responseTime": "0.45ms",
  "resultCount": 0,
  "cached": false
}
2025-08-25 17:49:33 [[32minfo[39m]: [32mDocument indexing completed[39m {
  "documentCount": 50,
  "indexingTime": "5.04ms"
}
2025-08-25 17:49:33 [[32minfo[39m]: [32mDocument indexing recorded[39m {
  "documentCount": 50,
  "indexingTime": "5.04ms",
  "docsPerSecond": "9929.34"
}
2025-08-25 17:49:33 [[37mdebug[39m]: [37mPerforming semantic search[39m {
  "searchId": "search_1756169373465_uxkaytl6h",
  "query": "system administration troubleshooting"
}
2025-08-25 17:49:33 [[37mdebug[39m]: [37mSearch recorded[39m {
  "searchId": "search_1756169373465_uxkaytl6h",
  "responseTime": "2.24ms",
  "resultCount": 0,
  "cached": false
}
▶ SemanticSearchEngine
  ✔ should initialize successfully (3.150917ms)
  ✔ should index documents successfully (0.856667ms)
  ✖ should perform semantic search with relevant results (2.547917ms)
  ✔ should meet performance requirements (0.948417ms)
  ✔ should handle search filters correctly (1.385709ms)
  ✖ should improve accuracy over fuzzy search (0.869458ms)
  ✔ should handle empty queries gracefully (0.590125ms)
  ✔ should handle query with no matches (0.979666ms)
  ✔ should search runbooks with context (1.04725ms)
  ✔ should provide performance metrics (1.952166ms)
  ✔ should handle concurrent searches efficiently (1.43175ms)
  ✖ should maintain memory efficiency (0.404291ms)
  ✔ should handle cleanup properly (0.924208ms)
✖ SemanticSearchEngine (17.739834ms)
▶ SemanticSearchEngine Performance Benchmarks
  ✔ should meet embedding generation performance target (1.398583ms)
  ✖ should scale efficiently with document count (7.683125ms)
✖ SemanticSearchEngine Performance Benchmarks (9.143167ms)
2025-08-25 17:49:33 [[32minfo[39m]: [32mCleaning up Semantic Search Engine[39m
2025-08-25 17:49:33 [[32minfo[39m]: [32mEmbedding cache cleared[39m
2025-08-25 17:49:33 [[32minfo[39m]: [32mEmbeddingManager cleaned up[39m
2025-08-25 17:49:33 [[32minfo[39m]: [32mCache cleared[39m
2025-08-25 17:49:33 [[32minfo[39m]: [32mSearchPerformanceOptimizer cleaned up[39m
ℹ tests 77
ℹ suites 28
ℹ pass 66
ℹ fail 11
ℹ cancelled 0
ℹ skipped 0
ℹ todo 0
ℹ duration_ms 5283.585542

✖ failing tests:

test at tests/node-test-runner/web.test.ts:13:286
✖ should extract content and follow links within depth limit (FIXED) (1.512041ms)
  AssertionError [ERR_ASSERTION]: Should crawl both main page and linked page
  
  1 !== 2
  
      at TestContext.<anonymous> (/Users/dpark/projects/github.com/pp/tests/node-test-runner/web.test.ts:231:14)
      at async Test.run (node:internal/test_runner/test:1088:7)
      at async Suite.processPendingSubtests (node:internal/test_runner/test:763:7) {
    generatedMessage: false,
    code: 'ERR_ASSERTION',
    actual: 1,
    expected: 2,
    operator: 'strictEqual',
    diff: 'simple'
  }

test at tests/node-test-runner/web.test.ts:34:585
✖ should handle HTTP errors gracefully (0.547875ms)
  AssertionError [ERR_ASSERTION]: Expected values to be strictly equal:
  
  1 !== 0
  
      at TestContext.<anonymous> (/Users/dpark/projects/github.com/pp/tests/node-test-runner/web.test.ts:244:14)
      at async Test.run (node:internal/test_runner/test:1088:7)
      at async Suite.processPendingSubtests (node:internal/test_runner/test:763:7) {
    generatedMessage: true,
    code: 'ERR_ASSERTION',
    actual: 1,
    expected: 0,
    operator: 'strictEqual',
    diff: 'simple'
  }

test at tests/node-test-runner/web.test.ts:46:124
✖ should search documents and return results (13.425041ms)
  AssertionError [ERR_ASSERTION]: Expected values to be strictly equal:
  + actual - expected
  
  + 'Untitled'
  - 'Database Performance Guide'
  
      at TestContext.<anonymous> (/Users/dpark/projects/github.com/pp/tests/node-test-runner/web.test.ts:277:14)
      at process.processTicksAndRejections (node:internal/process/task_queues:105:5)
      at async Test.run (node:internal/test_runner/test:1088:7)
      at async Promise.all (index 0)
      at async Suite.run (node:internal/test_runner/test:1485:7)
      at async Suite.processPendingSubtests (node:internal/test_runner/test:763:7) {
    generatedMessage: true,
    code: 'ERR_ASSERTION',
    actual: 'Untitled',
    expected: 'Database Performance Guide',
    operator: 'strictEqual',
    diff: 'simple'
  }

test at tests/node-test-runner/web.test.ts:46:495
✖ should return empty results for non-matching queries (5.362709ms)
  AssertionError [ERR_ASSERTION]: Expected values to be strictly equal:
  
  1 !== 0
  
      at TestContext.<anonymous> (/Users/dpark/projects/github.com/pp/tests/node-test-runner/web.test.ts:284:14)
      at process.processTicksAndRejections (node:internal/process/task_queues:105:5)
      at async Test.run (node:internal/test_runner/test:1088:7)
      at async Suite.processPendingSubtests (node:internal/test_runner/test:763:7) {
    generatedMessage: true,
    code: 'ERR_ASSERTION',
    actual: 1,
    expected: 0,
    operator: 'strictEqual',
    diff: 'simple'
  }

test at tests/node-test-runner/web.test.ts:46:689
✖ should return healthy status when base URL is accessible (0.57425ms)
  AssertionError [ERR_ASSERTION]: Expected values to be strictly equal:
  
  false !== true
  
      at TestContext.<anonymous> (/Users/dpark/projects/github.com/pp/tests/node-test-runner/web.test.ts:295:14)
      at process.processTicksAndRejections (node:internal/process/task_queues:105:5)
      at async Test.run (node:internal/test_runner/test:1088:7)
      at async Promise.all (index 0)
      at async Suite.run (node:internal/test_runner/test:1485:7)
      at async Suite.processPendingSubtests (node:internal/test_runner/test:763:7) {
    generatedMessage: true,
    code: 'ERR_ASSERTION',
    actual: false,
    expected: true,
    operator: 'strictEqual',
    diff: 'simple'
  }

test at tests/search/integration.test.ts:1:5545
✖ should enhance search results with semantic understanding (2.563042ms)
  AssertionError [ERR_ASSERTION]: Should find semantically relevant document
      at TestContext.<anonymous> (/Users/dpark/projects/github.com/pp/tests/search/integration.test.ts:245:7)
      at async Test.run (node:internal/test_runner/test:1088:7)
      at async Suite.processPendingSubtests (node:internal/test_runner/test:763:7) {
    generatedMessage: false,
    code: 'ERR_ASSERTION',
    actual: undefined,
    expected: true,
    operator: '==',
    diff: 'simple'
  }

test at tests/search/performance.test.ts:1:6065
✖ should maintain memory efficiency (1.720916ms)
  AssertionError [ERR_ASSERTION]: Should report memory usage
      at TestContext.<anonymous> (/Users/dpark/projects/github.com/pp/tests/search/performance.test.ts:229:7)
      at async Test.run (node:internal/test_runner/test:1088:7)
      at async Suite.processPendingSubtests (node:internal/test_runner/test:763:7) {
    generatedMessage: false,
    code: 'ERR_ASSERTION',
    actual: false,
    expected: true,
    operator: '==',
    diff: 'simple'
  }

test at tests/search/semantic-engine.test.ts:1:2893
✖ should perform semantic search with relevant results (2.547917ms)
  AssertionError [ERR_ASSERTION]: Should have reasonable confidence score
      at TestContext.<anonymous> (/Users/dpark/projects/github.com/pp/tests/search/semantic-engine.test.ts:137:5)
      at async Test.run (node:internal/test_runner/test:1088:7)
      at async Suite.processPendingSubtests (node:internal/test_runner/test:763:7) {
    generatedMessage: false,
    code: 'ERR_ASSERTION',
    actual: false,
    expected: true,
    operator: '==',
    diff: 'simple'
  }

test at tests/search/semantic-engine.test.ts:1:4492
✖ should improve accuracy over fuzzy search (0.869458ms)
  AssertionError [ERR_ASSERTION]: Should find semantically relevant document
      at TestContext.<anonymous> (/Users/dpark/projects/github.com/pp/tests/search/semantic-engine.test.ts:200:5)
      at async Test.run (node:internal/test_runner/test:1088:7)
      at async Suite.processPendingSubtests (node:internal/test_runner/test:763:7) {
    generatedMessage: false,
    code: 'ERR_ASSERTION',
    actual: undefined,
    expected: true,
    operator: '==',
    diff: 'simple'
  }

test at tests/search/semantic-engine.test.ts:1:7214
✖ should maintain memory efficiency (0.404291ms)
  AssertionError [ERR_ASSERTION]: Should report some memory usage
      at TestContext.<anonymous> (/Users/dpark/projects/github.com/pp/tests/search/semantic-engine.test.ts:300:5)
      at async Test.run (node:internal/test_runner/test:1088:7)
      at async Suite.processPendingSubtests (node:internal/test_runner/test:763:7) {
    generatedMessage: false,
    code: 'ERR_ASSERTION',
    actual: false,
    expected: true,
    operator: '==',
    diff: 'simple'
  }

test at tests/search/semantic-engine.test.ts:1:9003
✖ should scale efficiently with document count (7.683125ms)
  AssertionError [ERR_ASSERTION]: Should return relevant results
      at TestContext.<anonymous> (/Users/dpark/projects/github.com/pp/tests/search/semantic-engine.test.ts:400:5)
      at async Test.run (node:internal/test_runner/test:1088:7)
      at async Suite.processPendingSubtests (node:internal/test_runner/test:763:7) {
    generatedMessage: false,
    code: 'ERR_ASSERTION',
    actual: false,
    expected: true,
    operator: '==',
    diff: 'simple'
  }
